2026-06-18 08:42:11 - INFO - [spc_repository] - 🆕 [SpcRepo] 执行全量刷新 (2026-03-18 至 2026-06-18)
2026-06-18 08:42:11 - INFO - [data_loader] - ==> [DAO] 开始从底层数据库 (eda 模式) 抽取产品 M626 的 SPC 数据...
2026-06-18 08:42:11 - INFO - [data_loader] - 执行大一统多厂别 (带字典表翻译与多态映射) 的 UNION SPC SQL 查询...
2026-06-18 08:42:29 - INFO - [data_loader] - [DAO] 成功提取并清洗 1295230 条底层大宽表数据。
2026-06-18 08:42:34 - INFO - [spc_repository] - ✅ [SpcRepo] 快照保存完成！
2026-06-18 08:42:35 - INFO - [data_loader] - [DAO] 提取参数白名单 (裸查询)，产品: M626
2026-06-18 08:42:35 - INFO - [data_loader] - [DAO] 产品 M626 白名单: 136 个参数
2026-06-18 08:42:35 - INFO - [spc_repository] - [SpcRepo] 按 data_type_filter=SPC 筛选白名单: 136 → 67
2026-06-18 08:42:38 - INFO - [spc_repository] - [SpcRepo] 白名单过滤 + data_type 注入完成，有效参数 67 种。
2026-06-18 08:42:42 - INFO - [spc_repository] - ✅ [SpcRepo] COM 解密 xlsx 并另存为 CSV 成功: spc_outlier_filters.csv (shape=(19, 4))
2026-06-18 08:43:00 - INFO - [spc_repository] - 🛡️ [SpcRepo] 物理防线触发：基于数字边界剔除了 68753 个异常测量点 (来源: csv)。
2026-06-18 08:43:00 - INFO - [spc_repository] - [SpcRepo] 代理拉取 M626 规格基准线...
2026-06-18 08:43:00 - INFO - [data_loader] - 开始提取产品 M626 的管控规格基准数据...
2026-06-18 08:43:00 - INFO - [data_loader] - 执行管控规格基准 SQL 查询...
2026-06-18 08:43:01 - INFO - [data_loader] - 成功提取 171 条管控规格规则。
2026-06-18 08:43:01 - INFO - [spc_repository] - [SpcRepo] 从 YAML 加载到 1 条规格覆盖配置
2026-06-18 08:43:01 - INFO - [spc_repository] - [SpcRepo] 规格覆盖: M626-1L650-CD1 ucl: 5.45 → 5.45
2026-06-18 08:43:01 - INFO - [spc_repository] - [SpcRepo] 共成功应用 1 条规格覆盖配置
2026-06-18 08:43:02 - INFO - [spc_calculator] - 开始执行 [Phase 1] Sheet 级特征降维与规格关联...
2026-06-18 08:43:02 - INFO - [spc_calculator] - [Phase 1.1] 按点位去重: ['factory', 'prod_code', 'sheet_id', 'step_id', 'param_name', 'site_name']
2026-06-18 08:43:04 - INFO - [spc_calculator] - 去重完成: 1054983 条 -> 1054983 条
2026-06-18 08:43:04 - INFO - [spc_calculator] - [Phase 1.2] 按 Sheet 聚合计算: ['factory', 'prod_code', 'sheet_id', 'step_id', 'param_name']
2026-06-18 08:43:05 - INFO - [spc_calculator] - 特征降维完成，单点数据已压缩为 67650 条 Sheet 级特征。
2026-06-18 08:43:05 - INFO - [spc_calculator] - [Phase 1] 规格绑定成功。
2026-06-18 09:23:02 - INFO - [spc_repository] - 🚀 [SpcRepo] 命中 3 个月滚动快照，跳过数据库直连。
2026-06-18 09:23:02 - INFO - [data_loader] - [DAO] 提取参数白名单 (裸查询)，产品: M626
2026-06-18 09:23:03 - INFO - [data_loader] - [DAO] 产品 M626 白名单: 136 个参数
2026-06-18 09:23:04 - INFO - [spc_repository] - [SpcRepo] 白名单过滤 + data_type 注入完成，有效参数 136 种。
2026-06-18 09:23:06 - INFO - [spc_repository] - ✅ [SpcRepo] COM 解密 xlsx 并另存为 CSV 成功: spc_outlier_filters.csv (shape=(19, 4))
2026-06-18 09:23:21 - INFO - [spc_repository] - 🛡️ [SpcRepo] 物理防线触发：基于数字边界剔除了 68753 个异常测量点 (来源: csv)。
2026-06-18 09:23:22 - INFO - [spc_repository] - [SpcRepo] 代理拉取 M626 规格基准线...
2026-06-18 09:23:22 - INFO - [data_loader] - 开始提取产品 M626 的管控规格基准数据...
2026-06-18 09:23:22 - INFO - [data_loader] - 执行管控规格基准 SQL 查询...
2026-06-18 09:23:22 - INFO - [data_loader] - 成功提取 171 条管控规格规则。
2026-06-18 09:23:22 - INFO - [spc_repository] - [SpcRepo] 从 YAML 加载到 1 条规格覆盖配置
2026-06-18 09:23:22 - INFO - [spc_repository] - [SpcRepo] 规格覆盖: M626-1L650-CD1 ucl: 5.45 → 5.45
2026-06-18 09:23:22 - INFO - [spc_repository] - [SpcRepo] 共成功应用 1 条规格覆盖配置
2026-06-18 09:23:22 - INFO - [spc_calculator] - 开始执行 [Phase 1] Sheet 级特征降维与规格关联...
2026-06-18 09:23:22 - INFO - [spc_calculator] - [Phase 1.1] 按点位去重: ['factory', 'prod_code', 'sheet_id', 'step_id', 'param_name', 'site_name']
2026-06-18 09:23:22 - INFO - [spc_calculator] - 去重完成: 81990 条 -> 81990 条
2026-06-18 09:23:22 - INFO - [spc_calculator] - [Phase 1.2] 按 Sheet 聚合计算: ['factory', 'prod_code', 'sheet_id', 'step_id', 'param_name']
2026-06-18 09:23:22 - INFO - [spc_calculator] - 特征降维完成，单点数据已压缩为 81990 条 Sheet 级特征。
2026-06-18 09:23:22 - INFO - [spc_calculator] - [Phase 1] 规格绑定成功。
2026-06-18 09:23:22 - INFO - [spc_calculator] - 开始执行 [Phase 2] 向量化规则判定矩阵计算...
2026-06-18 09:23:22 - INFO - [spc_calculator] - [Phase 2] 规则判定完成，共生成 81990 条状态裁决。
2026-06-18 09:23:23 - INFO - [spc_calculator] - 开始执行 [Phase 1] Sheet 级特征降维与规格关联...
2026-06-18 09:23:23 - INFO - [spc_calculator] - [Phase 1.1] 按点位去重: ['factory', 'prod_code', 'sheet_id', 'step_id', 'param_name', 'site_name']
2026-06-18 09:23:24 - INFO - [spc_calculator] - 去重完成: 312861 条 -> 312861 条
2026-06-18 09:23:24 - INFO - [spc_calculator] - [Phase 1.2] 按 Sheet 聚合计算: ['factory', 'prod_code', 'sheet_id', 'step_id', 'param_name']
2026-06-18 09:23:24 - INFO - [spc_calculator] - 特征降维完成，单点数据已压缩为 9250 条 Sheet 级特征。
2026-06-18 09:23:24 - INFO - [spc_calculator] - [Phase 1] 规格绑定成功。
2026-06-18 09:23:24 - INFO - [spc_calculator] - 开始执行 [Phase 2] 向量化规则判定矩阵计算...
2026-06-18 09:23:24 - INFO - [spc_calculator] - [Phase 2] 规则判定完成，共生成 9250 条状态裁决。
2026-06-18 09:23:24 - INFO - [spc_calculator] - 开始执行 [Phase 1] Sheet 级特征降维与规格关联...
2026-06-18 09:23:24 - INFO - [spc_calculator] - [Phase 1.1] 按点位去重: ['factory', 'prod_code', 'sheet_id', 'step_id', 'param_name', 'site_name']
2026-06-18 09:23:25 - INFO - [spc_calculator] - 去重完成: 1089667 条 -> 1089667 条
2026-06-18 09:23:25 - INFO - [spc_calculator] - [Phase 1.2] 按 Sheet 聚合计算: ['factory', 'prod_code', 'sheet_id', 'step_id', 'param_name']
2026-06-18 09:23:26 - INFO - [spc_calculator] - 特征降维完成，单点数据已压缩为 68559 条 Sheet 级特征。
2026-06-18 09:23:26 - INFO - [spc_calculator] - [Phase 1] 规格绑定成功。
2026-06-18 09:23:26 - INFO - [spc_calculator] - 开始执行 [Phase 2] 向量化规则判定矩阵计算...
2026-06-18 09:23:26 - INFO - [spc_calculator] - [Phase 2] 规则判定完成，共生成 68559 条状态裁决。
2026-06-18 09:23:27 - INFO - [spc_repository] - [SpcRepo] 产品 M673 在报废数据中无记录
2026-06-18 09:23:27 - INFO - [spc_repository] - 🆕 [SpcRepo] 执行全量刷新 (2026-03-18 至 2026-06-18)
2026-06-18 09:23:27 - INFO - [data_loader] - ==> [DAO] 开始从底层数据库 (eda 模式) 抽取产品 M673 的 SPC 数据...
2026-06-18 09:23:27 - INFO - [data_loader] - 执行大一统多厂别 (带字典表翻译与多态映射) 的 UNION SPC SQL 查询...
2026-06-18 09:23:33 - INFO - [data_loader] - [DAO] 成功提取并清洗 320765 条底层大宽表数据。
2026-06-18 09:23:35 - INFO - [spc_repository] - ✅ [SpcRepo] 快照保存完成！
2026-06-18 09:23:36 - INFO - [data_loader] - [DAO] 提取参数白名单 (裸查询)，产品: M673
2026-06-18 09:23:36 - INFO - [data_loader] - [DAO] 产品 M673 白名单: 135 个参数
2026-06-18 09:23:37 - INFO - [spc_repository] - [SpcRepo] 白名单过滤 + data_type 注入完成，有效参数 135 种。
2026-06-18 09:23:38 - INFO - [spc_repository] - ✅ [SpcRepo] COM 解密 xlsx 并另存为 CSV 成功: spc_outlier_filters.csv (shape=(19, 4))
2026-06-18 09:23:44 - INFO - [spc_repository] - 🛡️ [SpcRepo] 物理防线触发：基于数字边界剔除了 24030 个异常测量点 (来源: csv)。
2026-06-18 09:23:44 - INFO - [spc_repository] - [SpcRepo] 代理拉取 M673 规格基准线...
2026-06-18 09:23:44 - INFO - [data_loader] - 开始提取产品 M673 的管控规格基准数据...
2026-06-18 09:23:44 - INFO - [data_loader] - 执行管控规格基准 SQL 查询...
2026-06-18 09:23:44 - INFO - [data_loader] - 成功提取 181 条管控规格规则。
2026-06-18 09:23:45 - INFO - [spc_calculator] - 开始执行 [Phase 1] Sheet 级特征降维与规格关联...
2026-06-18 09:23:45 - INFO - [spc_calculator] - [Phase 1.1] 按点位去重: ['factory', 'prod_code', 'sheet_id', 'step_id', 'param_name', 'site_name']
2026-06-18 09:23:45 - INFO - [spc_calculator] - 去重完成: 8727 条 -> 8727 条
2026-06-18 09:23:45 - INFO - [spc_calculator] - [Phase 1.2] 按 Sheet 聚合计算: ['factory', 'prod_code', 'sheet_id', 'step_id', 'param_name']
2026-06-18 09:23:45 - INFO - [spc_calculator] - 特征降维完成，单点数据已压缩为 8727 条 Sheet 级特征。
2026-06-18 09:23:45 - INFO - [spc_calculator] - [Phase 1] 规格绑定成功。
2026-06-18 09:23:45 - INFO - [spc_calculator] - 开始执行 [Phase 2] 向量化规则判定矩阵计算...
2026-06-18 09:23:45 - INFO - [spc_calculator] - [Phase 2] 规则判定完成，共生成 8727 条状态裁决。
2026-06-18 09:23:45 - INFO - [spc_calculator] - 开始执行 [Phase 1] Sheet 级特征降维与规格关联...
2026-06-18 09:23:45 - INFO - [spc_calculator] - [Phase 1.1] 按点位去重: ['factory', 'prod_code', 'sheet_id', 'step_id', 'param_name', 'site_name']
2026-06-18 09:23:45 - INFO - [spc_calculator] - 去重完成: 101149 条 -> 101149 条
2026-06-18 09:23:45 - INFO - [spc_calculator] - [Phase 1.2] 按 Sheet 聚合计算: ['factory', 'prod_code', 'sheet_id', 'step_id', 'param_name']
2026-06-18 09:23:45 - INFO - [spc_calculator] - 特征降维完成，单点数据已压缩为 3055 条 Sheet 级特征。
2026-06-18 09:23:45 - INFO - [spc_calculator] - [Phase 1] 规格绑定成功。
2026-06-18 09:23:46 - INFO - [spc_calculator] - 开始执行 [Phase 2] 向量化规则判定矩阵计算...
2026-06-18 09:23:46 - INFO - [spc_calculator] - [Phase 2] 规则判定完成，共生成 3055 条状态裁决。
2026-06-18 09:23:46 - INFO - [spc_calculator] - 开始执行 [Phase 1] Sheet 级特征降维与规格关联...
2026-06-18 09:23:46 - INFO - [spc_calculator] - [Phase 1.1] 按点位去重: ['factory', 'prod_code', 'sheet_id', 'step_id', 'param_name', 'site_name']
2026-06-18 09:23:47 - INFO - [spc_calculator] - 去重完成: 276256 条 -> 276256 条
2026-06-18 09:23:47 - INFO - [spc_calculator] - [Phase 1.2] 按 Sheet 聚合计算: ['factory', 'prod_code', 'sheet_id', 'step_id', 'param_name']
2026-06-18 09:23:47 - INFO - [spc_calculator] - 特征降维完成，单点数据已压缩为 23181 条 Sheet 级特征。
2026-06-18 09:23:47 - INFO - [spc_calculator] - [Phase 1] 规格绑定成功。
2026-06-18 09:23:47 - INFO - [spc_calculator] - 开始执行 [Phase 2] 向量化规则判定矩阵计算...
2026-06-18 09:23:47 - INFO - [spc_calculator] - [Phase 2] 规则判定完成，共生成 23181 条状态裁决。
2026-06-18 09:23:47 - INFO - [spc_repository] - [SpcRepo] 产品 M678 在报废数据中无记录
2026-06-18 09:23:47 - INFO - [spc_repository] - 🆕 [SpcRepo] 执行全量刷新 (2026-03-18 至 2026-06-18)
2026-06-18 09:23:47 - INFO - [data_loader] - ==> [DAO] 开始从底层数据库 (eda 模式) 抽取产品 M678 的 SPC 数据...
2026-06-18 09:23:47 - INFO - [data_loader] - 执行大一统多厂别 (带字典表翻译与多态映射) 的 UNION SPC SQL 查询...
2026-06-18 09:24:01 - INFO - [data_loader] - [DAO] 成功提取并清洗 617533 条底层大宽表数据。
2026-06-18 09:24:05 - INFO - [spc_repository] - ✅ [SpcRepo] 快照保存完成！
2026-06-18 09:24:05 - INFO - [data_loader] - [DAO] 提取参数白名单 (裸查询)，产品: M678
2026-06-18 09:24:05 - INFO - [data_loader] - [DAO] 产品 M678 白名单: 137 个参数
2026-06-18 09:24:07 - INFO - [spc_repository] - [SpcRepo] 白名单过滤 + data_type 注入完成，有效参数 137 种。
2026-06-18 09:24:08 - INFO - [spc_repository] - ✅ [SpcRepo] COM 解密 xlsx 并另存为 CSV 成功: spc_outlier_filters.csv (shape=(19, 4))
2026-06-18 09:24:23 - INFO - [spc_repository] - 🛡️ [SpcRepo] 物理防线触发：基于数字边界剔除了 29440 个异常测量点 (来源: csv)。
2026-06-18 09:24:24 - INFO - [spc_repository] - [SpcRepo] 代理拉取 M678 规格基准线...
2026-06-18 09:24:24 - INFO - [data_loader] - 开始提取产品 M678 的管控规格基准数据...
2026-06-18 09:24:24 - INFO - [data_loader] - 执行管控规格基准 SQL 查询...
2026-06-18 09:24:24 - INFO - [data_loader] - 成功提取 171 条管控规格规则。
2026-06-18 09:24:25 - INFO - [spc_calculator] - 开始执行 [Phase 1] Sheet 级特征降维与规格关联...
2026-06-18 09:24:25 - INFO - [spc_calculator] - [Phase 1.1] 按点位去重: ['factory', 'prod_code', 'sheet_id', 'step_id', 'param_name', 'site_name']
2026-06-18 09:24:25 - INFO - [spc_calculator] - 去重完成: 41965 条 -> 41965 条
2026-06-18 09:24:25 - INFO - [spc_calculator] - [Phase 1.2] 按 Sheet 聚合计算: ['factory', 'prod_code', 'sheet_id', 'step_id', 'param_name']
2026-06-18 09:24:25 - INFO - [spc_calculator] - 特征降维完成，单点数据已压缩为 41965 条 Sheet 级特征。
2026-06-18 09:24:25 - INFO - [spc_calculator] - [Phase 1] 规格绑定成功。
2026-06-18 09:24:25 - INFO - [spc_calculator] - 开始执行 [Phase 2] 向量化规则判定矩阵计算...
2026-06-18 09:24:25 - INFO - [spc_calculator] - [Phase 2] 规则判定完成，共生成 41965 条状态裁决。
2026-06-18 09:24:25 - INFO - [spc_calculator] - 开始执行 [Phase 1] Sheet 级特征降维与规格关联...
2026-06-18 09:24:25 - INFO - [spc_calculator] - [Phase 1.1] 按点位去重: ['factory', 'prod_code', 'sheet_id', 'step_id', 'param_name', 'site_name']
2026-06-18 09:24:26 - INFO - [spc_calculator] - 去重完成: 199733 条 -> 199733 条
2026-06-18 09:24:26 - INFO - [spc_calculator] - [Phase 1.2] 按 Sheet 聚合计算: ['factory', 'prod_code', 'sheet_id', 'step_id', 'param_name']
2026-06-18 09:24:26 - INFO - [spc_calculator] - 特征降维完成，单点数据已压缩为 5092 条 Sheet 级特征。
2026-06-18 09:24:26 - INFO - [spc_calculator] - [Phase 1] 规格绑定成功。
2026-06-18 09:24:26 - INFO - [spc_calculator] - 开始执行 [Phase 2] 向量化规则判定矩阵计算...
2026-06-18 09:24:26 - INFO - [spc_calculator] - [Phase 2] 规则判定完成，共生成 5092 条状态裁决。
2026-06-18 09:24:26 - INFO - [spc_calculator] - 开始执行 [Phase 1] Sheet 级特征降维与规格关联...
2026-06-18 09:24:26 - INFO - [spc_calculator] - [Phase 1.1] 按点位去重: ['factory', 'prod_code', 'sheet_id', 'step_id', 'param_name', 'site_name']
2026-06-18 09:24:27 - INFO - [spc_calculator] - 去重完成: 509644 条 -> 509644 条
2026-06-18 09:24:27 - INFO - [spc_calculator] - [Phase 1.2] 按 Sheet 聚合计算: ['factory', 'prod_code', 'sheet_id', 'step_id', 'param_name']
2026-06-18 09:24:28 - INFO - [spc_calculator] - 特征降维完成，单点数据已压缩为 30239 条 Sheet 级特征。
2026-06-18 09:24:28 - INFO - [spc_calculator] - [Phase 1] 规格绑定成功。
2026-06-18 09:24:28 - INFO - [spc_calculator] - 开始执行 [Phase 2] 向量化规则判定矩阵计算...
2026-06-18 09:24:28 - INFO - [spc_calculator] - [Phase 2] 规则判定完成，共生成 30239 条状态裁决。
2026-06-18 09:24:28 - INFO - [spc_repository] - [SpcRepo] 产品 Z571 在报废数据中无记录
2026-06-18 09:24:28 - INFO - [spc_repository] - 🆕 [SpcRepo] 执行全量刷新 (2026-03-18 至 2026-06-18)
2026-06-18 09:24:28 - INFO - [data_loader] - ==> [DAO] 开始从底层数据库 (eda 模式) 抽取产品 Z571 的 SPC 数据...
2026-06-18 09:24:28 - INFO - [data_loader] - 执行大一统多厂别 (带字典表翻译与多态映射) 的 UNION SPC SQL 查询...
2026-06-18 09:24:34 - INFO - [data_loader] - [DAO] 成功提取并清洗 264882 条底层大宽表数据。
2026-06-18 09:24:36 - INFO - [spc_repository] - ✅ [SpcRepo] 快照保存完成！
2026-06-18 09:24:36 - INFO - [data_loader] - [DAO] 提取参数白名单 (裸查询)，产品: Z571
2026-06-18 09:24:36 - INFO - [data_loader] - [DAO] 产品 Z571 白名单: 135 个参数
2026-06-18 09:24:37 - INFO - [spc_repository] - [SpcRepo] 白名单过滤 + data_type 注入完成，有效参数 135 种。
2026-06-18 09:24:38 - INFO - [spc_repository] - ✅ [SpcRepo] COM 解密 xlsx 并另存为 CSV 成功: spc_outlier_filters.csv (shape=(19, 4))
2026-06-18 09:24:47 - INFO - [spc_repository] - 🛡️ [SpcRepo] 物理防线触发：基于数字边界剔除了 10503 个异常测量点 (来源: csv)。
2026-06-18 09:24:48 - INFO - [spc_repository] - [SpcRepo] 代理拉取 Z571 规格基准线...
2026-06-18 09:24:48 - INFO - [data_loader] - 开始提取产品 Z571 的管控规格基准数据...
2026-06-18 09:24:48 - INFO - [data_loader] - 执行管控规格基准 SQL 查询...
2026-06-18 09:24:48 - INFO - [data_loader] - 成功提取 171 条管控规格规则。
2026-06-18 09:24:48 - INFO - [spc_calculator] - 开始执行 [Phase 1] Sheet 级特征降维与规格关联...
2026-06-18 09:24:48 - INFO - [spc_calculator] - [Phase 1.1] 按点位去重: ['factory', 'prod_code', 'sheet_id', 'step_id', 'param_name', 'site_name']
2026-06-18 09:24:49 - INFO - [spc_calculator] - 去重完成: 9081 条 -> 9081 条
2026-06-18 09:24:49 - INFO - [spc_calculator] - [Phase 1.2] 按 Sheet 聚合计算: ['factory', 'prod_code', 'sheet_id', 'step_id', 'param_name']
2026-06-18 09:24:49 - INFO - [spc_calculator] - 特征降维完成，单点数据已压缩为 9081 条 Sheet 级特征。
2026-06-18 09:24:49 - INFO - [spc_calculator] - [Phase 1] 规格绑定成功。
2026-06-18 09:24:49 - INFO - [spc_calculator] - 开始执行 [Phase 2] 向量化规则判定矩阵计算...
2026-06-18 09:24:49 - INFO - [spc_calculator] - [Phase 2] 规则判定完成，共生成 9081 条状态裁决。
2026-06-18 09:24:49 - INFO - [spc_calculator] - 开始执行 [Phase 1] Sheet 级特征降维与规格关联...
2026-06-18 09:24:49 - INFO - [spc_calculator] - [Phase 1.1] 按点位去重: ['factory', 'prod_code', 'sheet_id', 'step_id', 'param_name', 'site_name']
2026-06-18 09:24:49 - INFO - [spc_calculator] - 去重完成: 114617 条 -> 114617 条
2026-06-18 09:24:49 - INFO - [spc_calculator] - [Phase 1.2] 按 Sheet 聚合计算: ['factory', 'prod_code', 'sheet_id', 'step_id', 'param_name']
2026-06-18 09:24:49 - INFO - [spc_calculator] - 特征降维完成，单点数据已压缩为 2528 条 Sheet 级特征。
2026-06-18 09:24:49 - INFO - [spc_calculator] - [Phase 1] 规格绑定成功。
2026-06-18 09:24:49 - INFO - [spc_calculator] - 开始执行 [Phase 2] 向量化规则判定矩阵计算...
2026-06-18 09:24:49 - INFO - [spc_calculator] - [Phase 2] 规则判定完成，共生成 2528 条状态裁决。
2026-06-18 09:24:49 - INFO - [spc_calculator] - 开始执行 [Phase 1] Sheet 级特征降维与规格关联...
2026-06-18 09:24:49 - INFO - [spc_calculator] - [Phase 1.1] 按点位去重: ['factory', 'prod_code', 'sheet_id', 'step_id', 'param_name', 'site_name']
2026-06-18 09:24:50 - INFO - [spc_calculator] - 去重完成: 232798 条 -> 232798 条
2026-06-18 09:24:50 - INFO - [spc_calculator] - [Phase 1.2] 按 Sheet 聚合计算: ['factory', 'prod_code', 'sheet_id', 'step_id', 'param_name']
2026-06-18 09:24:50 - INFO - [spc_calculator] - 特征降维完成，单点数据已压缩为 16336 条 Sheet 级特征。
2026-06-18 09:24:50 - INFO - [spc_calculator] - [Phase 1] 规格绑定成功。
2026-06-18 09:24:50 - INFO - [spc_calculator] - 开始执行 [Phase 2] 向量化规则判定矩阵计算...
2026-06-18 09:24:50 - INFO - [spc_calculator] - [Phase 2] 规则判定完成，共生成 16336 条状态裁决。
2026-06-18 09:24:52 - INFO - [spc_service] - 📊 [Service] 原始物理 OOC 总数: 2
2026-06-18 09:24:53 - INFO - [spc_service] - 🛡️ [Service] 站点聚合前置过滤：剔除 9143 条上上个月尾气数据 (<2026-04-01)
2026-06-18 09:24:53 - INFO - [spc_calculator] - 开始执行 [Phase 3] 报表指标聚合 (按维度: step_id, 方案B: Sheet+Step+Param 组合粒度)...
2026-06-18 09:24:53 - INFO - [spc_calculator] - [Phase 3] 指标聚合完成(方案B)，成功生成 510 个时间桶的报表数据。
2026-06-18 09:24:53 - INFO - [spc_service] - 📊 [Service] 站点维度 OOC 汇总数: 2
2026-06-18 09:24:57 - INFO - [spc_calculator] - 开始执行 [Phase 3] 报表指标聚合 (按维度: time_group, 方案B: Sheet+Step+Param 组合粒度)...
2026-06-18 09:24:58 - INFO - [spc_calculator] - [Phase 3] 指标聚合完成(方案B)，成功生成 13 个时间桶的报表数据。
2026-06-18 09:24:58 - INFO - [spc_calculator] - 开始执行 [Phase 3] 报表指标聚合 (按维度: time_group, 方案B: Sheet+Step+Param 组合粒度)...
2026-06-18 09:24:58 - INFO - [spc_calculator] - [Phase 3] 指标聚合完成(方案B)，成功生成 237 个时间桶的报表数据。
