2026-06-16 09:19:13 - INFO - [logger_setup] - ✅ 企业级日志系统已启动 (用途 × 领域 二维隔离 | 午夜自动轮转)
2026-06-16 09:19:14 - INFO - [app_setup] - 环境变量已从 .env 文件加载。
2026-06-16 09:19:14 - INFO - [app_setup] - Application setup complete (logging & env initialized).
2026-06-16 09:19:14 - INFO - [session_manager] - ✅ 配置已更新并加载到 Session: M626
2026-06-16 09:19:25 - INFO - [app_setup] - 环境变量已从 .env 文件加载。
2026-06-16 09:19:25 - INFO - [app_setup] - Application setup complete (logging & env initialized).
2026-06-16 09:19:25 - INFO - [session_manager] - ✅ 配置已更新并加载到 Session: M673
2026-06-16 09:19:25 - INFO - [app_setup] - 环境变量已从 .env 文件加载。
2026-06-16 09:19:25 - INFO - [app_setup] - Application setup complete (logging & env initialized).
2026-06-16 09:21:04 - INFO - [app_setup] - 环境变量已从 .env 文件加载。
2026-06-16 09:21:04 - INFO - [app_setup] - Application setup complete (logging & env initialized).
2026-06-16 09:21:10 - INFO - [app_setup] - 环境变量已从 .env 文件加载。
2026-06-16 09:21:10 - INFO - [app_setup] - Application setup complete (logging & env initialized).
2026-06-16 09:21:18 - INFO - [app_setup] - 环境变量已从 .env 文件加载。
2026-06-16 09:21:18 - INFO - [app_setup] - Application setup complete (logging & env initialized).
2026-06-16 09:21:26 - INFO - [app_setup] - 环境变量已从 .env 文件加载。
2026-06-16 09:21:26 - INFO - [app_setup] - Application setup complete (logging & env initialized).
2026-06-16 09:21:28 - INFO - [app_setup] - 环境变量已从 .env 文件加载。
2026-06-16 09:21:28 - INFO - [app_setup] - Application setup complete (logging & env initialized).
2026-06-16 09:21:30 - INFO - [app_setup] - 环境变量已从 .env 文件加载。
2026-06-16 09:21:30 - INFO - [app_setup] - Application setup complete (logging & env initialized).
2026-06-16 09:21:34 - INFO - [app_setup] - 环境变量已从 .env 文件加载。
2026-06-16 09:21:34 - INFO - [app_setup] - Application setup complete (logging & env initialized).
2026-06-16 09:21:36 - INFO - [app_setup] - 环境变量已从 .env 文件加载。
2026-06-16 09:21:36 - INFO - [app_setup] - Application setup complete (logging & env initialized).
2026-06-16 09:21:48 - INFO - [app_setup] - 环境变量已从 .env 文件加载。
2026-06-16 09:21:48 - INFO - [app_setup] - Application setup complete (logging & env initialized).
2026-06-16 09:22:14 - INFO - [app_setup] - 环境变量已从 .env 文件加载。
2026-06-16 09:22:14 - INFO - [app_setup] - Application setup complete (logging & env initialized).
2026-06-16 09:28:49 - INFO - [app_setup] - 环境变量已从 .env 文件加载。
2026-06-16 09:28:49 - INFO - [app_setup] - Application setup complete (logging & env initialized).
2026-06-16 09:28:49 - INFO - [session_manager] - ✅ 配置已更新并加载到 Session: M626
2026-06-16 09:28:53 - INFO - [app_setup] - 环境变量已从 .env 文件加载。
2026-06-16 09:28:53 - INFO - [app_setup] - Application setup complete (logging & env initialized).
2026-06-16 09:28:53 - INFO - [session_manager] - ✅ 配置已更新并加载到 Session: M673
2026-06-16 09:28:53 - INFO - [app_setup] - 环境变量已从 .env 文件加载。
2026-06-16 09:28:53 - INFO - [app_setup] - Application setup complete (logging & env initialized).
2026-06-16 09:28:56 - INFO - [app_setup] - 环境变量已从 .env 文件加载。
2026-06-16 09:28:56 - INFO - [app_setup] - Application setup complete (logging & env initialized).
2026-06-16 09:28:59 - INFO - [app_setup] - 环境变量已从 .env 文件加载。
2026-06-16 09:28:59 - INFO - [app_setup] - Application setup complete (logging & env initialized).
2026-06-16 09:38:10 - INFO - [app_setup] - 环境变量已从 .env 文件加载。
2026-06-16 09:38:10 - INFO - [app_setup] - Application setup complete (logging & env initialized).
2026-06-16 09:38:13 - INFO - [app_setup] - 环境变量已从 .env 文件加载。
2026-06-16 09:38:13 - INFO - [app_setup] - Application setup complete (logging & env initialized).
2026-06-16 09:38:16 - INFO - [app_setup] - 环境变量已从 .env 文件加载。
2026-06-16 09:38:16 - INFO - [app_setup] - Application setup complete (logging & env initialized).
2026-06-16 09:38:20 - INFO - [app_setup] - 环境变量已从 .env 文件加载。
2026-06-16 09:38:20 - INFO - [app_setup] - Application setup complete (logging & env initialized).
2026-06-16 09:38:22 - INFO - [app_setup] - 环境变量已从 .env 文件加载。
2026-06-16 09:38:22 - INFO - [app_setup] - Application setup complete (logging & env initialized).
2026-06-16 09:38:24 - INFO - [app_setup] - 环境变量已从 .env 文件加载。
2026-06-16 09:38:24 - INFO - [app_setup] - Application setup complete (logging & env initialized).
2026-06-16 09:38:28 - INFO - [app_setup] - 环境变量已从 .env 文件加载。
2026-06-16 09:38:28 - INFO - [app_setup] - Application setup complete (logging & env initialized).
2026-06-16 10:42:19 - INFO - [app_setup] - 环境变量已从 .env 文件加载。
2026-06-16 10:42:19 - INFO - [app_setup] - Application setup complete (logging & env initialized).
2026-06-16 10:42:19 - INFO - [session_manager] - ✅ 配置已更新并加载到 Session: M626
2026-06-16 10:44:10 - INFO - [spc_dashboard] - 📊 [UI] 前端过滤后站点 OOC 总数: 8
2026-06-16 10:44:23 - INFO - [app_setup] - 环境变量已从 .env 文件加载。
2026-06-16 10:44:23 - INFO - [app_setup] - Application setup complete (logging & env initialized).
2026-06-16 10:44:23 - INFO - [spc_dashboard] - 📊 [UI] 前端过滤后站点 OOC 总数: 8
2026-06-16 10:55:06 - INFO - [app_setup] - 环境变量已从 .env 文件加载。
2026-06-16 10:55:06 - INFO - [app_setup] - Application setup complete (logging & env initialized).
2026-06-16 10:55:13 - INFO - [reloader] - 🔥 [Hot Reload] 已强制卸载 46 个后端模块，下次 import 将读取最新代码。
2026-06-16 10:55:13 - INFO - [page_header] - ♻️ [Hard Reset] 已卸载所有后端模块，下次 import 将加载最新代码。
2026-06-16 10:55:13 - INFO - [app_setup] - 环境变量已从 .env 文件加载。
2026-06-16 10:55:13 - INFO - [app_setup] - Application setup complete (logging & env initialized).
2026-06-16 10:56:40 - INFO - [app_setup] - 环境变量已从 .env 文件加载。
2026-06-16 10:56:40 - INFO - [app_setup] - Application setup complete (logging & env initialized).
2026-06-16 10:59:37 - INFO - [app_setup] - 环境变量已从 .env 文件加载。
2026-06-16 10:59:37 - INFO - [app_setup] - Application setup complete (logging & env initialized).
2026-06-16 11:00:25 - INFO - [app_setup] - 环境变量已从 .env 文件加载。
2026-06-16 11:00:25 - INFO - [app_setup] - Application setup complete (logging & env initialized).
2026-06-16 11:00:25 - INFO - [session_manager] - ⚡ 检测到配置文件变动 (M673.yaml)，触发热重载...
2026-06-16 11:00:25 - INFO - [session_manager] - ✅ 配置已更新并加载到 Session: M673
2026-06-16 11:00:56 - INFO - [app_setup] - 环境变量已从 .env 文件加载。
2026-06-16 11:00:56 - INFO - [app_setup] - Application setup complete (logging & env initialized).
2026-06-16 11:01:02 - INFO - [app_setup] - 环境变量已从 .env 文件加载。
2026-06-16 11:01:02 - INFO - [app_setup] - Application setup complete (logging & env initialized).
2026-06-16 11:01:09 - INFO - [app_setup] - 环境变量已从 .env 文件加载。
2026-06-16 11:01:09 - INFO - [app_setup] - Application setup complete (logging & env initialized).
2026-06-16 11:01:12 - INFO - [app_setup] - 环境变量已从 .env 文件加载。
2026-06-16 11:01:12 - INFO - [app_setup] - Application setup complete (logging & env initialized).
2026-06-16 11:01:15 - INFO - [app_setup] - 环境变量已从 .env 文件加载。
2026-06-16 11:01:15 - INFO - [app_setup] - Application setup complete (logging & env initialized).
2026-06-16 11:02:05 - INFO - [app_setup] - 环境变量已从 .env 文件加载。
2026-06-16 11:02:05 - INFO - [app_setup] - Application setup complete (logging & env initialized).
2026-06-16 11:02:05 - INFO - [session_manager] - ✅ 配置已更新并加载到 Session: M678
2026-06-16 11:02:05 - INFO - [app_setup] - 环境变量已从 .env 文件加载。
2026-06-16 11:02:05 - INFO - [app_setup] - Application setup complete (logging & env initialized).
2026-06-16 11:03:24 - INFO - [app_setup] - 环境变量已从 .env 文件加载。
2026-06-16 11:03:24 - INFO - [app_setup] - Application setup complete (logging & env initialized).
2026-06-16 11:03:25 - INFO - [app_setup] - 环境变量已从 .env 文件加载。
2026-06-16 11:03:25 - INFO - [app_setup] - Application setup complete (logging & env initialized).
2026-06-16 11:03:38 - INFO - [app_setup] - 环境变量已从 .env 文件加载。
2026-06-16 11:03:38 - INFO - [app_setup] - Application setup complete (logging & env initialized).
2026-06-16 11:03:38 - INFO - [session_manager] - ✅ 配置已更新并加载到 Session: M673
2026-06-16 11:03:39 - INFO - [app_setup] - 环境变量已从 .env 文件加载。
2026-06-16 11:03:39 - INFO - [app_setup] - Application setup complete (logging & env initialized).
2026-06-16 11:04:04 - INFO - [app_setup] - 环境变量已从 .env 文件加载。
2026-06-16 11:04:04 - INFO - [app_setup] - Application setup complete (logging & env initialized).
2026-06-16 11:04:06 - INFO - [app_setup] - 环境变量已从 .env 文件加载。
2026-06-16 11:04:06 - INFO - [app_setup] - Application setup complete (logging & env initialized).
2026-06-16 11:04:10 - INFO - [app_setup] - 环境变量已从 .env 文件加载。
2026-06-16 11:04:10 - INFO - [app_setup] - Application setup complete (logging & env initialized).
2026-06-16 11:04:14 - INFO - [app_setup] - 环境变量已从 .env 文件加载。
2026-06-16 11:04:14 - INFO - [app_setup] - Application setup complete (logging & env initialized).
2026-06-16 11:04:16 - INFO - [app_setup] - 环境变量已从 .env 文件加载。
2026-06-16 11:04:16 - INFO - [app_setup] - Application setup complete (logging & env initialized).
2026-06-16 11:04:18 - INFO - [app_setup] - 环境变量已从 .env 文件加载。
2026-06-16 11:04:18 - INFO - [app_setup] - Application setup complete (logging & env initialized).
2026-06-16 11:04:22 - INFO - [app_setup] - 环境变量已从 .env 文件加载。
2026-06-16 11:04:22 - INFO - [app_setup] - Application setup complete (logging & env initialized).
2026-06-16 11:06:29 - INFO - [app_setup] - 环境变量已从 .env 文件加载。
2026-06-16 11:06:29 - INFO - [app_setup] - Application setup complete (logging & env initialized).
2026-06-16 11:06:35 - INFO - [app_setup] - 环境变量已从 .env 文件加载。
2026-06-16 11:06:35 - INFO - [app_setup] - Application setup complete (logging & env initialized).
2026-06-16 11:06:39 - INFO - [app_setup] - 环境变量已从 .env 文件加载。
2026-06-16 11:06:39 - INFO - [app_setup] - Application setup complete (logging & env initialized).
2026-06-16 11:06:44 - INFO - [app_setup] - 环境变量已从 .env 文件加载。
2026-06-16 11:06:44 - INFO - [app_setup] - Application setup complete (logging & env initialized).
2026-06-16 11:07:54 - INFO - [app_setup] - 环境变量已从 .env 文件加载。
2026-06-16 11:07:54 - INFO - [app_setup] - Application setup complete (logging & env initialized).
2026-06-16 11:07:58 - INFO - [app_setup] - 环境变量已从 .env 文件加载。
2026-06-16 11:07:58 - INFO - [app_setup] - Application setup complete (logging & env initialized).
2026-06-16 11:07:58 - INFO - [session_manager] - ✅ 配置已更新并加载到 Session: M678
2026-06-16 11:07:58 - INFO - [app_setup] - 环境变量已从 .env 文件加载。
2026-06-16 11:07:58 - INFO - [app_setup] - Application setup complete (logging & env initialized).
2026-06-16 11:08:01 - INFO - [app_setup] - 环境变量已从 .env 文件加载。
2026-06-16 11:08:01 - INFO - [app_setup] - Application setup complete (logging & env initialized).
2026-06-16 11:08:04 - INFO - [app_setup] - 环境变量已从 .env 文件加载。
2026-06-16 11:08:04 - INFO - [app_setup] - Application setup complete (logging & env initialized).
2026-06-16 11:08:34 - INFO - [app_setup] - 环境变量已从 .env 文件加载。
2026-06-16 11:08:34 - INFO - [app_setup] - Application setup complete (logging & env initialized).
2026-06-16 11:49:08 - INFO - [app_setup] - 环境变量已从 .env 文件加载。
2026-06-16 11:49:08 - INFO - [app_setup] - Application setup complete (logging & env initialized).
2026-06-16 11:49:08 - INFO - [session_manager] - ✅ 配置已更新并加载到 Session: M626
2026-06-16 11:49:08 - INFO - [app_setup] - 环境变量已从 .env 文件加载。
2026-06-16 11:49:08 - INFO - [app_setup] - Application setup complete (logging & env initialized).
2026-06-16 11:49:09 - INFO - [session_manager] - ✅ 配置已更新并加载到 Session: M626
2026-06-16 11:49:11 - INFO - [app_setup] - 环境变量已从 .env 文件加载。
2026-06-16 11:49:11 - INFO - [app_setup] - Application setup complete (logging & env initialized).
2026-06-16 11:49:11 - INFO - [session_manager] - ✅ 配置已更新并加载到 Session: M673
2026-06-16 11:49:11 - INFO - [app_setup] - 环境变量已从 .env 文件加载。
2026-06-16 11:49:11 - INFO - [app_setup] - Application setup complete (logging & env initialized).
2026-06-16 11:50:08 - INFO - [app_setup] - 环境变量已从 .env 文件加载。
2026-06-16 11:50:08 - INFO - [app_setup] - Application setup complete (logging & env initialized).
2026-06-16 11:50:08 - INFO - [session_manager] - ⚡ 检测到配置文件变动 (M673.yaml)，触发热重载...
2026-06-16 11:50:09 - INFO - [session_manager] - ✅ 配置已更新并加载到 Session: M673
2026-06-16 11:50:14 - INFO - [app_setup] - 环境变量已从 .env 文件加载。
2026-06-16 11:50:14 - INFO - [app_setup] - Application setup complete (logging & env initialized).
2026-06-16 11:50:29 - INFO - [app_setup] - 环境变量已从 .env 文件加载。
2026-06-16 11:50:29 - INFO - [app_setup] - Application setup complete (logging & env initialized).
2026-06-16 11:50:29 - INFO - [session_manager] - ⚡ 检测到配置文件变动 (M673.yaml)，触发热重载...
2026-06-16 11:50:29 - INFO - [session_manager] - ✅ 配置已更新并加载到 Session: M673
2026-06-16 11:51:03 - INFO - [reloader] - 🔥 [Hot Reload] 已强制卸载 46 个后端模块，下次 import 将读取最新代码。
2026-06-16 11:51:03 - INFO - [page_header] - ♻️ [Hard Reset] 已卸载所有后端模块，下次 import 将加载最新代码。
2026-06-16 11:51:03 - INFO - [app_setup] - 环境变量已从 .env 文件加载。
2026-06-16 11:51:03 - INFO - [app_setup] - Application setup complete (logging & env initialized).
2026-06-16 11:51:03 - INFO - [session_manager] - ⚡ 检测到配置文件变动 (M673.yaml)，触发热重载...
2026-06-16 11:51:03 - INFO - [session_manager] - ✅ 配置已更新并加载到 Session: M673
2026-06-16 11:51:26 - INFO - [app_setup] - 环境变量已从 .env 文件加载。
2026-06-16 11:51:26 - INFO - [app_setup] - Application setup complete (logging & env initialized).
2026-06-16 11:51:30 - INFO - [app_setup] - 环境变量已从 .env 文件加载。
2026-06-16 11:51:30 - INFO - [app_setup] - Application setup complete (logging & env initialized).
2026-06-16 11:51:31 - INFO - [app_setup] - 环境变量已从 .env 文件加载。
2026-06-16 11:51:31 - INFO - [app_setup] - Application setup complete (logging & env initialized).
2026-06-16 11:51:33 - INFO - [app_setup] - 环境变量已从 .env 文件加载。
2026-06-16 11:51:33 - INFO - [app_setup] - Application setup complete (logging & env initialized).
2026-06-16 11:51:35 - INFO - [app_setup] - 环境变量已从 .env 文件加载。
2026-06-16 11:51:35 - INFO - [app_setup] - Application setup complete (logging & env initialized).
2026-06-16 11:51:37 - INFO - [app_setup] - 环境变量已从 .env 文件加载。
2026-06-16 11:51:37 - INFO - [app_setup] - Application setup complete (logging & env initialized).
2026-06-16 11:51:38 - INFO - [app_setup] - 环境变量已从 .env 文件加载。
2026-06-16 11:51:38 - INFO - [app_setup] - Application setup complete (logging & env initialized).
2026-06-16 11:51:40 - INFO - [app_setup] - 环境变量已从 .env 文件加载。
2026-06-16 11:51:40 - INFO - [app_setup] - Application setup complete (logging & env initialized).
2026-06-16 11:51:43 - INFO - [app_setup] - 环境变量已从 .env 文件加载。
2026-06-16 11:51:43 - INFO - [app_setup] - Application setup complete (logging & env initialized).
2026-06-16 11:51:46 - INFO - [app_setup] - 环境变量已从 .env 文件加载。
2026-06-16 11:51:46 - INFO - [app_setup] - Application setup complete (logging & env initialized).
2026-06-16 11:51:48 - INFO - [app_setup] - 环境变量已从 .env 文件加载。
2026-06-16 11:51:48 - INFO - [app_setup] - Application setup complete (logging & env initialized).
2026-06-16 11:51:51 - INFO - [app_setup] - 环境变量已从 .env 文件加载。
2026-06-16 11:51:51 - INFO - [app_setup] - Application setup complete (logging & env initialized).
2026-06-16 11:51:54 - INFO - [app_setup] - 环境变量已从 .env 文件加载。
2026-06-16 11:51:54 - INFO - [app_setup] - Application setup complete (logging & env initialized).
2026-06-16 11:51:56 - INFO - [app_setup] - 环境变量已从 .env 文件加载。
2026-06-16 11:51:56 - INFO - [app_setup] - Application setup complete (logging & env initialized).
2026-06-16 11:51:58 - INFO - [app_setup] - 环境变量已从 .env 文件加载。
2026-06-16 11:51:58 - INFO - [app_setup] - Application setup complete (logging & env initialized).
2026-06-16 11:53:05 - INFO - [reloader] - 🔥 [Hot Reload] 已强制卸载 46 个后端模块，下次 import 将读取最新代码。
2026-06-16 11:53:05 - INFO - [page_header] - ♻️ [Hard Reset] 已卸载所有后端模块，下次 import 将加载最新代码。
2026-06-16 11:53:05 - INFO - [app_setup] - 环境变量已从 .env 文件加载。
2026-06-16 11:53:05 - INFO - [app_setup] - Application setup complete (logging & env initialized).
2026-06-16 11:53:23 - INFO - [app_setup] - 环境变量已从 .env 文件加载。
2026-06-16 11:53:23 - INFO - [app_setup] - Application setup complete (logging & env initialized).
2026-06-16 11:53:44 - INFO - [app_setup] - 环境变量已从 .env 文件加载。
2026-06-16 11:53:44 - INFO - [app_setup] - Application setup complete (logging & env initialized).
2026-06-16 11:53:54 - INFO - [app_setup] - 环境变量已从 .env 文件加载。
2026-06-16 11:53:54 - INFO - [app_setup] - Application setup complete (logging & env initialized).
2026-06-16 11:54:01 - INFO - [app_setup] - 环境变量已从 .env 文件加载。
2026-06-16 11:54:01 - INFO - [app_setup] - Application setup complete (logging & env initialized).
2026-06-16 11:54:04 - INFO - [app_setup] - 环境变量已从 .env 文件加载。
2026-06-16 11:54:04 - INFO - [app_setup] - Application setup complete (logging & env initialized).
2026-06-16 11:54:06 - INFO - [app_setup] - 环境变量已从 .env 文件加载。
2026-06-16 11:54:06 - INFO - [app_setup] - Application setup complete (logging & env initialized).
2026-06-16 11:54:07 - INFO - [app_setup] - 环境变量已从 .env 文件加载。
2026-06-16 11:54:07 - INFO - [app_setup] - Application setup complete (logging & env initialized).
2026-06-16 11:54:09 - INFO - [app_setup] - 环境变量已从 .env 文件加载。
2026-06-16 11:54:09 - INFO - [app_setup] - Application setup complete (logging & env initialized).
2026-06-16 11:54:11 - INFO - [app_setup] - 环境变量已从 .env 文件加载。
2026-06-16 11:54:11 - INFO - [app_setup] - Application setup complete (logging & env initialized).
2026-06-16 11:54:13 - INFO - [app_setup] - 环境变量已从 .env 文件加载。
2026-06-16 11:54:13 - INFO - [app_setup] - Application setup complete (logging & env initialized).
2026-06-16 11:54:17 - INFO - [app_setup] - 环境变量已从 .env 文件加载。
2026-06-16 11:54:17 - INFO - [app_setup] - Application setup complete (logging & env initialized).
2026-06-16 11:54:18 - INFO - [app_setup] - 环境变量已从 .env 文件加载。
2026-06-16 11:54:18 - INFO - [app_setup] - Application setup complete (logging & env initialized).
2026-06-16 11:54:23 - INFO - [app_setup] - 环境变量已从 .env 文件加载。
2026-06-16 11:54:23 - INFO - [app_setup] - Application setup complete (logging & env initialized).
2026-06-16 11:54:25 - INFO - [app_setup] - 环境变量已从 .env 文件加载。
2026-06-16 11:54:25 - INFO - [app_setup] - Application setup complete (logging & env initialized).
2026-06-16 11:54:27 - INFO - [app_setup] - 环境变量已从 .env 文件加载。
2026-06-16 11:54:27 - INFO - [app_setup] - Application setup complete (logging & env initialized).
2026-06-16 11:54:33 - INFO - [app_setup] - 环境变量已从 .env 文件加载。
2026-06-16 11:54:33 - INFO - [app_setup] - Application setup complete (logging & env initialized).
2026-06-16 11:54:35 - INFO - [app_setup] - 环境变量已从 .env 文件加载。
2026-06-16 11:54:35 - INFO - [app_setup] - Application setup complete (logging & env initialized).
2026-06-16 11:54:36 - INFO - [app_setup] - 环境变量已从 .env 文件加载。
2026-06-16 11:54:36 - INFO - [app_setup] - Application setup complete (logging & env initialized).
2026-06-16 11:54:38 - INFO - [app_setup] - 环境变量已从 .env 文件加载。
2026-06-16 11:54:38 - INFO - [app_setup] - Application setup complete (logging & env initialized).
2026-06-16 11:54:40 - INFO - [app_setup] - 环境变量已从 .env 文件加载。
2026-06-16 11:54:40 - INFO - [app_setup] - Application setup complete (logging & env initialized).
2026-06-16 11:54:46 - INFO - [app_setup] - 环境变量已从 .env 文件加载。
2026-06-16 11:54:46 - INFO - [app_setup] - Application setup complete (logging & env initialized).
2026-06-16 11:54:46 - INFO - [session_manager] - ✅ 配置已更新并加载到 Session: M678
2026-06-16 11:54:46 - INFO - [app_setup] - 环境变量已从 .env 文件加载。
2026-06-16 11:54:46 - INFO - [app_setup] - Application setup complete (logging & env initialized).
2026-06-16 11:55:39 - INFO - [app_setup] - 环境变量已从 .env 文件加载。
2026-06-16 11:55:39 - INFO - [app_setup] - Application setup complete (logging & env initialized).
2026-06-16 11:55:43 - INFO - [app_setup] - 环境变量已从 .env 文件加载。
2026-06-16 11:55:43 - INFO - [app_setup] - Application setup complete (logging & env initialized).
2026-06-16 11:55:56 - INFO - [app_setup] - 环境变量已从 .env 文件加载。
2026-06-16 11:55:56 - INFO - [app_setup] - Application setup complete (logging & env initialized).
2026-06-16 11:55:59 - INFO - [app_setup] - 环境变量已从 .env 文件加载。
2026-06-16 11:55:59 - INFO - [app_setup] - Application setup complete (logging & env initialized).
2026-06-16 11:56:01 - INFO - [app_setup] - 环境变量已从 .env 文件加载。
2026-06-16 11:56:01 - INFO - [app_setup] - Application setup complete (logging & env initialized).
2026-06-16 11:56:25 - INFO - [app_setup] - 环境变量已从 .env 文件加载。
2026-06-16 11:56:25 - INFO - [app_setup] - Application setup complete (logging & env initialized).
2026-06-16 11:56:25 - INFO - [session_manager] - ✅ 配置已更新并加载到 Session: M626
2026-06-16 11:56:29 - INFO - [app_setup] - 环境变量已从 .env 文件加载。
2026-06-16 11:56:29 - INFO - [app_setup] - Application setup complete (logging & env initialized).
2026-06-16 11:56:29 - INFO - [session_manager] - ✅ 配置已更新并加载到 Session: M626
2026-06-16 11:56:33 - INFO - [app_setup] - 环境变量已从 .env 文件加载。
2026-06-16 11:56:33 - INFO - [app_setup] - Application setup complete (logging & env initialized).
2026-06-16 11:56:33 - INFO - [session_manager] - ✅ 配置已更新并加载到 Session: M678
2026-06-16 11:56:33 - INFO - [app_setup] - 环境变量已从 .env 文件加载。
2026-06-16 11:56:33 - INFO - [app_setup] - Application setup complete (logging & env initialized).
2026-06-16 11:56:39 - INFO - [app_setup] - 环境变量已从 .env 文件加载。
2026-06-16 11:56:39 - INFO - [app_setup] - Application setup complete (logging & env initialized).
2026-06-16 11:58:15 - INFO - [app_setup] - 环境变量已从 .env 文件加载。
2026-06-16 11:58:15 - INFO - [app_setup] - Application setup complete (logging & env initialized).
2026-06-16 11:58:15 - INFO - [session_manager] - ✅ 配置已更新并加载到 Session: M626
2026-06-16 11:58:15 - INFO - [app_setup] - 环境变量已从 .env 文件加载。
2026-06-16 11:58:15 - INFO - [app_setup] - Application setup complete (logging & env initialized).
2026-06-16 12:01:27 - INFO - [reloader] - 🔥 [Hot Reload] 已强制卸载 46 个后端模块，下次 import 将读取最新代码。
2026-06-16 12:01:27 - INFO - [page_header] - ♻️ [Hard Reset] 已卸载所有后端模块，下次 import 将加载最新代码。
2026-06-16 12:01:27 - INFO - [app_setup] - 环境变量已从 .env 文件加载。
2026-06-16 12:01:27 - INFO - [app_setup] - Application setup complete (logging & env initialized).
2026-06-16 12:01:27 - INFO - [session_manager] - ⚡ 检测到配置文件变动 (M626.yaml)，触发热重载...
2026-06-16 12:01:27 - INFO - [session_manager] - ✅ 配置已更新并加载到 Session: M626
2026-06-16 12:03:12 - INFO - [app_setup] - 环境变量已从 .env 文件加载。
2026-06-16 12:03:12 - INFO - [app_setup] - Application setup complete (logging & env initialized).
2026-06-16 12:03:15 - INFO - [app_setup] - 环境变量已从 .env 文件加载。
2026-06-16 12:03:15 - INFO - [app_setup] - Application setup complete (logging & env initialized).
2026-06-16 12:03:41 - INFO - [app_setup] - 环境变量已从 .env 文件加载。
2026-06-16 12:03:41 - INFO - [app_setup] - Application setup complete (logging & env initialized).
2026-06-16 12:03:41 - INFO - [session_manager] - ⚡ 检测到配置文件变动 (M626.yaml)，触发热重载...
2026-06-16 12:03:41 - INFO - [session_manager] - ✅ 配置已更新并加载到 Session: M626
2026-06-16 12:05:48 - INFO - [app_setup] - 环境变量已从 .env 文件加载。
2026-06-16 12:05:48 - INFO - [app_setup] - Application setup complete (logging & env initialized).
2026-06-16 12:05:51 - INFO - [app_setup] - 环境变量已从 .env 文件加载。
2026-06-16 12:05:51 - INFO - [app_setup] - Application setup complete (logging & env initialized).
2026-06-16 12:06:07 - INFO - [app_setup] - 环境变量已从 .env 文件加载。
2026-06-16 12:06:07 - INFO - [app_setup] - Application setup complete (logging & env initialized).
2026-06-16 12:06:09 - INFO - [app_setup] - 环境变量已从 .env 文件加载。
2026-06-16 12:06:09 - INFO - [app_setup] - Application setup complete (logging & env initialized).
2026-06-16 12:17:45 - INFO - [app_setup] - 环境变量已从 .env 文件加载。
2026-06-16 12:17:45 - INFO - [app_setup] - Application setup complete (logging & env initialized).
2026-06-16 12:19:07 - INFO - [app_setup] - 环境变量已从 .env 文件加载。
2026-06-16 12:19:07 - INFO - [app_setup] - Application setup complete (logging & env initialized).
2026-06-16 12:29:18 - INFO - [app_setup] - 环境变量已从 .env 文件加载。
2026-06-16 12:29:18 - INFO - [app_setup] - Application setup complete (logging & env initialized).
2026-06-16 12:29:18 - INFO - [session_manager] - ⚡ 检测到配置文件变动 (M626.yaml)，触发热重载...
2026-06-16 12:29:18 - INFO - [session_manager] - ✅ 配置已更新并加载到 Session: M626
2026-06-16 12:29:24 - INFO - [app_setup] - 环境变量已从 .env 文件加载。
2026-06-16 12:29:24 - INFO - [app_setup] - Application setup complete (logging & env initialized).
2026-06-16 12:29:26 - INFO - [app_setup] - 环境变量已从 .env 文件加载。
2026-06-16 12:29:26 - INFO - [app_setup] - Application setup complete (logging & env initialized).
2026-06-16 12:29:29 - INFO - [app_setup] - 环境变量已从 .env 文件加载。
2026-06-16 12:29:29 - INFO - [app_setup] - Application setup complete (logging & env initialized).
2026-06-16 12:29:31 - INFO - [app_setup] - 环境变量已从 .env 文件加载。
2026-06-16 12:29:31 - INFO - [app_setup] - Application setup complete (logging & env initialized).
2026-06-16 12:29:34 - INFO - [app_setup] - 环境变量已从 .env 文件加载。
2026-06-16 12:29:34 - INFO - [app_setup] - Application setup complete (logging & env initialized).
2026-06-16 12:29:37 - INFO - [app_setup] - 环境变量已从 .env 文件加载。
2026-06-16 12:29:37 - INFO - [app_setup] - Application setup complete (logging & env initialized).
2026-06-16 12:30:20 - INFO - [app_setup] - 环境变量已从 .env 文件加载。
2026-06-16 12:30:20 - INFO - [app_setup] - Application setup complete (logging & env initialized).
2026-06-16 12:30:24 - INFO - [app_setup] - 环境变量已从 .env 文件加载。
2026-06-16 12:30:24 - INFO - [app_setup] - Application setup complete (logging & env initialized).
2026-06-16 12:30:27 - INFO - [app_setup] - 环境变量已从 .env 文件加载。
2026-06-16 12:30:27 - INFO - [app_setup] - Application setup complete (logging & env initialized).
2026-06-16 12:30:30 - INFO - [app_setup] - 环境变量已从 .env 文件加载。
2026-06-16 12:30:30 - INFO - [app_setup] - Application setup complete (logging & env initialized).
2026-06-16 12:30:34 - INFO - [app_setup] - 环境变量已从 .env 文件加载。
2026-06-16 12:30:34 - INFO - [app_setup] - Application setup complete (logging & env initialized).
2026-06-16 12:30:36 - INFO - [app_setup] - 环境变量已从 .env 文件加载。
2026-06-16 12:30:36 - INFO - [app_setup] - Application setup complete (logging & env initialized).
2026-06-16 12:30:38 - INFO - [app_setup] - 环境变量已从 .env 文件加载。
2026-06-16 12:30:38 - INFO - [app_setup] - Application setup complete (logging & env initialized).
2026-06-16 12:30:41 - INFO - [app_setup] - 环境变量已从 .env 文件加载。
2026-06-16 12:30:41 - INFO - [app_setup] - Application setup complete (logging & env initialized).
2026-06-16 12:31:32 - INFO - [app_setup] - 环境变量已从 .env 文件加载。
2026-06-16 12:31:32 - INFO - [app_setup] - Application setup complete (logging & env initialized).
2026-06-16 12:33:17 - INFO - [app_setup] - 环境变量已从 .env 文件加载。
2026-06-16 12:33:17 - INFO - [app_setup] - Application setup complete (logging & env initialized).
2026-06-16 12:34:15 - INFO - [app_setup] - 环境变量已从 .env 文件加载。
2026-06-16 12:34:15 - INFO - [app_setup] - Application setup complete (logging & env initialized).
2026-06-16 14:07:41 - INFO - [app_setup] - 环境变量已从 .env 文件加载。
2026-06-16 14:07:41 - INFO - [app_setup] - Application setup complete (logging & env initialized).
2026-06-16 14:07:56 - INFO - [app_setup] - 环境变量已从 .env 文件加载。
2026-06-16 14:07:56 - INFO - [app_setup] - Application setup complete (logging & env initialized).
2026-06-16 14:08:03 - INFO - [app_setup] - 环境变量已从 .env 文件加载。
2026-06-16 14:08:03 - INFO - [app_setup] - Application setup complete (logging & env initialized).
2026-06-16 14:10:39 - INFO - [app_setup] - 环境变量已从 .env 文件加载。
2026-06-16 14:10:39 - INFO - [app_setup] - Application setup complete (logging & env initialized).
2026-06-16 14:38:50 - INFO - [reloader] - 🔥 [Hot Reload] 已强制卸载 3 个后端模块，下次 import 将读取最新代码。
2026-06-16 14:38:50 - INFO - [page_header] - ♻️ [Hard Reset] 已卸载所有后端模块，下次 import 将加载最新代码。
2026-06-16 14:38:51 - INFO - [app_setup] - 环境变量已从 .env 文件加载。
2026-06-16 14:38:51 - INFO - [app_setup] - Application setup complete (logging & env initialized).
2026-06-16 14:40:29 - INFO - [app_setup] - 环境变量已从 .env 文件加载。
2026-06-16 14:40:29 - INFO - [app_setup] - Application setup complete (logging & env initialized).
2026-06-16 14:40:29 - INFO - [session_manager] - ✅ 配置已更新并加载到 Session: M626
2026-06-16 14:41:02 - INFO - [app_setup] - 环境变量已从 .env 文件加载。
2026-06-16 14:41:02 - INFO - [app_setup] - Application setup complete (logging & env initialized).
2026-06-16 14:41:23 - INFO - [reloader] - 🔥 [Hot Reload] 已强制卸载 46 个后端模块，下次 import 将读取最新代码。
2026-06-16 14:41:23 - INFO - [page_header] - ♻️ [Hard Reset] 已卸载所有后端模块，下次 import 将加载最新代码。
2026-06-16 14:41:24 - INFO - [app_setup] - 环境变量已从 .env 文件加载。
2026-06-16 14:41:24 - INFO - [app_setup] - Application setup complete (logging & env initialized).
2026-06-16 14:47:30 - INFO - [app_setup] - 环境变量已从 .env 文件加载。
2026-06-16 14:47:30 - INFO - [app_setup] - Application setup complete (logging & env initialized).
