2026-05-08 10:46:20 - INFO - [yield_service] - --- [L1 Cache Miss] 加载原始 Panel 数据... ---
2026-05-08 10:46:21 - INFO - [yield_repository] - ⏰ [YieldRepo] 缓存已过期 (年龄 23.0h)，准备执行增量更新。
2026-05-08 10:46:21 - INFO - [yield_repository] - 🔄 [YieldRepo] 执行增量更新 (Safe Overwrite)...
2026-05-08 10:46:21 - INFO - [data_loader] - 开始从数据库提取原始数据 (V3.1)...
2026-05-08 10:46:21 - INFO - [data_loader] - 正在执行SQL查询 (已移除DB端排序)...
2026-05-08 10:46:28 - INFO - [data_loader] - 🛡️ [数据清洗] 已抹除 454 条非目标 Defect 记录 (Target: ['Array_Line', 'Array_Pixel', 'Array_Mura', 'OLED_Mura'])。
2026-05-08 10:46:28 - INFO - [data_loader] - 成功提取并清洗 7126 行数据。
2026-05-08 10:46:28 - INFO - [yield_repository] -    >> 合并: 缓存(856263) + 增量(7126)
2026-05-08 10:46:30 - INFO - [yield_repository] - 💾 [Repo] 快照已更新 (Rolling Window)。
2026-05-08 10:46:30 - INFO - [yield_repository] - 🛡️ [Repository] 命中缓存后清洗：已抹除 17617 条非目标 Group 记录 (Target: ['Array_Line', 'Array_Pixel', 'Array_Mura', 'OLED_Mura'])。
2026-05-08 10:46:30 - INFO - [yield_service] - [CACHE_DEBUG] get_modified_panel_details 被执行, defect_multipliers={'S向亮线': 0.4, 'S向单暗线': 0.6, 'G向单亮线': 0.5, '群暗点': 0.7, 'S向ELA Mura': 0, 'G向ELA Mura': 0, '常亮白斑': 0, '彩斑Mura': 0.3, 'S向边缘Mura': 0.5}
2026-05-08 10:46:30 - INFO - [yield_service] - 应用缺陷衰减...
2026-05-08 10:46:30 - INFO - [defect_modifier] - 开始应用不良倍率调整: {'S向亮线': 0.4, 'S向单暗线': 0.6, 'G向单亮线': 0.5, '群暗点': 0.7, 'S向ELA Mura': 0, 'G向ELA Mura': 0, '常亮白斑': 0, '彩斑Mura': 0.3, 'S向边缘Mura': 0.5}
2026-05-08 10:46:30 - INFO - [defect_modifier] - Code 'S向亮线': 不良数从 4772 下调至 1908 (倍率: 0.4)。
2026-05-08 10:46:30 - INFO - [defect_modifier] - Code 'S向单暗线': 不良数从 2653 下调至 1591 (倍率: 0.6)。
2026-05-08 10:46:30 - INFO - [defect_modifier] - Code 'G向单亮线': 不良数从 704 下调至 352 (倍率: 0.5)。
2026-05-08 10:46:30 - INFO - [defect_modifier] - Code '群暗点': 不良数从 3944 下调至 2760 (倍率: 0.7)。
2026-05-08 10:46:30 - INFO - [defect_modifier] - Code 'S向ELA Mura': 不良数从 14 下调至 0 (倍率: 0)。
2026-05-08 10:46:30 - INFO - [defect_modifier] - Code 'G向ELA Mura': 不良数从 44 下调至 0 (倍率: 0)。
2026-05-08 10:46:30 - INFO - [defect_modifier] - Code '常亮白斑': 不良数从 586 下调至 0 (倍率: 0)。
2026-05-08 10:46:30 - INFO - [defect_modifier] - Code '彩斑Mura': 不良数从 2489 下调至 746 (倍率: 0.3)。
2026-05-08 10:46:30 - INFO - [defect_modifier] - Code 'S向边缘Mura': 不良数从 124 下调至 62 (倍率: 0.5)。
2026-05-08 10:46:31 - INFO - [defect_modifier] - 不良倍率调整完成，数据从 856505 行变为 848594 行。
2026-05-08 10:46:32 - INFO - [yield_service] - Excel 已在内存中清洗为纯文本矩阵，形状: (44, 5)
2026-05-08 10:46:32 - INFO - [yield_service] - ✅ 警戒线加载成功，共提取 42 条配置 (含上下限)。
2026-05-08 10:46:32 - INFO - [mwd_trend_processor] - Code级趋势分析 (模式: 大一统混合流水线 Unified Hybrid Pipeline)...
2026-05-08 10:46:32 - INFO - [mwd_trend_processor] - [Code Raw Data] 目标截止日期: 2026-05-08, 数据实际最大日期: 2026-05-08
2026-05-08 10:46:34 - INFO - [mwd_trend_processor] - [Baseline Generator] Code 基准已增量补充至: resources\M626\M626_codebaseline.xlsx (共 58 个 Codes)
2026-05-08 10:46:34 - INFO - [trend_regulator] - 启动 Code 级智能趋势调节器 (单一职责：底层向量化区间截断)...
2026-05-08 10:46:34 - INFO - [trend_regulator] - [daily 维度] 向量化截断完成：压制超标 141 处，托底过低 293 处。
2026-05-08 10:46:34 - INFO - [mwd_trend_processor] - 检测到人工覆盖指令，仅对以下目标启动重塑: ['群亮点', '群暗点', '彩斑Mura', '暗点', 'S向亮线', 'S向棱形彩色带状Mura', 'S向单暗线', 'G向单暗线', 'B暗点', '白画面黑斑Mura']
2026-05-08 10:46:34 - INFO - [mwd_trend_processor] - Group级趋势分析 (模式: 大一统混合流水线 Unified Hybrid Pipeline)...
2026-05-08 10:46:35 - INFO - [mwd_trend_processor] - [Group Raw Data] 目标截止日期: 2026-05-08, 数据实际最大日期: 2026-05-08
2026-05-08 10:46:35 - INFO - [mwd_trend_processor] - ========== [DEBUG: 数据源时间边界排查] ==========
2026-05-08 10:46:35 - INFO - [mwd_trend_processor] - 提取的数据总行数: 848594
2026-05-08 10:46:35 - INFO - [mwd_trend_processor] - 数据源中【实际存在的最后日期】: 2026-05-08
2026-05-08 10:46:35 - INFO - [mwd_trend_processor] - 最终使用的【截止日期】: 2026-05-08
2026-05-08 10:46:35 - INFO - [mwd_trend_processor] - 数据源中最近的 5 个有效日期: ['2026-05-04', '2026-05-05', '2026-05-06', '2026-05-07', '2026-05-08']
2026-05-08 10:46:36 - INFO - [mwd_trend_processor] - [覆盖逻辑] ✓ 应用覆盖: Array_Line @ 2026-W06: rate: 0.0095
2026-05-08 10:46:36 - INFO - [mwd_trend_processor] - [覆盖逻辑] ✓ 应用覆盖: Array_Line @ 2026-W07: rate: 0.01
2026-05-08 10:46:36 - INFO - [mwd_trend_processor] - [覆盖逻辑] ✓ 应用覆盖: Array_Line @ 2026-W08: rate: 0.0105
2026-05-08 10:46:36 - INFO - [mwd_trend_processor] - [覆盖逻辑] ✓ 应用覆盖: Array_Line @ 2026-W09: rate: 0.011
2026-05-08 10:46:36 - INFO - [mwd_trend_processor] - [覆盖逻辑] ✓ 应用覆盖: Array_Line @ 2026-W10: rate: 0.0107
2026-05-08 10:46:36 - INFO - [mwd_trend_processor] - [覆盖逻辑] ✓ 应用覆盖: Array_Line @ 2026-W11: rate: 0.0102
2026-05-08 10:46:36 - INFO - [mwd_trend_processor] - [覆盖逻辑] ✓ 应用覆盖: Array_Line @ 2026-W12: rate: 0.0102
2026-05-08 10:46:36 - INFO - [mwd_trend_processor] - [覆盖逻辑] ✓ 应用覆盖: Array_Line @ 2026-W13: rate: 0.01
2026-05-08 10:46:36 - INFO - [mwd_trend_processor] - [覆盖逻辑] ✓ 应用覆盖: Array_Line @ 2026-W14: rate: 0.0102
2026-05-08 10:46:36 - INFO - [mwd_trend_processor] - [覆盖逻辑] ✓ 应用覆盖: Array_Line @ 2026-W15: rate: 0.0105
2026-05-08 10:46:36 - INFO - [mwd_trend_processor] - [覆盖逻辑] 缺陷组 'Array_Mura' 没有覆盖配置
2026-05-08 10:46:36 - INFO - [mwd_trend_processor] - [覆盖逻辑] ✓ 应用覆盖: Array_Pixel @ 2026-W06: rate: 0.0107
2026-05-08 10:46:36 - INFO - [mwd_trend_processor] - [覆盖逻辑] ✓ 应用覆盖: Array_Pixel @ 2026-W07: rate: 0.0091
2026-05-08 10:46:36 - INFO - [mwd_trend_processor] - [覆盖逻辑] ✓ 应用覆盖: Array_Pixel @ 2026-W08: rate: 0.0183
2026-05-08 10:46:36 - INFO - [mwd_trend_processor] - [覆盖逻辑] ✓ 应用覆盖: Array_Pixel @ 2026-W09: rate: 0.009
2026-05-08 10:46:36 - INFO - [mwd_trend_processor] - [覆盖逻辑] ✓ 应用覆盖: Array_Pixel @ 2026-W10: rate: 0.0089
2026-05-08 10:46:36 - INFO - [mwd_trend_processor] - [覆盖逻辑] ✓ 应用覆盖: Array_Pixel @ 2026-W11: rate: 0.0094
2026-05-08 10:46:36 - INFO - [mwd_trend_processor] - [覆盖逻辑] ✓ 应用覆盖: Array_Pixel @ 2026-W12: rate: 0.0089
2026-05-08 10:46:36 - INFO - [mwd_trend_processor] - [覆盖逻辑] ✓ 应用覆盖: Array_Pixel @ 2026-W13: rate: 0.0091
2026-05-08 10:46:36 - INFO - [mwd_trend_processor] - [覆盖逻辑] ✓ 应用覆盖: Array_Pixel @ 2026-W14: rate: 0.0092
2026-05-08 10:46:36 - INFO - [mwd_trend_processor] - [覆盖逻辑] ✓ 应用覆盖: Array_Pixel @ 2026-W15: rate: 0.0092
2026-05-08 10:46:36 - INFO - [mwd_trend_processor] - [覆盖逻辑] ✓ 应用覆盖: Array_Pixel @ 2026-W16: rate: 0.0093
2026-05-08 10:46:36 - INFO - [mwd_trend_processor] - [覆盖逻辑] ✓ 应用覆盖: OLED_Mura @ 2026-W06: rate: 0.0027
2026-05-08 10:46:36 - INFO - [mwd_trend_processor] - [覆盖逻辑] ✓ 应用覆盖: OLED_Mura @ 2026-W07: rate: 0.0023
2026-05-08 10:46:36 - INFO - [mwd_trend_processor] - [覆盖逻辑] ✓ 应用覆盖: OLED_Mura @ 2026-W08: rate: 0.0037
2026-05-08 10:46:36 - INFO - [mwd_trend_processor] - [覆盖逻辑] ✓ 应用覆盖: OLED_Mura @ 2026-W09: rate: 0.0019
2026-05-08 10:46:36 - INFO - [mwd_trend_processor] - [覆盖逻辑] ✓ 应用覆盖: OLED_Mura @ 2026-W10: rate: 0.0018
2026-05-08 10:46:36 - INFO - [mwd_trend_processor] - [覆盖逻辑] ✓ 应用覆盖: OLED_Mura @ 2026-W11: rate: 0.0021
2026-05-08 10:46:36 - INFO - [mwd_trend_processor] - [覆盖逻辑] ✓ 应用覆盖: OLED_Mura @ 2026-W12: rate: 0.002
2026-05-08 10:46:36 - INFO - [mwd_trend_processor] - [覆盖逻辑] ✓ 应用覆盖: OLED_Mura @ 2026-W13: rate: 0.0018
2026-05-08 10:46:36 - INFO - [mwd_trend_processor] - [覆盖逻辑] ✓ 应用覆盖: OLED_Mura @ 2026-W15: rate: 0.0018
2026-05-08 10:46:36 - INFO - [mwd_trend_processor] - 检测到人工覆盖指令，仅对以下目标启动重塑: ['Array_Line', 'Array_Pixel', 'OLED_Mura']
2026-05-08 10:46:36 - INFO - [mwd_trend_processor] - [覆盖逻辑] 缺陷组 'Array_Mura' 没有覆盖配置
2026-05-08 10:46:37 - INFO - [mwd_trend_processor] - Code级趋势分析 (模式: 大一统混合流水线 Unified Hybrid Pipeline)...
2026-05-08 10:46:37 - INFO - [mwd_trend_processor] - [Code Raw Data] 目标截止日期: 2026-05-08, 数据实际最大日期: 2026-05-08
2026-05-08 10:46:39 - INFO - [mwd_trend_processor] - [Baseline Generator] Code 基准已增量补充至: resources\M626\M626_codebaseline.xlsx (共 58 个 Codes)
2026-05-08 10:46:39 - INFO - [trend_regulator] - 启动 Code 级智能趋势调节器 (单一职责：底层向量化区间截断)...
2026-05-08 10:46:39 - INFO - [trend_regulator] - [daily 维度] 向量化截断完成：压制超标 141 处，托底过低 293 处。
2026-05-08 10:46:39 - INFO - [mwd_trend_processor] - 检测到人工覆盖指令，仅对以下目标启动重塑: ['群亮点', '群暗点', '彩斑Mura', '暗点', 'S向亮线', 'S向棱形彩色带状Mura', 'S向单暗线', 'G向单暗线', 'B暗点', '白画面黑斑Mura']
2026-05-08 10:46:39 - INFO - [yield_service] - --- [Cache Miss] 计算 Lot 级良率... ---
2026-05-08 10:46:39 - INFO - [data_loader] - 开始为 191 个Lot提取阵列投入时间...
2026-05-08 10:46:42 - INFO - [data_loader] - 成功提取 5730 条Sheet的阵列投入时间记录。
2026-05-08 10:46:42 - INFO - [sheet_lot_processor] - 开始Lot级计算 (独立模拟 -> 截断 -> 覆盖 模式)...
2026-05-08 10:46:43 - INFO - [sheet_lot_processor] - 成功聚合了 191 个 Lot 的基础信息 (含 array_input_time)。
2026-05-08 10:46:43 - INFO - [sheet_lot_processor] - 开始进行Lot过货率筛选 (阈值 >= 20.0%)...
2026-05-08 10:46:43 - INFO - [sheet_lot_processor] - 过货率筛选完成：从 191 个Lot中筛选出 153 个。
2026-05-08 10:46:43 - INFO - [sheet_lot_processor] - 开始计算lot_id级原始不良率 (回归原始逻辑)...
2026-05-08 10:46:43 - INFO - [sheet_lot_processor] - 开始执行 lot_id 级不良率模拟调度 (V4.3 - 微观扰动版)...
2026-05-08 10:46:43 - INFO - [sheet_lot_processor] - ✅ [DEBUG] Lot 模拟分配明细已导出至: D:\wzy\Python\vivo-project\logs\sheet_lot_processor-lot_rate.csv
2026-05-08 10:46:43 - INFO - [sheet_lot_processor] - 开始对 Code 级不良率进行精准 Spec 截断处理...
2026-05-08 10:46:43 - INFO - [sheet_lot_processor] - Code 级不良率精准截断/托底处理完成。
2026-05-08 10:46:43 - INFO - [sheet_lot_processor] - --- [COM Loader] 开始加载覆盖数据 (文件: 'M626_override_rates.xlsx') ---
2026-05-08 10:46:43 - INFO - [sheet_lot_processor] - [COM] 正在启动 Excel 应用程序实例...
2026-05-08 10:46:45 - INFO - [sheet_lot_processor] - [COM] 正在打开工作簿: D:\wzy\Python\vivo-project\resources\M626\M626_override_rates.xlsx
2026-05-08 10:46:45 - INFO - [sheet_lot_processor] - [COM] 成功通过 Excel 提取数据，共 19 行。
2026-05-08 10:46:45 - INFO - [sheet_lot_processor] - 开始使用启发式公式计算 Lot 级覆盖不良率...
2026-05-08 10:46:46 - INFO - [sheet_lot_processor] - Lot 级覆盖率计算完成，共计算 5 条记录。
2026-05-08 10:46:46 - INFO - [sheet_lot_processor] - 成功构建了 51 条 Desc -> Group 映射。
2026-05-08 10:46:46 - INFO - [sheet_lot_processor] - 开始使用外部数据覆盖 lot_id 级别的不良率 (严格审查模式)...
2026-05-08 10:46:46 - INFO - [sheet_lot_processor] - 覆盖审计完成: Excel中共配置 5 个ID，成功应用 0 个，拦截防呆 5 个。
2026-05-08 10:46:46 - WARNING - [sheet_lot_processor] - ========== [物理防呆拦截名单] ==========
2026-05-08 10:46:46 - WARNING - [sheet_lot_processor] - 以下 ID 由于在当前数据底座中不存在，已被系统拒绝凭空捏造: ['L3MR5A083', 'L3MR5A0B0', 'L3MR5A0BR', 'L3MR5C030', 'L3MR5C037']
2026-05-08 10:46:46 - WARNING - [sheet_lot_processor] - =======================================
2026-05-08 10:46:46 - INFO - [sheet_lot_processor] - 模拟/覆盖完成，正在重新聚合 lot_id 的 Group 级数据 (含基础信息完整性检查)...
2026-05-08 10:46:46 - INFO - [yield_service] - --- [Cache Miss] 计算 Sheet 级良率... ---
2026-05-08 10:46:46 - INFO - [sheet_lot_processor] - 开始Sheet级计算 (Lot局域分发 -> 覆盖 模式)...
2026-05-08 10:46:46 - INFO - [sheet_lot_processor] - 开始进行sheet过货率筛选 (阈值 >= 0.0%)...
2026-05-08 10:46:46 - INFO - [sheet_lot_processor] - 过货率筛选完成：从 5337 个sheet中筛选出 5337 个。
2026-05-08 10:46:47 - INFO - [sheet_lot_processor] - 开始计算sheet_id级原始不良率 (回归原始逻辑)...
2026-05-08 10:46:47 - INFO - [sheet_lot_processor] - 开始执行 Sheet 级不良发牌调度 (Lot -> Sheet 泊松自然散布 V5.3)...
2026-05-08 10:46:48 - INFO - [sheet_lot_processor] - --- [COM Loader] 开始加载覆盖数据 (文件: 'M626_override_rates.xlsx') ---
2026-05-08 10:46:48 - INFO - [sheet_lot_processor] - [COM] 正在启动 Excel 应用程序实例...
2026-05-08 10:46:48 - INFO - [sheet_lot_processor] - [COM] 正在打开工作簿: D:\wzy\Python\vivo-project\resources\M626\M626_override_rates.xlsx
2026-05-08 10:46:49 - INFO - [sheet_lot_processor] - [COM] 成功通过 Excel 提取数据，共 19 行。
2026-05-08 10:46:49 - INFO - [sheet_lot_processor] - 成功构建了 51 条 Desc -> Group 映射。
2026-05-08 10:46:49 - INFO - [sheet_lot_processor] - 开始使用外部数据覆盖 sheet_id 级别的不良率 (严格审查模式)...
2026-05-08 10:46:49 - WARNING - [sheet_lot_processor] - !!! [追踪] 发现 Excel 指令 ID: L3MR5A0B023
2026-05-08 10:46:49 - WARNING - [sheet_lot_processor] -     - 缺陷描述: 'S向亮线'
2026-05-08 10:46:49 - ERROR - [sheet_lot_processor] -     -> [拦截] 实体 'L3MR5A0B023' 在当前数据底座中物理不存在！拒绝凭空捏造。
2026-05-08 10:46:49 - WARNING - [sheet_lot_processor] - !!! [追踪] 发现 Excel 指令 ID: L3MR5A0B026
2026-05-08 10:46:49 - WARNING - [sheet_lot_processor] -     - 缺陷描述: 'S向亮线'
2026-05-08 10:46:49 - ERROR - [sheet_lot_processor] -     -> [拦截] 实体 'L3MR5A0B026' 在当前数据底座中物理不存在！拒绝凭空捏造。
2026-05-08 10:46:49 - INFO - [sheet_lot_processor] - 覆盖审计完成: Excel中共配置 18 个ID，成功应用 0 个，拦截防呆 18 个。
2026-05-08 10:46:49 - WARNING - [sheet_lot_processor] - ========== [物理防呆拦截名单] ==========
2026-05-08 10:46:49 - WARNING - [sheet_lot_processor] - 以下 ID 由于在当前数据底座中不存在，已被系统拒绝凭空捏造: ['L3MR5A08321', 'L3MR5A08324', 'L3MR5A0B023', 'L3MR5A0B026', 'L3MR5A0B029', 'L3MR5A0BR02', 'L3MR5A0BR05', 'L3MR5A0BR08', 'L3MR5A0BR11', 'L3MR5A0BR14', 'L3MR5A0BR17', 'L3MR5A0BR20', 'L3MR5A0BR23', 'L3MR5A0BR26', 'L3MR5A0BR29', 'L3MR5C03010', 'L3MR5C03013', 'L3MR5C03716']
2026-05-08 10:46:49 - WARNING - [sheet_lot_processor] - =======================================
2026-05-08 10:46:49 - INFO - [sheet_lot_processor] - 模拟/覆盖完成，正在重新聚合 sheet_id 的 Group 级数据 (含基础信息完整性检查)...
2026-05-08 10:46:49 - INFO - [sheet_lot_processor] - Sheet级计算完成。
2026-05-08 10:46:50 - INFO - [mapping_processor] - 开始为Mapping图准备数据 (Rate-Based Mode, 阈值=0)...
2026-05-08 10:46:50 - INFO - [mapping_processor] - 处理批次顺序 (Old->New): ['26/02/16蒸镀批', '26/03/10蒸镀批', '26/03/30蒸镀批', '26/04/07蒸镀批', '26/04/29蒸镀批']
2026-05-08 10:47:08 - INFO - [mapping_processor] - 为批次 26/02/16蒸镀批 (Code: 白画面黑斑Mura) 应用匹配的Mapping热点修饰脚本...
2026-05-08 10:47:08 - INFO - [mapping_processor] - 应用“倍率”模式: 高发区(x0.3), 其他区(x1)
2026-05-08 10:47:08 - INFO - [mapping_processor] - 为批次 26/03/10蒸镀批 (Code: 白画面黑斑Mura) 应用匹配的Mapping热点修饰脚本...
2026-05-08 10:47:08 - INFO - [mapping_processor] - 应用“倍率”模式: 高发区(x0.3), 其他区(x1)
2026-05-08 10:47:08 - INFO - [mapping_processor] - 为批次 26/03/30蒸镀批 (Code: 白画面黑斑Mura) 应用匹配的Mapping热点修饰脚本...
2026-05-08 10:47:08 - INFO - [mapping_processor] - 应用“倍率”模式: 高发区(x0.3), 其他区(x1)
2026-05-08 10:47:08 - INFO - [mapping_processor] - 为批次 26/04/07蒸镀批 (Code: 白画面黑斑Mura) 应用匹配的Mapping热点修饰脚本...
2026-05-08 10:47:08 - INFO - [mapping_processor] - 应用“倍率”模式: 高发区(x0.3), 其他区(x1)
2026-05-08 10:47:39 - INFO - [mapping_processor] - 为批次 26/02/16蒸镀批 (Code: 白画面黑斑Mura) 应用匹配的Mapping热点修饰脚本...
2026-05-08 10:47:39 - INFO - [mapping_processor] - 应用“倍率”模式: 高发区(x0.3), 其他区(x1)
2026-05-08 10:47:39 - INFO - [mapping_processor] - 为批次 26/03/10蒸镀批 (Code: 白画面黑斑Mura) 应用匹配的Mapping热点修饰脚本...
2026-05-08 10:47:39 - INFO - [mapping_processor] - 应用“倍率”模式: 高发区(x0.3), 其他区(x1)
2026-05-08 10:47:39 - INFO - [mapping_processor] - 为批次 26/03/30蒸镀批 (Code: 白画面黑斑Mura) 应用匹配的Mapping热点修饰脚本...
2026-05-08 10:47:39 - INFO - [mapping_processor] - 应用“倍率”模式: 高发区(x0.3), 其他区(x1)
2026-05-08 10:47:39 - INFO - [mapping_processor] - 为批次 26/04/07蒸镀批 (Code: 白画面黑斑Mura) 应用匹配的Mapping热点修饰脚本...
2026-05-08 10:47:39 - INFO - [mapping_processor] - 应用“倍率”模式: 高发区(x0.3), 其他区(x1)
2026-05-08 10:47:51 - INFO - [mapping_processor] - 为批次 26/02/16蒸镀批 (Code: 白画面黑斑Mura) 应用匹配的Mapping热点修饰脚本...
2026-05-08 10:47:51 - INFO - [mapping_processor] - 应用“倍率”模式: 高发区(x0.3), 其他区(x1)
2026-05-08 10:47:51 - INFO - [mapping_processor] - 为批次 26/03/10蒸镀批 (Code: 白画面黑斑Mura) 应用匹配的Mapping热点修饰脚本...
2026-05-08 10:47:51 - INFO - [mapping_processor] - 应用“倍率”模式: 高发区(x0.3), 其他区(x1)
2026-05-08 10:47:51 - INFO - [mapping_processor] - 为批次 26/03/30蒸镀批 (Code: 白画面黑斑Mura) 应用匹配的Mapping热点修饰脚本...
2026-05-08 10:47:51 - INFO - [mapping_processor] - 应用“倍率”模式: 高发区(x0.3), 其他区(x1)
2026-05-08 10:47:51 - INFO - [mapping_processor] - 为批次 26/04/07蒸镀批 (Code: 白画面黑斑Mura) 应用匹配的Mapping热点修饰脚本...
2026-05-08 10:47:51 - INFO - [mapping_processor] - 应用“倍率”模式: 高发区(x0.3), 其他区(x1)
2026-05-08 10:47:57 - INFO - [mapping_processor] - 为批次 26/02/16蒸镀批 (Code: 白画面黑斑Mura) 应用匹配的Mapping热点修饰脚本...
2026-05-08 10:47:57 - INFO - [mapping_processor] - 应用“倍率”模式: 高发区(x0.3), 其他区(x1)
2026-05-08 10:47:57 - INFO - [mapping_processor] - 为批次 26/03/10蒸镀批 (Code: 白画面黑斑Mura) 应用匹配的Mapping热点修饰脚本...
2026-05-08 10:47:57 - INFO - [mapping_processor] - 应用“倍率”模式: 高发区(x0.3), 其他区(x1)
2026-05-08 10:47:57 - INFO - [mapping_processor] - 为批次 26/03/30蒸镀批 (Code: 白画面黑斑Mura) 应用匹配的Mapping热点修饰脚本...
2026-05-08 10:47:57 - INFO - [mapping_processor] - 应用“倍率”模式: 高发区(x0.3), 其他区(x1)
2026-05-08 10:47:57 - INFO - [mapping_processor] - 为批次 26/04/07蒸镀批 (Code: 白画面黑斑Mura) 应用匹配的Mapping热点修饰脚本...
2026-05-08 10:47:57 - INFO - [mapping_processor] - 应用“倍率”模式: 高发区(x0.3), 其他区(x1)
2026-05-08 10:48:47 - INFO - [yield_service] - --- [L1 Cache Miss] 加载原始 Panel 数据... ---
2026-05-08 10:48:47 - INFO - [yield_repository] - ⏰ [YieldRepo] 缓存已过期 (年龄 22.5h)，准备执行增量更新。
2026-05-08 10:48:47 - INFO - [yield_repository] - 🔄 [YieldRepo] 执行增量更新 (Safe Overwrite)...
2026-05-08 10:48:47 - INFO - [data_loader] - 开始从数据库提取原始数据 (V3.1)...
2026-05-08 10:48:47 - INFO - [data_loader] - 正在执行SQL查询 (已移除DB端排序)...
2026-05-08 10:48:51 - INFO - [data_loader] - 🛡️ [数据清洗] 已抹除 32 条非目标 Defect 记录 (Target: ['Array_Line', 'Array_Pixel', 'Array_Mura', 'OLED_Mura'])。
2026-05-08 10:48:51 - INFO - [data_loader] - 成功提取并清洗 382 行数据。
2026-05-08 10:48:51 - INFO - [yield_repository] -    >> 合并: 缓存(398975) + 增量(382)
2026-05-08 10:48:52 - INFO - [yield_repository] - 💾 [Repo] 快照已更新 (Rolling Window)。
2026-05-08 10:48:52 - INFO - [yield_repository] - 🛡️ [Repository] 命中缓存后清洗：已抹除 13085 条非目标 Group 记录 (Target: ['Array_Line', 'Array_Pixel', 'Array_Mura', 'OLED_Mura'])。
2026-05-08 10:48:52 - INFO - [yield_service] - [CACHE_DEBUG] get_modified_panel_details 被执行, defect_multipliers={'S向亮线': 0.7, 'G向单亮线': 0.5, 'G向单暗线': 0.8, '暗点': 0.7, '群暗点': 0.8, 'G3亮点': 0.5, '大面积亮点': 0, 'S向ELA Mura': 0, 'G向ELA Mura': 0, '常亮白斑': 0, '白画面黑斑Mura': 3, '孔区跑道Mura': 5, '彩斑Mura': 0.3}
2026-05-08 10:48:52 - INFO - [yield_service] - 应用缺陷衰减...
2026-05-08 10:48:52 - INFO - [defect_modifier] - 开始应用不良倍率调整: {'S向亮线': 0.7, 'G向单亮线': 0.5, 'G向单暗线': 0.8, '暗点': 0.7, '群暗点': 0.8, 'G3亮点': 0.5, '大面积亮点': 0, 'S向ELA Mura': 0, 'G向ELA Mura': 0, '常亮白斑': 0, '白画面黑斑Mura': 3, '孔区跑道Mura': 5, '彩斑Mura': 0.3}
2026-05-08 10:48:52 - INFO - [defect_modifier] - Code 'S向亮线': 不良数从 2309 下调至 1616 (倍率: 0.7)。
2026-05-08 10:48:52 - INFO - [defect_modifier] - Code 'G向单亮线': 不良数从 166 下调至 83 (倍率: 0.5)。
2026-05-08 10:48:52 - INFO - [defect_modifier] - Code 'G向单暗线': 不良数从 1165 下调至 932 (倍率: 0.8)。
2026-05-08 10:48:52 - INFO - [defect_modifier] - Code '暗点': 不良数从 1081 下调至 756 (倍率: 0.7)。
2026-05-08 10:48:52 - INFO - [defect_modifier] - Code '群暗点': 不良数从 2027 下调至 1621 (倍率: 0.8)。
2026-05-08 10:48:52 - INFO - [defect_modifier] - Code 'G3亮点': 不良数从 1120 下调至 560 (倍率: 0.5)。
2026-05-08 10:48:52 - INFO - [defect_modifier] - Code '大面积亮点': 不良数从 123 下调至 0 (倍率: 0)。
2026-05-08 10:48:52 - INFO - [defect_modifier] - Code 'S向ELA Mura': 不良数从 444 下调至 0 (倍率: 0)。
2026-05-08 10:48:52 - INFO - [defect_modifier] - Code 'G向ELA Mura': 不良数从 3236 下调至 0 (倍率: 0)。
2026-05-08 10:48:52 - INFO - [defect_modifier] - Code '常亮白斑': 不良数从 331 下调至 0 (倍率: 0)。
2026-05-08 10:48:52 - INFO - [defect_modifier] - Code '白画面黑斑Mura': 不良数从 175 强行上调至 525 (已生成伪造唯一ID)。
2026-05-08 10:48:52 - INFO - [defect_modifier] - Code '孔区跑道Mura': 不良数从 64 强行上调至 320 (已生成伪造唯一ID)。
2026-05-08 10:48:52 - INFO - [defect_modifier] - Code '彩斑Mura': 不良数从 847 下调至 254 (倍率: 0.3)。
2026-05-08 10:48:52 - INFO - [defect_modifier] - 不良倍率调整完成，数据从 399000 行变为 392579 行。
2026-05-08 10:48:53 - INFO - [yield_service] - Excel 已在内存中清洗为纯文本矩阵，形状: (44, 5)
2026-05-08 10:48:53 - INFO - [yield_service] - ✅ 警戒线加载成功，共提取 42 条配置 (含上下限)。
2026-05-08 10:48:53 - INFO - [mwd_trend_processor] - Code级趋势分析 (模式: 大一统混合流水线 Unified Hybrid Pipeline)...
2026-05-08 10:48:53 - INFO - [mwd_trend_processor] - [Code Raw Data] 目标截止日期: 2026-05-08, 数据实际最大日期: 2026-05-07
2026-05-08 10:48:53 - INFO - [mwd_trend_processor] - [Baseline Generator] Code 基准已增量补充至: resources\M678\M678_codebaseline.xlsx (共 59 个 Codes)
2026-05-08 10:48:54 - INFO - [trend_regulator] - 启动 Code 级智能趋势调节器 (单一职责：底层向量化区间截断)...
2026-05-08 10:48:54 - INFO - [trend_regulator] - [daily 维度] 向量化截断完成：压制超标 124 处，托底过低 97 处。
2026-05-08 10:48:54 - INFO - [mwd_trend_processor] - 检测到人工覆盖指令，仅对以下目标启动重塑: ['彩斑Mura', 'S向边缘Mura', 'S向单暗线', 'S向亮线', 'G3亮点', '群亮点', '白画面黑斑Mura']
2026-05-08 10:48:54 - INFO - [mwd_trend_processor] - Group级趋势分析 (模式: 大一统混合流水线 Unified Hybrid Pipeline)...
2026-05-08 10:48:54 - INFO - [mwd_trend_processor] - [Group Raw Data] 目标截止日期: 2026-05-08, 数据实际最大日期: 2026-05-07
2026-05-08 10:48:54 - INFO - [mwd_trend_processor] - ========== [DEBUG: 数据源时间边界排查] ==========
2026-05-08 10:48:54 - INFO - [mwd_trend_processor] - 提取的数据总行数: 392579
2026-05-08 10:48:54 - INFO - [mwd_trend_processor] - 数据源中【实际存在的最后日期】: 2026-05-07
2026-05-08 10:48:54 - INFO - [mwd_trend_processor] - 最终使用的【截止日期】: 2026-05-08
2026-05-08 10:48:54 - INFO - [mwd_trend_processor] - 数据源中最近的 5 个有效日期: ['2026-04-18', '2026-04-21', '2026-04-26', '2026-04-30', '2026-05-07']
2026-05-08 10:48:55 - INFO - [mwd_trend_processor] - [覆盖逻辑] ✓ 应用覆盖: Array_Line @ 2026-W06: rate: 0.0095
2026-05-08 10:48:55 - INFO - [mwd_trend_processor] - [覆盖逻辑] ✓ 应用覆盖: Array_Line @ 2026-W07: rate: 0.0098
2026-05-08 10:48:55 - INFO - [mwd_trend_processor] - [覆盖逻辑] ✓ 应用覆盖: Array_Line @ 2026-W08: rate: 0.0099
2026-05-08 10:48:55 - INFO - [mwd_trend_processor] - [覆盖逻辑] ✓ 应用覆盖: Array_Line @ 2026-W09: rate: 0.0103
2026-05-08 10:48:55 - INFO - [mwd_trend_processor] - [覆盖逻辑] ✓ 应用覆盖: Array_Line @ 2026-W10: rate: 0.0102
2026-05-08 10:48:55 - INFO - [mwd_trend_processor] - [覆盖逻辑] ✓ 应用覆盖: Array_Line @ 2026-W11: rate: 0.0103
2026-05-08 10:48:55 - INFO - [mwd_trend_processor] - [覆盖逻辑] ✓ 应用覆盖: Array_Line @ 2026-W12: rate: 0.0103
2026-05-08 10:48:55 - INFO - [mwd_trend_processor] - [覆盖逻辑] ✓ 应用覆盖: Array_Line @ 2026-W13: rate: 0.0101
2026-05-08 10:48:55 - INFO - [mwd_trend_processor] - [覆盖逻辑] ✓ 应用覆盖: Array_Line @ 2026-W14: rate: 0.0102
2026-05-08 10:48:55 - INFO - [mwd_trend_processor] - [覆盖逻辑] 缺陷组 'Array_Mura' 没有覆盖配置
2026-05-08 10:48:55 - INFO - [mwd_trend_processor] - [覆盖逻辑] ✓ 应用覆盖: Array_Pixel @ 2026-W06: rate: 0.0089
2026-05-08 10:48:55 - INFO - [mwd_trend_processor] - [覆盖逻辑] ✓ 应用覆盖: Array_Pixel @ 2026-W07: rate: 0.0115
2026-05-08 10:48:55 - INFO - [mwd_trend_processor] - [覆盖逻辑] ✓ 应用覆盖: Array_Pixel @ 2026-W08: rate: 0.0172
2026-05-08 10:48:55 - INFO - [mwd_trend_processor] - [覆盖逻辑] ✓ 应用覆盖: Array_Pixel @ 2026-W09: rate: 0.0084
2026-05-08 10:48:55 - INFO - [mwd_trend_processor] - [覆盖逻辑] ✓ 应用覆盖: Array_Pixel @ 2026-W10: rate: 0.0085
2026-05-08 10:48:55 - INFO - [mwd_trend_processor] - [覆盖逻辑] ✓ 应用覆盖: Array_Pixel @ 2026-W11: rate: 0.0084
2026-05-08 10:48:55 - INFO - [mwd_trend_processor] - [覆盖逻辑] ✓ 应用覆盖: Array_Pixel @ 2026-W12: rate: 0.009
2026-05-08 10:48:55 - INFO - [mwd_trend_processor] - [覆盖逻辑] ✓ 应用覆盖: Array_Pixel @ 2026-W13: rate: 0.0093
2026-05-08 10:48:55 - INFO - [mwd_trend_processor] - [覆盖逻辑] ✓ 应用覆盖: Array_Pixel @ 2026-W14: rate: 0.0091
2026-05-08 10:48:55 - INFO - [mwd_trend_processor] - [覆盖逻辑] ✓ 应用覆盖: OLED_Mura @ 2026-W06: rate: 0.0013
2026-05-08 10:48:55 - INFO - [mwd_trend_processor] - [覆盖逻辑] ✓ 应用覆盖: OLED_Mura @ 2026-W07: rate: 0.0013
2026-05-08 10:48:55 - INFO - [mwd_trend_processor] - [覆盖逻辑] ✓ 应用覆盖: OLED_Mura @ 2026-W08: rate: 0.003
2026-05-08 10:48:55 - INFO - [mwd_trend_processor] - [覆盖逻辑] ✓ 应用覆盖: OLED_Mura @ 2026-W09: rate: 0.001
2026-05-08 10:48:55 - INFO - [mwd_trend_processor] - [覆盖逻辑] ✓ 应用覆盖: OLED_Mura @ 2026-W10: rate: 0.0012
2026-05-08 10:48:55 - INFO - [mwd_trend_processor] - [覆盖逻辑] ✓ 应用覆盖: OLED_Mura @ 2026-W11: rate: 0.0015
2026-05-08 10:48:55 - INFO - [mwd_trend_processor] - [覆盖逻辑] ✓ 应用覆盖: OLED_Mura @ 2026-W12: rate: 0.0015
2026-05-08 10:48:55 - INFO - [mwd_trend_processor] - [覆盖逻辑] ✓ 应用覆盖: OLED_Mura @ 2026-W13: rate: 0.0014
2026-05-08 10:48:55 - INFO - [mwd_trend_processor] - [覆盖逻辑] ✓ 应用覆盖: OLED_Mura @ 2026-W14: rate: 0.0013
2026-05-08 10:48:55 - INFO - [mwd_trend_processor] - 检测到人工覆盖指令，仅对以下目标启动重塑: ['Array_Line', 'Array_Pixel', 'OLED_Mura']
2026-05-08 10:48:55 - INFO - [mwd_trend_processor] - [覆盖逻辑] ✓ 应用覆盖: Array_Line @ 2026-02: rate: 0.0101
2026-05-08 10:48:55 - INFO - [mwd_trend_processor] - [覆盖逻辑] 缺陷组 'Array_Mura' 没有覆盖配置
2026-05-08 10:48:55 - INFO - [mwd_trend_processor] - [覆盖逻辑] ✓ 应用覆盖: Array_Pixel @ 2026-02: rate: 0.0089
2026-05-08 10:48:55 - INFO - [mwd_trend_processor] - [覆盖逻辑] ✓ 应用覆盖: OLED_Mura @ 2026-02: rate: 0.0014
2026-05-08 10:48:55 - INFO - [mwd_trend_processor] - Code级趋势分析 (模式: 大一统混合流水线 Unified Hybrid Pipeline)...
2026-05-08 10:48:55 - INFO - [mwd_trend_processor] - [Code Raw Data] 目标截止日期: 2026-05-08, 数据实际最大日期: 2026-05-07
2026-05-08 10:48:56 - INFO - [mwd_trend_processor] - [Baseline Generator] Code 基准已增量补充至: resources\M678\M678_codebaseline.xlsx (共 59 个 Codes)
2026-05-08 10:48:56 - INFO - [trend_regulator] - 启动 Code 级智能趋势调节器 (单一职责：底层向量化区间截断)...
2026-05-08 10:48:56 - INFO - [trend_regulator] - [daily 维度] 向量化截断完成：压制超标 124 处，托底过低 97 处。
2026-05-08 10:48:56 - INFO - [mwd_trend_processor] - 检测到人工覆盖指令，仅对以下目标启动重塑: ['彩斑Mura', 'S向边缘Mura', 'S向单暗线', 'S向亮线', 'G3亮点', '群亮点', '白画面黑斑Mura']
2026-05-08 10:48:56 - INFO - [yield_service] - --- [Cache Miss] 计算 Lot 级良率... ---
2026-05-08 10:48:57 - INFO - [data_loader] - 开始为 128 个Lot提取阵列投入时间...
2026-05-08 10:48:58 - INFO - [data_loader] - 开始更新 5 个Sheet的自定义阵列投入时间...
2026-05-08 10:48:58 - INFO - [data_loader] - 已为Sheet L3MR58E5C08 创建新的阵列投入时间记录: 20250805
2026-05-08 10:48:58 - INFO - [data_loader] - 已为Sheet L3MR58E5C03 创建新的阵列投入时间记录: 20250805
2026-05-08 10:48:58 - INFO - [data_loader] - 已为Sheet L3MR58E5C10 创建新的阵列投入时间记录: 20250805
2026-05-08 10:48:58 - INFO - [data_loader] - 已为Sheet L3MR58E5C26 创建新的阵列投入时间记录: 20250805
2026-05-08 10:48:58 - INFO - [data_loader] - 已为Sheet L3MR58E5C04 创建新的阵列投入时间记录: 20250805
2026-05-08 10:48:58 - INFO - [data_loader] - 成功提取 3845 条Sheet的阵列投入时间记录。
2026-05-08 10:48:58 - INFO - [sheet_lot_processor] - 开始Lot级计算 (独立模拟 -> 截断 -> 覆盖 模式)...
2026-05-08 10:48:59 - INFO - [sheet_lot_processor] - 成功聚合了 128 个 Lot 的基础信息 (含 array_input_time)。
2026-05-08 10:48:59 - INFO - [sheet_lot_processor] - 开始进行Lot过货率筛选 (阈值 >= 20.0%)...
2026-05-08 10:48:59 - INFO - [sheet_lot_processor] - 过货率筛选完成：从 128 个Lot中筛选出 74 个。
2026-05-08 10:48:59 - INFO - [sheet_lot_processor] - 开始计算lot_id级原始不良率 (回归原始逻辑)...
2026-05-08 10:48:59 - INFO - [sheet_lot_processor] - 开始执行 lot_id 级不良率模拟调度 (V4.3 - 微观扰动版)...
2026-05-08 10:48:59 - INFO - [sheet_lot_processor] - ✅ [DEBUG] Lot 模拟分配明细已导出至: D:\wzy\Python\vivo-project\logs\sheet_lot_processor-lot_rate.csv
2026-05-08 10:48:59 - INFO - [sheet_lot_processor] - 开始对 Code 级不良率进行精准 Spec 截断处理...
2026-05-08 10:48:59 - INFO - [sheet_lot_processor] - Code 级不良率精准截断/托底处理完成。
2026-05-08 10:48:59 - INFO - [sheet_lot_processor] - --- [COM Loader] 开始加载覆盖数据 (文件: 'M678_override_rates.xlsx') ---
2026-05-08 10:48:59 - INFO - [sheet_lot_processor] - [COM] 正在启动 Excel 应用程序实例...
2026-05-08 10:49:00 - INFO - [sheet_lot_processor] - [COM] 正在打开工作簿: D:\wzy\Python\vivo-project\resources\M678\M678_override_rates.xlsx
2026-05-08 10:49:00 - INFO - [sheet_lot_processor] - [COM] 成功通过 Excel 提取数据，共 18 行。
2026-05-08 10:49:04 - INFO - [sheet_lot_processor] - 开始使用启发式公式计算 Lot 级覆盖不良率...
2026-05-08 10:49:04 - INFO - [sheet_lot_processor] - Lot 级覆盖率计算完成，共计算 4 条记录。
2026-05-08 10:49:04 - INFO - [sheet_lot_processor] - 成功构建了 52 条 Desc -> Group 映射。
2026-05-08 10:49:04 - INFO - [sheet_lot_processor] - 开始使用外部数据覆盖 lot_id 级别的不良率 (严格审查模式)...
2026-05-08 10:49:04 - INFO - [sheet_lot_processor] - 覆盖审计完成: Excel中共配置 4 个ID，成功应用 0 个，拦截防呆 4 个。
2026-05-08 10:49:04 - WARNING - [sheet_lot_processor] - ========== [物理防呆拦截名单] ==========
2026-05-08 10:49:04 - WARNING - [sheet_lot_processor] - 以下 ID 由于在当前数据底座中不存在，已被系统拒绝凭空捏造: ['L3MR5A083', 'L3MR5A0B0', 'L3MR5A0BR', 'L3MR5C030']
2026-05-08 10:49:04 - WARNING - [sheet_lot_processor] - =======================================
2026-05-08 10:49:04 - INFO - [sheet_lot_processor] - 模拟/覆盖完成，正在重新聚合 lot_id 的 Group 级数据 (含基础信息完整性检查)...
2026-05-08 10:49:04 - INFO - [yield_service] - --- [Cache Miss] 计算 Sheet 级良率... ---
2026-05-08 10:49:04 - INFO - [sheet_lot_processor] - 开始Sheet级计算 (Lot局域分发 -> 覆盖 模式)...
2026-05-08 10:49:04 - INFO - [sheet_lot_processor] - 开始进行sheet过货率筛选 (阈值 >= 0.0%)...
2026-05-08 10:49:04 - INFO - [sheet_lot_processor] - 过货率筛选完成：从 3098 个sheet中筛选出 3098 个。
2026-05-08 10:49:05 - INFO - [sheet_lot_processor] - 开始计算sheet_id级原始不良率 (回归原始逻辑)...
2026-05-08 10:49:05 - WARNING - [sheet_lot_processor] - 🔍 [追踪验证] 基础花名册中 'L3MR5C037' 共有 4 张物理 Sheet: ['L3MR5C03702', 'L3MR5C03706', 'L3MR5C03712', 'L3MR5C03728']
2026-05-08 10:49:05 - WARNING - [sheet_lot_processor] - 🔍 [追踪验证] 经历了左连接后，该 Lot 在原始缺陷表中存活的 Sheet 仅有 3 张: ['L3MR5C03706', 'L3MR5C03702', 'L3MR5C03712']
2026-05-08 10:49:05 - WARNING - [sheet_lot_processor] - 🔍 [结论推导] 如果运行 V5.1，不良将被全部砸在这 3 张 Sheet 上。
2026-05-08 10:49:05 - INFO - [sheet_lot_processor] - 开始执行 Sheet 级不良发牌调度 (Lot -> Sheet 泊松自然散布 V5.3)...
2026-05-08 10:49:05 - INFO - [sheet_lot_processor] - --- [COM Loader] 开始加载覆盖数据 (文件: 'M678_override_rates.xlsx') ---
2026-05-08 10:49:05 - INFO - [sheet_lot_processor] - [COM] 正在启动 Excel 应用程序实例...
2026-05-08 10:49:06 - INFO - [sheet_lot_processor] - [COM] 正在打开工作簿: D:\wzy\Python\vivo-project\resources\M678\M678_override_rates.xlsx
2026-05-08 10:49:06 - INFO - [sheet_lot_processor] - [COM] 成功通过 Excel 提取数据，共 18 行。
2026-05-08 10:49:07 - INFO - [sheet_lot_processor] - 成功构建了 52 条 Desc -> Group 映射。
2026-05-08 10:49:07 - INFO - [sheet_lot_processor] - 开始使用外部数据覆盖 sheet_id 级别的不良率 (严格审查模式)...
2026-05-08 10:49:07 - WARNING - [sheet_lot_processor] - !!! [追踪] 发现 Excel 指令 ID: L3MR5A0B023
2026-05-08 10:49:07 - WARNING - [sheet_lot_processor] -     - 缺陷描述: 'S向亮线'
2026-05-08 10:49:07 - ERROR - [sheet_lot_processor] -     -> [拦截] 实体 'L3MR5A0B023' 在当前数据底座中物理不存在！拒绝凭空捏造。
2026-05-08 10:49:07 - WARNING - [sheet_lot_processor] - !!! [追踪] 发现 Excel 指令 ID: L3MR5A0B026
2026-05-08 10:49:07 - WARNING - [sheet_lot_processor] -     - 缺陷描述: 'S向亮线'
2026-05-08 10:49:07 - ERROR - [sheet_lot_processor] -     -> [拦截] 实体 'L3MR5A0B026' 在当前数据底座中物理不存在！拒绝凭空捏造。
2026-05-08 10:49:07 - INFO - [sheet_lot_processor] - 覆盖审计完成: Excel中共配置 17 个ID，成功应用 0 个，拦截防呆 17 个。
2026-05-08 10:49:07 - WARNING - [sheet_lot_processor] - ========== [物理防呆拦截名单] ==========
2026-05-08 10:49:07 - WARNING - [sheet_lot_processor] - 以下 ID 由于在当前数据底座中不存在，已被系统拒绝凭空捏造: ['L3MR5A08321', 'L3MR5A08324', 'L3MR5A0B023', 'L3MR5A0B026', 'L3MR5A0B029', 'L3MR5A0BR02', 'L3MR5A0BR05', 'L3MR5A0BR08', 'L3MR5A0BR11', 'L3MR5A0BR14', 'L3MR5A0BR17', 'L3MR5A0BR20', 'L3MR5A0BR23', 'L3MR5A0BR26', 'L3MR5A0BR29', 'L3MR5C03010', 'L3MR5C03013']
2026-05-08 10:49:07 - WARNING - [sheet_lot_processor] - =======================================
2026-05-08 10:49:07 - INFO - [sheet_lot_processor] - 模拟/覆盖完成，正在重新聚合 sheet_id 的 Group 级数据 (含基础信息完整性检查)...
2026-05-08 10:49:07 - INFO - [sheet_lot_processor] - Sheet级计算完成。
2026-05-08 10:49:07 - INFO - [mapping_processor] - 开始为Mapping图准备数据 (Rate-Based Mode, 阈值=0)...
2026-05-08 10:49:07 - INFO - [mapping_processor] - 处理批次顺序 (Old->New): ['26/01/15蒸镀批', '26/01/24蒸镀批', '26/02/16蒸镀批', '26/03/10蒸镀批', '26/03/30蒸镀批']
2026-05-08 12:01:12 - INFO - [yield_service] - --- [L1 Cache Miss] 加载原始 Panel 数据... ---
2026-05-08 12:01:12 - INFO - [yield_repository] - ⏱️ [YieldRepo] 缓存有效 (年龄 1.2h < 8h, 最新数据日期: 2026-05-08 >= 请求截止日期: 2026-05-08)。
2026-05-08 12:01:12 - INFO - [yield_repository] - 🚀 [YieldRepo] 命中有效缓存，跳过数据库查询。
2026-05-08 12:01:13 - INFO - [yield_repository] - 🛡️ [Repository] 命中缓存后清洗：已抹除 17617 条非目标 Group 记录 (Target: ['Array_Line', 'Array_Pixel', 'Array_Mura', 'OLED_Mura'])。
2026-05-08 12:01:13 - INFO - [yield_service] - [CACHE_DEBUG] get_modified_panel_details 被执行, defect_multipliers={'S向亮线': 0.4, 'S向单暗线': 0.6, 'G向单亮线': 0.5, '群暗点': 0.7, 'S向ELA Mura': 0, 'G向ELA Mura': 0, '常亮白斑': 0, '彩斑Mura': 0.3, 'S向边缘Mura': 0.5}
2026-05-08 12:01:13 - INFO - [yield_service] - 应用缺陷衰减...
2026-05-08 12:01:13 - INFO - [defect_modifier] - 开始应用不良倍率调整: {'S向亮线': 0.4, 'S向单暗线': 0.6, 'G向单亮线': 0.5, '群暗点': 0.7, 'S向ELA Mura': 0, 'G向ELA Mura': 0, '常亮白斑': 0, '彩斑Mura': 0.3, 'S向边缘Mura': 0.5}
2026-05-08 12:01:13 - INFO - [defect_modifier] - Code 'S向亮线': 不良数从 4772 下调至 1908 (倍率: 0.4)。
2026-05-08 12:01:13 - INFO - [defect_modifier] - Code 'S向单暗线': 不良数从 2653 下调至 1591 (倍率: 0.6)。
2026-05-08 12:01:13 - INFO - [defect_modifier] - Code 'G向单亮线': 不良数从 704 下调至 352 (倍率: 0.5)。
2026-05-08 12:01:13 - INFO - [defect_modifier] - Code '群暗点': 不良数从 3944 下调至 2760 (倍率: 0.7)。
2026-05-08 12:01:13 - INFO - [defect_modifier] - Code 'S向ELA Mura': 不良数从 14 下调至 0 (倍率: 0)。
2026-05-08 12:01:13 - INFO - [defect_modifier] - Code 'G向ELA Mura': 不良数从 44 下调至 0 (倍率: 0)。
2026-05-08 12:01:13 - INFO - [defect_modifier] - Code '常亮白斑': 不良数从 586 下调至 0 (倍率: 0)。
2026-05-08 12:01:13 - INFO - [defect_modifier] - Code '彩斑Mura': 不良数从 2489 下调至 746 (倍率: 0.3)。
2026-05-08 12:01:13 - INFO - [defect_modifier] - Code 'S向边缘Mura': 不良数从 124 下调至 62 (倍率: 0.5)。
2026-05-08 12:01:13 - INFO - [defect_modifier] - 不良倍率调整完成，数据从 856505 行变为 848594 行。
2026-05-08 12:01:14 - INFO - [mwd_trend_processor] - Code级趋势分析 (模式: 大一统混合流水线 Unified Hybrid Pipeline)...
2026-05-08 12:01:15 - INFO - [mwd_trend_processor] - [Code Raw Data] 目标截止日期: 2026-05-08, 数据实际最大日期: 2026-05-08
2026-05-08 12:01:16 - INFO - [mwd_trend_processor] - [Baseline Generator] Code 基准已增量补充至: resources\M626\M626_codebaseline.xlsx (共 58 个 Codes)
2026-05-08 12:01:16 - INFO - [trend_regulator] - 启动 Code 级智能趋势调节器 (单一职责：底层向量化区间截断)...
2026-05-08 12:01:16 - INFO - [trend_regulator] - [daily 维度] 向量化截断完成：压制超标 141 处，托底过低 293 处。
2026-05-08 12:01:16 - INFO - [mwd_trend_processor] - 检测到人工覆盖指令，仅对以下目标启动重塑: ['群亮点', '群暗点', '彩斑Mura', '暗点', 'S向亮线', 'S向棱形彩色带状Mura', 'S向单暗线', 'G向单暗线', 'B暗点', '白画面黑斑Mura']
2026-05-08 12:01:16 - INFO - [mwd_trend_processor] - Group级趋势分析 (模式: 大一统混合流水线 Unified Hybrid Pipeline)...
2026-05-08 12:01:16 - INFO - [mwd_trend_processor] - [Group Raw Data] 目标截止日期: 2026-05-08, 数据实际最大日期: 2026-05-08
2026-05-08 12:01:16 - INFO - [mwd_trend_processor] - ========== [DEBUG: 数据源时间边界排查] ==========
2026-05-08 12:01:17 - INFO - [mwd_trend_processor] - 提取的数据总行数: 848594
2026-05-08 12:01:17 - INFO - [mwd_trend_processor] - 数据源中【实际存在的最后日期】: 2026-05-08
2026-05-08 12:01:17 - INFO - [mwd_trend_processor] - 最终使用的【截止日期】: 2026-05-08
2026-05-08 12:01:17 - INFO - [mwd_trend_processor] - 数据源中最近的 5 个有效日期: ['2026-05-04', '2026-05-05', '2026-05-06', '2026-05-07', '2026-05-08']
2026-05-08 12:01:18 - INFO - [mwd_trend_processor] - [覆盖逻辑] ✓ 应用覆盖: Array_Line @ 2026-W06: rate: 0.0095
2026-05-08 12:01:18 - INFO - [mwd_trend_processor] - [覆盖逻辑] ✓ 应用覆盖: Array_Line @ 2026-W07: rate: 0.01
2026-05-08 12:01:18 - INFO - [mwd_trend_processor] - [覆盖逻辑] ✓ 应用覆盖: Array_Line @ 2026-W08: rate: 0.0105
2026-05-08 12:01:18 - INFO - [mwd_trend_processor] - [覆盖逻辑] ✓ 应用覆盖: Array_Line @ 2026-W09: rate: 0.011
2026-05-08 12:01:18 - INFO - [mwd_trend_processor] - [覆盖逻辑] ✓ 应用覆盖: Array_Line @ 2026-W10: rate: 0.0107
2026-05-08 12:01:18 - INFO - [mwd_trend_processor] - [覆盖逻辑] ✓ 应用覆盖: Array_Line @ 2026-W11: rate: 0.0102
2026-05-08 12:01:18 - INFO - [mwd_trend_processor] - [覆盖逻辑] ✓ 应用覆盖: Array_Line @ 2026-W12: rate: 0.0102
2026-05-08 12:01:18 - INFO - [mwd_trend_processor] - [覆盖逻辑] ✓ 应用覆盖: Array_Line @ 2026-W13: rate: 0.01
2026-05-08 12:01:18 - INFO - [mwd_trend_processor] - [覆盖逻辑] ✓ 应用覆盖: Array_Line @ 2026-W14: rate: 0.0102
2026-05-08 12:01:18 - INFO - [mwd_trend_processor] - [覆盖逻辑] ✓ 应用覆盖: Array_Line @ 2026-W15: rate: 0.0105
2026-05-08 12:01:18 - INFO - [mwd_trend_processor] - [覆盖逻辑] 缺陷组 'Array_Mura' 没有覆盖配置
2026-05-08 12:01:18 - INFO - [mwd_trend_processor] - [覆盖逻辑] ✓ 应用覆盖: Array_Pixel @ 2026-W06: rate: 0.0107
2026-05-08 12:01:18 - INFO - [mwd_trend_processor] - [覆盖逻辑] ✓ 应用覆盖: Array_Pixel @ 2026-W07: rate: 0.0091
2026-05-08 12:01:18 - INFO - [mwd_trend_processor] - [覆盖逻辑] ✓ 应用覆盖: Array_Pixel @ 2026-W08: rate: 0.0183
2026-05-08 12:01:18 - INFO - [mwd_trend_processor] - [覆盖逻辑] ✓ 应用覆盖: Array_Pixel @ 2026-W09: rate: 0.009
2026-05-08 12:01:18 - INFO - [mwd_trend_processor] - [覆盖逻辑] ✓ 应用覆盖: Array_Pixel @ 2026-W10: rate: 0.0089
2026-05-08 12:01:18 - INFO - [mwd_trend_processor] - [覆盖逻辑] ✓ 应用覆盖: Array_Pixel @ 2026-W11: rate: 0.0094
2026-05-08 12:01:18 - INFO - [mwd_trend_processor] - [覆盖逻辑] ✓ 应用覆盖: Array_Pixel @ 2026-W12: rate: 0.0089
2026-05-08 12:01:18 - INFO - [mwd_trend_processor] - [覆盖逻辑] ✓ 应用覆盖: Array_Pixel @ 2026-W13: rate: 0.0091
2026-05-08 12:01:18 - INFO - [mwd_trend_processor] - [覆盖逻辑] ✓ 应用覆盖: Array_Pixel @ 2026-W14: rate: 0.0092
2026-05-08 12:01:18 - INFO - [mwd_trend_processor] - [覆盖逻辑] ✓ 应用覆盖: Array_Pixel @ 2026-W15: rate: 0.0092
2026-05-08 12:01:18 - INFO - [mwd_trend_processor] - [覆盖逻辑] ✓ 应用覆盖: Array_Pixel @ 2026-W16: rate: 0.0093
2026-05-08 12:01:18 - INFO - [mwd_trend_processor] - [覆盖逻辑] ✓ 应用覆盖: OLED_Mura @ 2026-W06: rate: 0.0027
2026-05-08 12:01:18 - INFO - [mwd_trend_processor] - [覆盖逻辑] ✓ 应用覆盖: OLED_Mura @ 2026-W07: rate: 0.0023
2026-05-08 12:01:18 - INFO - [mwd_trend_processor] - [覆盖逻辑] ✓ 应用覆盖: OLED_Mura @ 2026-W08: rate: 0.0037
2026-05-08 12:01:18 - INFO - [mwd_trend_processor] - [覆盖逻辑] ✓ 应用覆盖: OLED_Mura @ 2026-W09: rate: 0.0019
2026-05-08 12:01:18 - INFO - [mwd_trend_processor] - [覆盖逻辑] ✓ 应用覆盖: OLED_Mura @ 2026-W10: rate: 0.0018
2026-05-08 12:01:18 - INFO - [mwd_trend_processor] - [覆盖逻辑] ✓ 应用覆盖: OLED_Mura @ 2026-W11: rate: 0.0021
2026-05-08 12:01:18 - INFO - [mwd_trend_processor] - [覆盖逻辑] ✓ 应用覆盖: OLED_Mura @ 2026-W12: rate: 0.002
2026-05-08 12:01:18 - INFO - [mwd_trend_processor] - [覆盖逻辑] ✓ 应用覆盖: OLED_Mura @ 2026-W13: rate: 0.0018
2026-05-08 12:01:18 - INFO - [mwd_trend_processor] - [覆盖逻辑] ✓ 应用覆盖: OLED_Mura @ 2026-W15: rate: 0.0018
2026-05-08 12:01:18 - INFO - [mwd_trend_processor] - 检测到人工覆盖指令，仅对以下目标启动重塑: ['Array_Line', 'Array_Pixel', 'OLED_Mura']
2026-05-08 12:01:18 - INFO - [mwd_trend_processor] - [覆盖逻辑] 缺陷组 'Array_Mura' 没有覆盖配置
2026-05-08 12:01:18 - INFO - [mwd_trend_processor] - Code级趋势分析 (模式: 大一统混合流水线 Unified Hybrid Pipeline)...
2026-05-08 12:01:18 - INFO - [mwd_trend_processor] - [Code Raw Data] 目标截止日期: 2026-05-08, 数据实际最大日期: 2026-05-08
2026-05-08 12:01:19 - INFO - [mwd_trend_processor] - [Baseline Generator] Code 基准已增量补充至: resources\M626\M626_codebaseline.xlsx (共 58 个 Codes)
2026-05-08 12:01:20 - INFO - [trend_regulator] - 启动 Code 级智能趋势调节器 (单一职责：底层向量化区间截断)...
2026-05-08 12:01:20 - INFO - [trend_regulator] - [daily 维度] 向量化截断完成：压制超标 141 处，托底过低 293 处。
2026-05-08 12:01:20 - INFO - [mwd_trend_processor] - 检测到人工覆盖指令，仅对以下目标启动重塑: ['群亮点', '群暗点', '彩斑Mura', '暗点', 'S向亮线', 'S向棱形彩色带状Mura', 'S向单暗线', 'G向单暗线', 'B暗点', '白画面黑斑Mura']
2026-05-08 12:01:20 - INFO - [yield_service] - --- [Cache Miss] 计算 Lot 级良率... ---
2026-05-08 12:01:20 - INFO - [data_loader] - 开始为 191 个Lot提取阵列投入时间...
2026-05-08 12:01:24 - INFO - [data_loader] - 成功提取 5730 条Sheet的阵列投入时间记录。
2026-05-08 12:01:24 - INFO - [sheet_lot_processor] - 开始Lot级计算 (独立模拟 -> 截断 -> 覆盖 模式)...
2026-05-08 12:01:24 - INFO - [sheet_lot_processor] - 成功聚合了 191 个 Lot 的基础信息 (含 array_input_time)。
2026-05-08 12:01:24 - INFO - [sheet_lot_processor] - 开始进行Lot过货率筛选 (阈值 >= 20.0%)...
2026-05-08 12:01:24 - INFO - [sheet_lot_processor] - 过货率筛选完成：从 191 个Lot中筛选出 153 个。
2026-05-08 12:01:24 - INFO - [sheet_lot_processor] - 开始计算lot_id级原始不良率 (回归原始逻辑)...
2026-05-08 12:01:25 - INFO - [sheet_lot_processor] - 开始执行 lot_id 级不良率模拟调度 (V4.3 - 微观扰动版)...
2026-05-08 12:01:25 - INFO - [sheet_lot_processor] - ✅ [DEBUG] Lot 模拟分配明细已导出至: D:\wzy\Python\vivo-project\logs\sheet_lot_processor-lot_rate.csv
2026-05-08 12:01:25 - INFO - [sheet_lot_processor] - 开始对 Code 级不良率进行精准 Spec 截断处理...
2026-05-08 12:01:25 - INFO - [sheet_lot_processor] - Code 级不良率精准截断/托底处理完成。
2026-05-08 12:01:25 - INFO - [sheet_lot_processor] - --- [COM Loader] 开始加载覆盖数据 (文件: 'M626_override_rates.xlsx') ---
2026-05-08 12:01:25 - INFO - [sheet_lot_processor] - [COM] 正在启动 Excel 应用程序实例...
2026-05-08 12:01:25 - INFO - [sheet_lot_processor] - [COM] 正在打开工作簿: D:\wzy\Python\vivo-project\resources\M626\M626_override_rates.xlsx
2026-05-08 12:01:26 - INFO - [sheet_lot_processor] - [COM] 成功通过 Excel 提取数据，共 19 行。
2026-05-08 12:01:26 - INFO - [sheet_lot_processor] - 开始使用启发式公式计算 Lot 级覆盖不良率...
2026-05-08 12:01:26 - INFO - [sheet_lot_processor] - Lot 级覆盖率计算完成，共计算 5 条记录。
2026-05-08 12:01:26 - INFO - [sheet_lot_processor] - 成功构建了 51 条 Desc -> Group 映射。
2026-05-08 12:01:26 - INFO - [sheet_lot_processor] - 开始使用外部数据覆盖 lot_id 级别的不良率 (严格审查模式)...
2026-05-08 12:01:26 - INFO - [sheet_lot_processor] - 覆盖审计完成: Excel中共配置 5 个ID，成功应用 0 个，拦截防呆 5 个。
2026-05-08 12:01:26 - WARNING - [sheet_lot_processor] - ========== [物理防呆拦截名单] ==========
2026-05-08 12:01:26 - WARNING - [sheet_lot_processor] - 以下 ID 由于在当前数据底座中不存在，已被系统拒绝凭空捏造: ['L3MR5A083', 'L3MR5A0B0', 'L3MR5A0BR', 'L3MR5C030', 'L3MR5C037']
2026-05-08 12:01:26 - WARNING - [sheet_lot_processor] - =======================================
2026-05-08 12:01:26 - INFO - [sheet_lot_processor] - 模拟/覆盖完成，正在重新聚合 lot_id 的 Group 级数据 (含基础信息完整性检查)...
2026-05-08 12:01:26 - INFO - [yield_service] - --- [Cache Miss] 计算 Sheet 级良率... ---
2026-05-08 12:01:27 - INFO - [sheet_lot_processor] - 开始Sheet级计算 (Lot局域分发 -> 覆盖 模式)...
2026-05-08 12:01:27 - INFO - [sheet_lot_processor] - 开始进行sheet过货率筛选 (阈值 >= 0.0%)...
2026-05-08 12:01:27 - INFO - [sheet_lot_processor] - 过货率筛选完成：从 5336 个sheet中筛选出 5336 个。
2026-05-08 12:01:27 - INFO - [sheet_lot_processor] - 开始计算sheet_id级原始不良率 (回归原始逻辑)...
2026-05-08 12:01:27 - INFO - [sheet_lot_processor] - 开始执行 Sheet 级不良发牌调度 (Lot -> Sheet 泊松自然散布 V5.3)...
2026-05-08 12:01:28 - INFO - [sheet_lot_processor] - --- [COM Loader] 开始加载覆盖数据 (文件: 'M626_override_rates.xlsx') ---
2026-05-08 12:01:28 - INFO - [sheet_lot_processor] - [COM] 正在启动 Excel 应用程序实例...
2026-05-08 12:01:29 - INFO - [sheet_lot_processor] - [COM] 正在打开工作簿: D:\wzy\Python\vivo-project\resources\M626\M626_override_rates.xlsx
2026-05-08 12:01:29 - INFO - [sheet_lot_processor] - [COM] 成功通过 Excel 提取数据，共 19 行。
2026-05-08 12:01:30 - INFO - [sheet_lot_processor] - 成功构建了 51 条 Desc -> Group 映射。
2026-05-08 12:01:30 - INFO - [sheet_lot_processor] - 开始使用外部数据覆盖 sheet_id 级别的不良率 (严格审查模式)...
2026-05-08 12:01:30 - WARNING - [sheet_lot_processor] - !!! [追踪] 发现 Excel 指令 ID: L3MR5A0B023
2026-05-08 12:01:30 - WARNING - [sheet_lot_processor] -     - 缺陷描述: 'S向亮线'
2026-05-08 12:01:30 - ERROR - [sheet_lot_processor] -     -> [拦截] 实体 'L3MR5A0B023' 在当前数据底座中物理不存在！拒绝凭空捏造。
2026-05-08 12:01:30 - WARNING - [sheet_lot_processor] - !!! [追踪] 发现 Excel 指令 ID: L3MR5A0B026
2026-05-08 12:01:30 - WARNING - [sheet_lot_processor] -     - 缺陷描述: 'S向亮线'
2026-05-08 12:01:30 - ERROR - [sheet_lot_processor] -     -> [拦截] 实体 'L3MR5A0B026' 在当前数据底座中物理不存在！拒绝凭空捏造。
2026-05-08 12:01:30 - INFO - [sheet_lot_processor] - 覆盖审计完成: Excel中共配置 18 个ID，成功应用 0 个，拦截防呆 18 个。
2026-05-08 12:01:30 - WARNING - [sheet_lot_processor] - ========== [物理防呆拦截名单] ==========
2026-05-08 12:01:30 - WARNING - [sheet_lot_processor] - 以下 ID 由于在当前数据底座中不存在，已被系统拒绝凭空捏造: ['L3MR5A08321', 'L3MR5A08324', 'L3MR5A0B023', 'L3MR5A0B026', 'L3MR5A0B029', 'L3MR5A0BR02', 'L3MR5A0BR05', 'L3MR5A0BR08', 'L3MR5A0BR11', 'L3MR5A0BR14', 'L3MR5A0BR17', 'L3MR5A0BR20', 'L3MR5A0BR23', 'L3MR5A0BR26', 'L3MR5A0BR29', 'L3MR5C03010', 'L3MR5C03013', 'L3MR5C03716']
2026-05-08 12:01:30 - WARNING - [sheet_lot_processor] - =======================================
2026-05-08 12:01:30 - INFO - [sheet_lot_processor] - 模拟/覆盖完成，正在重新聚合 sheet_id 的 Group 级数据 (含基础信息完整性检查)...
2026-05-08 12:01:30 - INFO - [sheet_lot_processor] - Sheet级计算完成。
2026-05-08 12:01:30 - INFO - [mapping_processor] - 开始为Mapping图准备数据 (Rate-Based Mode, 阈值=0)...
2026-05-08 12:01:31 - INFO - [mapping_processor] - 处理批次顺序 (Old->New): ['26/02/16蒸镀批', '26/03/10蒸镀批', '26/03/30蒸镀批', '26/04/07蒸镀批', '26/04/29蒸镀批']
2026-05-08 14:33:43 - INFO - [yield_service] - --- [L1 Cache Miss] 加载原始 Panel 数据... ---
2026-05-08 14:33:44 - INFO - [yield_repository] - ⏱️ [YieldRepo] 缓存有效 (年龄 3.8h < 8h, 最新数据日期: 2026-05-08 >= 请求截止日期: 2026-05-08)。
2026-05-08 14:33:44 - INFO - [yield_repository] - 🚀 [YieldRepo] 命中有效缓存，跳过数据库查询。
2026-05-08 14:33:44 - INFO - [yield_repository] - 🛡️ [Repository] 命中缓存后清洗：已抹除 17617 条非目标 Group 记录 (Target: ['Array_Line', 'Array_Pixel', 'Array_Mura', 'OLED_Mura'])。
2026-05-08 14:33:45 - INFO - [yield_service] - [CACHE_DEBUG] get_modified_panel_details 被执行, defect_multipliers={'S向亮线': 0.4, 'S向单暗线': 0.6, 'G向单亮线': 0.5, '群暗点': 0.7, 'S向ELA Mura': 0, 'G向ELA Mura': 0, '常亮白斑': 0, '彩斑Mura': 0.3, 'S向边缘Mura': 0.5}
2026-05-08 14:33:45 - INFO - [yield_service] - 应用缺陷衰减...
2026-05-08 14:33:45 - INFO - [defect_modifier] - 开始应用不良倍率调整: {'S向亮线': 0.4, 'S向单暗线': 0.6, 'G向单亮线': 0.5, '群暗点': 0.7, 'S向ELA Mura': 0, 'G向ELA Mura': 0, '常亮白斑': 0, '彩斑Mura': 0.3, 'S向边缘Mura': 0.5}
2026-05-08 14:33:45 - INFO - [defect_modifier] - Code 'S向亮线': 不良数从 4772 下调至 1908 (倍率: 0.4)。
2026-05-08 14:33:45 - INFO - [defect_modifier] - Code 'S向单暗线': 不良数从 2653 下调至 1591 (倍率: 0.6)。
2026-05-08 14:33:45 - INFO - [defect_modifier] - Code 'G向单亮线': 不良数从 704 下调至 352 (倍率: 0.5)。
2026-05-08 14:33:45 - INFO - [defect_modifier] - Code '群暗点': 不良数从 3944 下调至 2760 (倍率: 0.7)。
2026-05-08 14:33:45 - INFO - [defect_modifier] - Code 'S向ELA Mura': 不良数从 14 下调至 0 (倍率: 0)。
2026-05-08 14:33:45 - INFO - [defect_modifier] - Code 'G向ELA Mura': 不良数从 44 下调至 0 (倍率: 0)。
2026-05-08 14:33:45 - INFO - [defect_modifier] - Code '常亮白斑': 不良数从 586 下调至 0 (倍率: 0)。
2026-05-08 14:33:45 - INFO - [defect_modifier] - Code '彩斑Mura': 不良数从 2489 下调至 746 (倍率: 0.3)。
2026-05-08 14:33:45 - INFO - [defect_modifier] - Code 'S向边缘Mura': 不良数从 124 下调至 62 (倍率: 0.5)。
2026-05-08 14:33:45 - INFO - [defect_modifier] - 不良倍率调整完成，数据从 856505 行变为 848594 行。
2026-05-08 14:33:46 - INFO - [mwd_trend_processor] - Code级趋势分析 (模式: 大一统混合流水线 Unified Hybrid Pipeline)...
2026-05-08 14:33:46 - INFO - [mwd_trend_processor] - [Code Raw Data] 目标截止日期: 2026-05-08, 数据实际最大日期: 2026-05-08
2026-05-08 14:33:47 - INFO - [mwd_trend_processor] - [Baseline Generator] Code 基准已增量补充至: resources\M626\M626_codebaseline.xlsx (共 58 个 Codes)
2026-05-08 14:33:47 - INFO - [trend_regulator] - 启动 Code 级智能趋势调节器 (单一职责：底层向量化区间截断)...
2026-05-08 14:33:47 - INFO - [trend_regulator] - [daily 维度] 向量化截断完成：压制超标 141 处，托底过低 293 处。
2026-05-08 14:33:47 - INFO - [mwd_trend_processor] - 检测到人工覆盖指令，仅对以下目标启动重塑: ['群亮点', '群暗点', '彩斑Mura', '暗点', 'S向亮线', 'S向棱形彩色带状Mura', 'S向单暗线', 'G向单暗线', 'B暗点', '白画面黑斑Mura']
2026-05-08 14:33:48 - INFO - [mwd_trend_processor] - Group级趋势分析 (模式: 大一统混合流水线 Unified Hybrid Pipeline)...
2026-05-08 14:33:48 - INFO - [mwd_trend_processor] - [Group Raw Data] 目标截止日期: 2026-05-08, 数据实际最大日期: 2026-05-08
2026-05-08 14:33:48 - INFO - [mwd_trend_processor] - ========== [DEBUG: 数据源时间边界排查] ==========
2026-05-08 14:33:48 - INFO - [mwd_trend_processor] - 提取的数据总行数: 848594
2026-05-08 14:33:48 - INFO - [mwd_trend_processor] - 数据源中【实际存在的最后日期】: 2026-05-08
2026-05-08 14:33:48 - INFO - [mwd_trend_processor] - 最终使用的【截止日期】: 2026-05-08
2026-05-08 14:33:48 - INFO - [mwd_trend_processor] - 数据源中最近的 5 个有效日期: ['2026-05-04', '2026-05-05', '2026-05-06', '2026-05-07', '2026-05-08']
2026-05-08 14:33:49 - INFO - [mwd_trend_processor] - [覆盖逻辑] ✓ 应用覆盖: Array_Line @ 2026-W06: rate: 0.0095
2026-05-08 14:33:49 - INFO - [mwd_trend_processor] - [覆盖逻辑] ✓ 应用覆盖: Array_Line @ 2026-W07: rate: 0.01
2026-05-08 14:33:49 - INFO - [mwd_trend_processor] - [覆盖逻辑] ✓ 应用覆盖: Array_Line @ 2026-W08: rate: 0.0105
2026-05-08 14:33:49 - INFO - [mwd_trend_processor] - [覆盖逻辑] ✓ 应用覆盖: Array_Line @ 2026-W09: rate: 0.011
2026-05-08 14:33:49 - INFO - [mwd_trend_processor] - [覆盖逻辑] ✓ 应用覆盖: Array_Line @ 2026-W10: rate: 0.0107
2026-05-08 14:33:49 - INFO - [mwd_trend_processor] - [覆盖逻辑] ✓ 应用覆盖: Array_Line @ 2026-W11: rate: 0.0102
2026-05-08 14:33:49 - INFO - [mwd_trend_processor] - [覆盖逻辑] ✓ 应用覆盖: Array_Line @ 2026-W12: rate: 0.0102
2026-05-08 14:33:49 - INFO - [mwd_trend_processor] - [覆盖逻辑] ✓ 应用覆盖: Array_Line @ 2026-W13: rate: 0.01
2026-05-08 14:33:49 - INFO - [mwd_trend_processor] - [覆盖逻辑] ✓ 应用覆盖: Array_Line @ 2026-W14: rate: 0.0102
2026-05-08 14:33:49 - INFO - [mwd_trend_processor] - [覆盖逻辑] ✓ 应用覆盖: Array_Line @ 2026-W15: rate: 0.0105
2026-05-08 14:33:49 - INFO - [mwd_trend_processor] - [覆盖逻辑] 缺陷组 'Array_Mura' 没有覆盖配置
2026-05-08 14:33:49 - INFO - [mwd_trend_processor] - [覆盖逻辑] ✓ 应用覆盖: Array_Pixel @ 2026-W06: rate: 0.0107
2026-05-08 14:33:49 - INFO - [mwd_trend_processor] - [覆盖逻辑] ✓ 应用覆盖: Array_Pixel @ 2026-W07: rate: 0.0091
2026-05-08 14:33:49 - INFO - [mwd_trend_processor] - [覆盖逻辑] ✓ 应用覆盖: Array_Pixel @ 2026-W08: rate: 0.0183
2026-05-08 14:33:49 - INFO - [mwd_trend_processor] - [覆盖逻辑] ✓ 应用覆盖: Array_Pixel @ 2026-W09: rate: 0.009
2026-05-08 14:33:49 - INFO - [mwd_trend_processor] - [覆盖逻辑] ✓ 应用覆盖: Array_Pixel @ 2026-W10: rate: 0.0089
2026-05-08 14:33:49 - INFO - [mwd_trend_processor] - [覆盖逻辑] ✓ 应用覆盖: Array_Pixel @ 2026-W11: rate: 0.0094
2026-05-08 14:33:49 - INFO - [mwd_trend_processor] - [覆盖逻辑] ✓ 应用覆盖: Array_Pixel @ 2026-W12: rate: 0.0089
2026-05-08 14:33:49 - INFO - [mwd_trend_processor] - [覆盖逻辑] ✓ 应用覆盖: Array_Pixel @ 2026-W13: rate: 0.0091
2026-05-08 14:33:49 - INFO - [mwd_trend_processor] - [覆盖逻辑] ✓ 应用覆盖: Array_Pixel @ 2026-W14: rate: 0.0092
2026-05-08 14:33:49 - INFO - [mwd_trend_processor] - [覆盖逻辑] ✓ 应用覆盖: Array_Pixel @ 2026-W15: rate: 0.0092
2026-05-08 14:33:49 - INFO - [mwd_trend_processor] - [覆盖逻辑] ✓ 应用覆盖: Array_Pixel @ 2026-W16: rate: 0.0093
2026-05-08 14:33:49 - INFO - [mwd_trend_processor] - [覆盖逻辑] ✓ 应用覆盖: OLED_Mura @ 2026-W06: rate: 0.0027
2026-05-08 14:33:49 - INFO - [mwd_trend_processor] - [覆盖逻辑] ✓ 应用覆盖: OLED_Mura @ 2026-W07: rate: 0.0023
2026-05-08 14:33:49 - INFO - [mwd_trend_processor] - [覆盖逻辑] ✓ 应用覆盖: OLED_Mura @ 2026-W08: rate: 0.0037
2026-05-08 14:33:49 - INFO - [mwd_trend_processor] - [覆盖逻辑] ✓ 应用覆盖: OLED_Mura @ 2026-W09: rate: 0.0019
2026-05-08 14:33:49 - INFO - [mwd_trend_processor] - [覆盖逻辑] ✓ 应用覆盖: OLED_Mura @ 2026-W10: rate: 0.0018
2026-05-08 14:33:49 - INFO - [mwd_trend_processor] - [覆盖逻辑] ✓ 应用覆盖: OLED_Mura @ 2026-W11: rate: 0.0021
2026-05-08 14:33:49 - INFO - [mwd_trend_processor] - [覆盖逻辑] ✓ 应用覆盖: OLED_Mura @ 2026-W12: rate: 0.002
2026-05-08 14:33:49 - INFO - [mwd_trend_processor] - [覆盖逻辑] ✓ 应用覆盖: OLED_Mura @ 2026-W13: rate: 0.0018
2026-05-08 14:33:49 - INFO - [mwd_trend_processor] - [覆盖逻辑] ✓ 应用覆盖: OLED_Mura @ 2026-W15: rate: 0.0018
2026-05-08 14:33:49 - INFO - [mwd_trend_processor] - 检测到人工覆盖指令，仅对以下目标启动重塑: ['Array_Line', 'Array_Pixel', 'OLED_Mura']
2026-05-08 14:33:49 - INFO - [mwd_trend_processor] - [覆盖逻辑] 缺陷组 'Array_Mura' 没有覆盖配置
2026-05-08 14:33:50 - INFO - [mwd_trend_processor] - Code级趋势分析 (模式: 大一统混合流水线 Unified Hybrid Pipeline)...
2026-05-08 14:33:50 - INFO - [mwd_trend_processor] - [Code Raw Data] 目标截止日期: 2026-05-08, 数据实际最大日期: 2026-05-08
2026-05-08 14:33:51 - INFO - [mwd_trend_processor] - [Baseline Generator] Code 基准已增量补充至: resources\M626\M626_codebaseline.xlsx (共 58 个 Codes)
2026-05-08 14:33:51 - INFO - [trend_regulator] - 启动 Code 级智能趋势调节器 (单一职责：底层向量化区间截断)...
2026-05-08 14:33:51 - INFO - [trend_regulator] - [daily 维度] 向量化截断完成：压制超标 141 处，托底过低 293 处。
2026-05-08 14:33:51 - INFO - [mwd_trend_processor] - 检测到人工覆盖指令，仅对以下目标启动重塑: ['群亮点', '群暗点', '彩斑Mura', '暗点', 'S向亮线', 'S向棱形彩色带状Mura', 'S向单暗线', 'G向单暗线', 'B暗点', '白画面黑斑Mura']
2026-05-08 14:33:51 - INFO - [yield_service] - --- [Cache Miss] 计算 Lot 级良率... ---
2026-05-08 14:33:52 - INFO - [sheet_lot_processor] - 开始Lot级计算 (独立模拟 -> 截断 -> 覆盖 模式)...
2026-05-08 14:33:52 - INFO - [sheet_lot_processor] - 成功聚合了 191 个 Lot 的基础信息 (含 array_input_time)。
2026-05-08 14:33:52 - INFO - [sheet_lot_processor] - 开始进行Lot过货率筛选 (阈值 >= 20.0%)...
2026-05-08 14:33:52 - INFO - [sheet_lot_processor] - 过货率筛选完成：从 191 个Lot中筛选出 153 个。
2026-05-08 14:33:52 - INFO - [sheet_lot_processor] - 开始计算lot_id级原始不良率 (回归原始逻辑)...
2026-05-08 14:33:53 - INFO - [sheet_lot_processor] - 开始执行 lot_id 级不良率模拟调度 (V4.3 - 微观扰动版)...
2026-05-08 14:33:53 - INFO - [sheet_lot_processor] - ✅ [DEBUG] Lot 模拟分配明细已导出至: D:\wzy\Python\vivo-project\logs\sheet_lot_processor-lot_rate.csv
2026-05-08 14:33:53 - INFO - [sheet_lot_processor] - 开始对 Code 级不良率进行精准 Spec 截断处理...
2026-05-08 14:33:53 - INFO - [sheet_lot_processor] - Code 级不良率精准截断/托底处理完成。
2026-05-08 14:33:53 - INFO - [sheet_lot_processor] - --- [COM Loader] 开始加载覆盖数据 (文件: 'M626_override_rates.xlsx') ---
2026-05-08 14:33:53 - INFO - [sheet_lot_processor] - [COM] 正在启动 Excel 应用程序实例...
2026-05-08 14:33:54 - INFO - [sheet_lot_processor] - [COM] 正在打开工作簿: D:\wzy\Python\vivo-project\resources\M626\M626_override_rates.xlsx
2026-05-08 14:33:54 - INFO - [sheet_lot_processor] - [COM] 成功通过 Excel 提取数据，共 19 行。
2026-05-08 14:33:54 - INFO - [sheet_lot_processor] - 开始使用启发式公式计算 Lot 级覆盖不良率...
2026-05-08 14:33:54 - INFO - [sheet_lot_processor] - Lot 级覆盖率计算完成，共计算 5 条记录。
2026-05-08 14:33:54 - INFO - [sheet_lot_processor] - 成功构建了 51 条 Desc -> Group 映射。
2026-05-08 14:33:54 - INFO - [sheet_lot_processor] - 开始使用外部数据覆盖 lot_id 级别的不良率 (严格审查模式)...
2026-05-08 14:33:54 - INFO - [sheet_lot_processor] - 覆盖审计完成: Excel中共配置 5 个ID，成功应用 0 个，拦截防呆 5 个。
2026-05-08 14:33:54 - WARNING - [sheet_lot_processor] - ========== [物理防呆拦截名单] ==========
2026-05-08 14:33:54 - WARNING - [sheet_lot_processor] - 以下 ID 由于在当前数据底座中不存在，已被系统拒绝凭空捏造: ['L3MR5A083', 'L3MR5A0B0', 'L3MR5A0BR', 'L3MR5C030', 'L3MR5C037']
2026-05-08 14:33:54 - WARNING - [sheet_lot_processor] - =======================================
2026-05-08 14:33:54 - INFO - [sheet_lot_processor] - 模拟/覆盖完成，正在重新聚合 lot_id 的 Group 级数据 (含基础信息完整性检查)...
2026-05-08 14:33:54 - INFO - [yield_service] - --- [Cache Miss] 计算 Sheet 级良率... ---
2026-05-08 14:33:55 - INFO - [sheet_lot_processor] - 开始Sheet级计算 (Lot局域分发 -> 覆盖 模式)...
2026-05-08 14:33:55 - INFO - [sheet_lot_processor] - 开始进行sheet过货率筛选 (阈值 >= 0.0%)...
2026-05-08 14:33:55 - INFO - [sheet_lot_processor] - 过货率筛选完成：从 5336 个sheet中筛选出 5336 个。
2026-05-08 14:33:55 - INFO - [sheet_lot_processor] - 开始计算sheet_id级原始不良率 (回归原始逻辑)...
2026-05-08 14:33:56 - INFO - [sheet_lot_processor] - 开始执行 Sheet 级不良发牌调度 (Lot -> Sheet 泊松自然散布 V5.3)...
2026-05-08 14:33:57 - INFO - [sheet_lot_processor] - --- [COM Loader] 开始加载覆盖数据 (文件: 'M626_override_rates.xlsx') ---
2026-05-08 14:33:57 - INFO - [sheet_lot_processor] - [COM] 正在启动 Excel 应用程序实例...
2026-05-08 14:33:57 - INFO - [sheet_lot_processor] - [COM] 正在打开工作簿: D:\wzy\Python\vivo-project\resources\M626\M626_override_rates.xlsx
2026-05-08 14:33:58 - INFO - [sheet_lot_processor] - [COM] 成功通过 Excel 提取数据，共 19 行。
2026-05-08 14:33:58 - INFO - [sheet_lot_processor] - 成功构建了 51 条 Desc -> Group 映射。
2026-05-08 14:33:58 - INFO - [sheet_lot_processor] - 开始使用外部数据覆盖 sheet_id 级别的不良率 (严格审查模式)...
2026-05-08 14:33:58 - WARNING - [sheet_lot_processor] - !!! [追踪] 发现 Excel 指令 ID: L3MR5A0B023
2026-05-08 14:33:58 - WARNING - [sheet_lot_processor] -     - 缺陷描述: 'S向亮线'
2026-05-08 14:33:58 - ERROR - [sheet_lot_processor] -     -> [拦截] 实体 'L3MR5A0B023' 在当前数据底座中物理不存在！拒绝凭空捏造。
2026-05-08 14:33:58 - WARNING - [sheet_lot_processor] - !!! [追踪] 发现 Excel 指令 ID: L3MR5A0B026
2026-05-08 14:33:58 - WARNING - [sheet_lot_processor] -     - 缺陷描述: 'S向亮线'
2026-05-08 14:33:58 - ERROR - [sheet_lot_processor] -     -> [拦截] 实体 'L3MR5A0B026' 在当前数据底座中物理不存在！拒绝凭空捏造。
2026-05-08 14:33:58 - INFO - [sheet_lot_processor] - 覆盖审计完成: Excel中共配置 18 个ID，成功应用 0 个，拦截防呆 18 个。
2026-05-08 14:33:58 - WARNING - [sheet_lot_processor] - ========== [物理防呆拦截名单] ==========
2026-05-08 14:33:58 - WARNING - [sheet_lot_processor] - 以下 ID 由于在当前数据底座中不存在，已被系统拒绝凭空捏造: ['L3MR5A08321', 'L3MR5A08324', 'L3MR5A0B023', 'L3MR5A0B026', 'L3MR5A0B029', 'L3MR5A0BR02', 'L3MR5A0BR05', 'L3MR5A0BR08', 'L3MR5A0BR11', 'L3MR5A0BR14', 'L3MR5A0BR17', 'L3MR5A0BR20', 'L3MR5A0BR23', 'L3MR5A0BR26', 'L3MR5A0BR29', 'L3MR5C03010', 'L3MR5C03013', 'L3MR5C03716']
2026-05-08 14:33:58 - WARNING - [sheet_lot_processor] - =======================================
2026-05-08 14:33:58 - INFO - [sheet_lot_processor] - 模拟/覆盖完成，正在重新聚合 sheet_id 的 Group 级数据 (含基础信息完整性检查)...
2026-05-08 14:33:58 - INFO - [sheet_lot_processor] - Sheet级计算完成。
2026-05-08 14:33:58 - INFO - [mapping_processor] - 开始为Mapping图准备数据 (Rate-Based Mode, 阈值=0)...
2026-05-08 14:33:59 - INFO - [mapping_processor] - 处理批次顺序 (Old->New): ['26/02/16蒸镀批', '26/03/10蒸镀批', '26/03/30蒸镀批', '26/04/07蒸镀批', '26/04/29蒸镀批']
2026-05-08 14:57:30 - INFO - [mapping_processor] - 为批次 26/02/16蒸镀批 (Code: 白画面黑斑Mura) 应用匹配的Mapping热点修饰脚本...
2026-05-08 14:57:30 - INFO - [mapping_processor] - 应用“倍率”模式: 高发区(x0.3), 其他区(x1)
2026-05-08 14:57:30 - INFO - [mapping_processor] - 为批次 26/03/10蒸镀批 (Code: 白画面黑斑Mura) 应用匹配的Mapping热点修饰脚本...
2026-05-08 14:57:30 - INFO - [mapping_processor] - 应用“倍率”模式: 高发区(x0.3), 其他区(x1)
2026-05-08 14:57:30 - INFO - [mapping_processor] - 为批次 26/03/30蒸镀批 (Code: 白画面黑斑Mura) 应用匹配的Mapping热点修饰脚本...
2026-05-08 14:57:30 - INFO - [mapping_processor] - 应用“倍率”模式: 高发区(x0.3), 其他区(x1)
2026-05-08 14:57:30 - INFO - [mapping_processor] - 为批次 26/04/07蒸镀批 (Code: 白画面黑斑Mura) 应用匹配的Mapping热点修饰脚本...
2026-05-08 14:57:30 - INFO - [mapping_processor] - 应用“倍率”模式: 高发区(x0.3), 其他区(x1)
2026-05-08 15:05:02 - INFO - [mapping_processor] - 为批次 26/02/16蒸镀批 (Code: 彩斑Mura) 应用匹配的Mapping热点修饰脚本...
2026-05-08 15:05:02 - INFO - [mapping_processor] - 应用“倍率”模式: 高发区(x0.3), 其他区(x1.5)
2026-05-08 15:05:31 - INFO - [mapping_processor] - 为批次 26/02/16蒸镀批 (Code: S向边缘Mura) 应用匹配的Mapping热点修饰脚本...
2026-05-08 15:05:31 - INFO - [mapping_processor] - 应用“加值”模式: 高发区(+2), 其他区(x0)
2026-05-08 15:05:57 - INFO - [yield_service] - --- [L1 Cache Miss] 加载原始 Panel 数据... ---
2026-05-08 15:05:58 - INFO - [yield_repository] - ⏰ [YieldRepo] 缓存虽未过12h，但缺少目标尾部数据 (缓存最新: 2026-05-07, 请求截止: 2026-05-08)，触发增量拉取！
2026-05-08 15:05:58 - INFO - [yield_repository] - 🔄 [YieldRepo] 执行增量更新 (Safe Overwrite)...
2026-05-08 15:05:58 - INFO - [data_loader] - 开始从数据库提取原始数据 (V3.1)...
2026-05-08 15:05:58 - INFO - [data_loader] - 正在执行SQL查询 (已移除DB端排序)...
2026-05-08 15:06:01 - INFO - [data_loader] - 🛡️ [数据清洗] 已抹除 18 条非目标 Defect 记录 (Target: ['Array_Line', 'Array_Pixel', 'Array_Mura', 'OLED_Mura'])。
2026-05-08 15:06:01 - INFO - [data_loader] - 成功提取并清洗 50 行数据。
2026-05-08 15:06:01 - INFO - [yield_repository] -    >> 合并: 缓存(399000) + 增量(50)
2026-05-08 15:06:02 - INFO - [yield_repository] - 💾 [Repo] 快照已更新 (Rolling Window)。
2026-05-08 15:06:02 - INFO - [yield_repository] - 🛡️ [Repository] 命中缓存后清洗：已抹除 13085 条非目标 Group 记录 (Target: ['Array_Line', 'Array_Pixel', 'Array_Mura', 'OLED_Mura'])。
2026-05-08 15:06:02 - INFO - [yield_service] - [CACHE_DEBUG] get_modified_panel_details 被执行, defect_multipliers={'S向亮线': 0.7, 'G向单亮线': 0.5, 'G向单暗线': 0.8, '暗点': 0.7, '群暗点': 0.8, 'G3亮点': 0.5, '大面积亮点': 0, 'S向ELA Mura': 0, 'G向ELA Mura': 0, '常亮白斑': 0, '白画面黑斑Mura': 3, '孔区跑道Mura': 5, '彩斑Mura': 0.3}
2026-05-08 15:06:02 - INFO - [yield_service] - 应用缺陷衰减...
2026-05-08 15:06:02 - INFO - [defect_modifier] - 开始应用不良倍率调整: {'S向亮线': 0.7, 'G向单亮线': 0.5, 'G向单暗线': 0.8, '暗点': 0.7, '群暗点': 0.8, 'G3亮点': 0.5, '大面积亮点': 0, 'S向ELA Mura': 0, 'G向ELA Mura': 0, '常亮白斑': 0, '白画面黑斑Mura': 3, '孔区跑道Mura': 5, '彩斑Mura': 0.3}
2026-05-08 15:06:02 - INFO - [defect_modifier] - Code 'S向亮线': 不良数从 2309 下调至 1616 (倍率: 0.7)。
2026-05-08 15:06:02 - INFO - [defect_modifier] - Code 'G向单亮线': 不良数从 166 下调至 83 (倍率: 0.5)。
2026-05-08 15:06:02 - INFO - [defect_modifier] - Code 'G向单暗线': 不良数从 1165 下调至 932 (倍率: 0.8)。
2026-05-08 15:06:02 - INFO - [defect_modifier] - Code '暗点': 不良数从 1081 下调至 756 (倍率: 0.7)。
2026-05-08 15:06:02 - INFO - [defect_modifier] - Code '群暗点': 不良数从 2027 下调至 1621 (倍率: 0.8)。
2026-05-08 15:06:02 - INFO - [defect_modifier] - Code 'G3亮点': 不良数从 1120 下调至 560 (倍率: 0.5)。
2026-05-08 15:06:02 - INFO - [defect_modifier] - Code '大面积亮点': 不良数从 123 下调至 0 (倍率: 0)。
2026-05-08 15:06:02 - INFO - [defect_modifier] - Code 'S向ELA Mura': 不良数从 444 下调至 0 (倍率: 0)。
2026-05-08 15:06:02 - INFO - [defect_modifier] - Code 'G向ELA Mura': 不良数从 3236 下调至 0 (倍率: 0)。
2026-05-08 15:06:02 - INFO - [defect_modifier] - Code '常亮白斑': 不良数从 331 下调至 0 (倍率: 0)。
2026-05-08 15:06:02 - INFO - [defect_modifier] - Code '白画面黑斑Mura': 不良数从 175 强行上调至 525 (已生成伪造唯一ID)。
2026-05-08 15:06:02 - INFO - [defect_modifier] - Code '孔区跑道Mura': 不良数从 64 强行上调至 320 (已生成伪造唯一ID)。
2026-05-08 15:06:02 - INFO - [defect_modifier] - Code '彩斑Mura': 不良数从 847 下调至 254 (倍率: 0.3)。
2026-05-08 15:06:02 - INFO - [defect_modifier] - 不良倍率调整完成，数据从 399000 行变为 392579 行。
2026-05-08 15:06:02 - INFO - [mwd_trend_processor] - Code级趋势分析 (模式: 大一统混合流水线 Unified Hybrid Pipeline)...
2026-05-08 15:06:02 - INFO - [mwd_trend_processor] - [Code Raw Data] 目标截止日期: 2026-05-08, 数据实际最大日期: 2026-05-07
2026-05-08 15:06:03 - INFO - [mwd_trend_processor] - [Baseline Generator] Code 基准已增量补充至: resources\M678\M678_codebaseline.xlsx (共 59 个 Codes)
2026-05-08 15:06:03 - INFO - [trend_regulator] - 启动 Code 级智能趋势调节器 (单一职责：底层向量化区间截断)...
2026-05-08 15:06:03 - INFO - [trend_regulator] - [daily 维度] 向量化截断完成：压制超标 124 处，托底过低 97 处。
2026-05-08 15:06:03 - INFO - [mwd_trend_processor] - 检测到人工覆盖指令，仅对以下目标启动重塑: ['彩斑Mura', 'S向边缘Mura', 'S向单暗线', 'S向亮线', 'G3亮点', '群亮点', '白画面黑斑Mura']
2026-05-08 15:06:03 - INFO - [mwd_trend_processor] - Group级趋势分析 (模式: 大一统混合流水线 Unified Hybrid Pipeline)...
2026-05-08 15:06:03 - INFO - [mwd_trend_processor] - [Group Raw Data] 目标截止日期: 2026-05-08, 数据实际最大日期: 2026-05-07
2026-05-08 15:06:03 - INFO - [mwd_trend_processor] - ========== [DEBUG: 数据源时间边界排查] ==========
2026-05-08 15:06:04 - INFO - [mwd_trend_processor] - 提取的数据总行数: 392579
2026-05-08 15:06:04 - INFO - [mwd_trend_processor] - 数据源中【实际存在的最后日期】: 2026-05-07
2026-05-08 15:06:04 - INFO - [mwd_trend_processor] - 最终使用的【截止日期】: 2026-05-08
2026-05-08 15:06:04 - INFO - [mwd_trend_processor] - 数据源中最近的 5 个有效日期: ['2026-04-18', '2026-04-21', '2026-04-26', '2026-04-30', '2026-05-07']
2026-05-08 15:06:04 - INFO - [mwd_trend_processor] - [覆盖逻辑] ✓ 应用覆盖: Array_Line @ 2026-W06: rate: 0.0095
2026-05-08 15:06:04 - INFO - [mwd_trend_processor] - [覆盖逻辑] ✓ 应用覆盖: Array_Line @ 2026-W07: rate: 0.0098
2026-05-08 15:06:04 - INFO - [mwd_trend_processor] - [覆盖逻辑] ✓ 应用覆盖: Array_Line @ 2026-W08: rate: 0.0099
2026-05-08 15:06:04 - INFO - [mwd_trend_processor] - [覆盖逻辑] ✓ 应用覆盖: Array_Line @ 2026-W09: rate: 0.0103
2026-05-08 15:06:04 - INFO - [mwd_trend_processor] - [覆盖逻辑] ✓ 应用覆盖: Array_Line @ 2026-W10: rate: 0.0102
2026-05-08 15:06:04 - INFO - [mwd_trend_processor] - [覆盖逻辑] ✓ 应用覆盖: Array_Line @ 2026-W11: rate: 0.0103
2026-05-08 15:06:04 - INFO - [mwd_trend_processor] - [覆盖逻辑] ✓ 应用覆盖: Array_Line @ 2026-W12: rate: 0.0103
2026-05-08 15:06:04 - INFO - [mwd_trend_processor] - [覆盖逻辑] ✓ 应用覆盖: Array_Line @ 2026-W13: rate: 0.0101
2026-05-08 15:06:04 - INFO - [mwd_trend_processor] - [覆盖逻辑] ✓ 应用覆盖: Array_Line @ 2026-W14: rate: 0.0102
2026-05-08 15:06:04 - INFO - [mwd_trend_processor] - [覆盖逻辑] 缺陷组 'Array_Mura' 没有覆盖配置
2026-05-08 15:06:04 - INFO - [mwd_trend_processor] - [覆盖逻辑] ✓ 应用覆盖: Array_Pixel @ 2026-W06: rate: 0.0089
2026-05-08 15:06:04 - INFO - [mwd_trend_processor] - [覆盖逻辑] ✓ 应用覆盖: Array_Pixel @ 2026-W07: rate: 0.0115
2026-05-08 15:06:04 - INFO - [mwd_trend_processor] - [覆盖逻辑] ✓ 应用覆盖: Array_Pixel @ 2026-W08: rate: 0.0172
2026-05-08 15:06:04 - INFO - [mwd_trend_processor] - [覆盖逻辑] ✓ 应用覆盖: Array_Pixel @ 2026-W09: rate: 0.0084
2026-05-08 15:06:04 - INFO - [mwd_trend_processor] - [覆盖逻辑] ✓ 应用覆盖: Array_Pixel @ 2026-W10: rate: 0.0085
2026-05-08 15:06:04 - INFO - [mwd_trend_processor] - [覆盖逻辑] ✓ 应用覆盖: Array_Pixel @ 2026-W11: rate: 0.0084
2026-05-08 15:06:04 - INFO - [mwd_trend_processor] - [覆盖逻辑] ✓ 应用覆盖: Array_Pixel @ 2026-W12: rate: 0.009
2026-05-08 15:06:04 - INFO - [mwd_trend_processor] - [覆盖逻辑] ✓ 应用覆盖: Array_Pixel @ 2026-W13: rate: 0.0093
2026-05-08 15:06:04 - INFO - [mwd_trend_processor] - [覆盖逻辑] ✓ 应用覆盖: Array_Pixel @ 2026-W14: rate: 0.0091
2026-05-08 15:06:04 - INFO - [mwd_trend_processor] - [覆盖逻辑] ✓ 应用覆盖: OLED_Mura @ 2026-W06: rate: 0.0013
2026-05-08 15:06:04 - INFO - [mwd_trend_processor] - [覆盖逻辑] ✓ 应用覆盖: OLED_Mura @ 2026-W07: rate: 0.0013
2026-05-08 15:06:04 - INFO - [mwd_trend_processor] - [覆盖逻辑] ✓ 应用覆盖: OLED_Mura @ 2026-W08: rate: 0.003
2026-05-08 15:06:04 - INFO - [mwd_trend_processor] - [覆盖逻辑] ✓ 应用覆盖: OLED_Mura @ 2026-W09: rate: 0.001
2026-05-08 15:06:04 - INFO - [mwd_trend_processor] - [覆盖逻辑] ✓ 应用覆盖: OLED_Mura @ 2026-W10: rate: 0.0012
2026-05-08 15:06:04 - INFO - [mwd_trend_processor] - [覆盖逻辑] ✓ 应用覆盖: OLED_Mura @ 2026-W11: rate: 0.0015
2026-05-08 15:06:04 - INFO - [mwd_trend_processor] - [覆盖逻辑] ✓ 应用覆盖: OLED_Mura @ 2026-W12: rate: 0.0015
2026-05-08 15:06:04 - INFO - [mwd_trend_processor] - [覆盖逻辑] ✓ 应用覆盖: OLED_Mura @ 2026-W13: rate: 0.0014
2026-05-08 15:06:04 - INFO - [mwd_trend_processor] - [覆盖逻辑] ✓ 应用覆盖: OLED_Mura @ 2026-W14: rate: 0.0013
2026-05-08 15:06:04 - INFO - [mwd_trend_processor] - 检测到人工覆盖指令，仅对以下目标启动重塑: ['Array_Line', 'Array_Pixel', 'OLED_Mura']
2026-05-08 15:06:04 - INFO - [mwd_trend_processor] - [覆盖逻辑] ✓ 应用覆盖: Array_Line @ 2026-02: rate: 0.0101
2026-05-08 15:06:04 - INFO - [mwd_trend_processor] - [覆盖逻辑] 缺陷组 'Array_Mura' 没有覆盖配置
2026-05-08 15:06:04 - INFO - [mwd_trend_processor] - [覆盖逻辑] ✓ 应用覆盖: Array_Pixel @ 2026-02: rate: 0.0089
2026-05-08 15:06:04 - INFO - [mwd_trend_processor] - [覆盖逻辑] ✓ 应用覆盖: OLED_Mura @ 2026-02: rate: 0.0014
2026-05-08 15:06:05 - INFO - [mwd_trend_processor] - Code级趋势分析 (模式: 大一统混合流水线 Unified Hybrid Pipeline)...
2026-05-08 15:06:05 - INFO - [mwd_trend_processor] - [Code Raw Data] 目标截止日期: 2026-05-08, 数据实际最大日期: 2026-05-07
2026-05-08 15:06:05 - INFO - [mwd_trend_processor] - [Baseline Generator] Code 基准已增量补充至: resources\M678\M678_codebaseline.xlsx (共 59 个 Codes)
2026-05-08 15:06:06 - INFO - [trend_regulator] - 启动 Code 级智能趋势调节器 (单一职责：底层向量化区间截断)...
2026-05-08 15:06:06 - INFO - [trend_regulator] - [daily 维度] 向量化截断完成：压制超标 124 处，托底过低 97 处。
2026-05-08 15:06:06 - INFO - [mwd_trend_processor] - 检测到人工覆盖指令，仅对以下目标启动重塑: ['彩斑Mura', 'S向边缘Mura', 'S向单暗线', 'S向亮线', 'G3亮点', '群亮点', '白画面黑斑Mura']
2026-05-08 15:06:06 - INFO - [yield_service] - --- [Cache Miss] 计算 Lot 级良率... ---
2026-05-08 15:06:06 - INFO - [data_loader] - 开始为 128 个Lot提取阵列投入时间...
2026-05-08 15:06:08 - INFO - [data_loader] - 开始更新 5 个Sheet的自定义阵列投入时间...
2026-05-08 15:06:08 - INFO - [data_loader] - 已为Sheet L3MR58E5C08 创建新的阵列投入时间记录: 20250805
2026-05-08 15:06:08 - INFO - [data_loader] - 已为Sheet L3MR58E5C03 创建新的阵列投入时间记录: 20250805
2026-05-08 15:06:08 - INFO - [data_loader] - 已为Sheet L3MR58E5C10 创建新的阵列投入时间记录: 20250805
2026-05-08 15:06:08 - INFO - [data_loader] - 已为Sheet L3MR58E5C26 创建新的阵列投入时间记录: 20250805
2026-05-08 15:06:08 - INFO - [data_loader] - 已为Sheet L3MR58E5C04 创建新的阵列投入时间记录: 20250805
2026-05-08 15:06:08 - INFO - [data_loader] - 成功提取 3845 条Sheet的阵列投入时间记录。
2026-05-08 15:06:08 - INFO - [sheet_lot_processor] - 开始Lot级计算 (独立模拟 -> 截断 -> 覆盖 模式)...
2026-05-08 15:06:08 - INFO - [sheet_lot_processor] - 成功聚合了 128 个 Lot 的基础信息 (含 array_input_time)。
2026-05-08 15:06:08 - INFO - [sheet_lot_processor] - 开始进行Lot过货率筛选 (阈值 >= 20.0%)...
2026-05-08 15:06:08 - INFO - [sheet_lot_processor] - 过货率筛选完成：从 128 个Lot中筛选出 74 个。
2026-05-08 15:06:08 - INFO - [sheet_lot_processor] - 开始计算lot_id级原始不良率 (回归原始逻辑)...
2026-05-08 15:06:09 - INFO - [sheet_lot_processor] - 开始执行 lot_id 级不良率模拟调度 (V4.3 - 微观扰动版)...
2026-05-08 15:06:09 - INFO - [sheet_lot_processor] - ✅ [DEBUG] Lot 模拟分配明细已导出至: D:\wzy\Python\vivo-project\logs\sheet_lot_processor-lot_rate.csv
2026-05-08 15:06:09 - INFO - [sheet_lot_processor] - 开始对 Code 级不良率进行精准 Spec 截断处理...
2026-05-08 15:06:09 - INFO - [sheet_lot_processor] - Code 级不良率精准截断/托底处理完成。
2026-05-08 15:06:09 - INFO - [sheet_lot_processor] - --- [COM Loader] 开始加载覆盖数据 (文件: 'M678_override_rates.xlsx') ---
2026-05-08 15:06:09 - INFO - [sheet_lot_processor] - [COM] 正在启动 Excel 应用程序实例...
2026-05-08 15:06:09 - INFO - [sheet_lot_processor] - [COM] 正在打开工作簿: D:\wzy\Python\vivo-project\resources\M678\M678_override_rates.xlsx
2026-05-08 15:06:10 - INFO - [sheet_lot_processor] - [COM] 成功通过 Excel 提取数据，共 18 行。
2026-05-08 15:06:14 - INFO - [sheet_lot_processor] - 开始使用启发式公式计算 Lot 级覆盖不良率...
2026-05-08 15:06:14 - INFO - [sheet_lot_processor] - Lot 级覆盖率计算完成，共计算 4 条记录。
2026-05-08 15:06:14 - INFO - [sheet_lot_processor] - 成功构建了 52 条 Desc -> Group 映射。
2026-05-08 15:06:14 - INFO - [sheet_lot_processor] - 开始使用外部数据覆盖 lot_id 级别的不良率 (严格审查模式)...
2026-05-08 15:06:14 - INFO - [sheet_lot_processor] - 覆盖审计完成: Excel中共配置 4 个ID，成功应用 0 个，拦截防呆 4 个。
2026-05-08 15:06:14 - WARNING - [sheet_lot_processor] - ========== [物理防呆拦截名单] ==========
2026-05-08 15:06:14 - WARNING - [sheet_lot_processor] - 以下 ID 由于在当前数据底座中不存在，已被系统拒绝凭空捏造: ['L3MR5A083', 'L3MR5A0B0', 'L3MR5A0BR', 'L3MR5C030']
2026-05-08 15:06:14 - WARNING - [sheet_lot_processor] - =======================================
2026-05-08 15:06:14 - INFO - [sheet_lot_processor] - 模拟/覆盖完成，正在重新聚合 lot_id 的 Group 级数据 (含基础信息完整性检查)...
2026-05-08 15:06:14 - INFO - [yield_service] - --- [Cache Miss] 计算 Sheet 级良率... ---
2026-05-08 15:06:14 - INFO - [sheet_lot_processor] - 开始Sheet级计算 (Lot局域分发 -> 覆盖 模式)...
2026-05-08 15:06:14 - INFO - [sheet_lot_processor] - 开始进行sheet过货率筛选 (阈值 >= 0.0%)...
2026-05-08 15:06:14 - INFO - [sheet_lot_processor] - 过货率筛选完成：从 3096 个sheet中筛选出 3096 个。
2026-05-08 15:06:14 - INFO - [sheet_lot_processor] - 开始计算sheet_id级原始不良率 (回归原始逻辑)...
2026-05-08 15:06:15 - WARNING - [sheet_lot_processor] - 🔍 [追踪验证] 基础花名册中 'L3MR5C037' 共有 3 张物理 Sheet: ['L3MR5C03706', 'L3MR5C03712', 'L3MR5C03728']
2026-05-08 15:06:15 - WARNING - [sheet_lot_processor] - 🔍 [追踪验证] 经历了左连接后，该 Lot 在原始缺陷表中存活的 Sheet 仅有 2 张: ['L3MR5C03706', 'L3MR5C03712']
2026-05-08 15:06:15 - WARNING - [sheet_lot_processor] - 🔍 [结论推导] 如果运行 V5.1，不良将被全部砸在这 2 张 Sheet 上。
2026-05-08 15:06:15 - INFO - [sheet_lot_processor] - 开始执行 Sheet 级不良发牌调度 (Lot -> Sheet 泊松自然散布 V5.3)...
2026-05-08 15:06:15 - INFO - [sheet_lot_processor] - --- [COM Loader] 开始加载覆盖数据 (文件: 'M678_override_rates.xlsx') ---
2026-05-08 15:06:15 - INFO - [sheet_lot_processor] - [COM] 正在启动 Excel 应用程序实例...
2026-05-08 15:06:16 - INFO - [sheet_lot_processor] - [COM] 正在打开工作簿: D:\wzy\Python\vivo-project\resources\M678\M678_override_rates.xlsx
2026-05-08 15:06:16 - INFO - [sheet_lot_processor] - [COM] 成功通过 Excel 提取数据，共 18 行。
2026-05-08 15:06:16 - INFO - [sheet_lot_processor] - 成功构建了 52 条 Desc -> Group 映射。
2026-05-08 15:06:16 - INFO - [sheet_lot_processor] - 开始使用外部数据覆盖 sheet_id 级别的不良率 (严格审查模式)...
2026-05-08 15:06:16 - WARNING - [sheet_lot_processor] - !!! [追踪] 发现 Excel 指令 ID: L3MR5A0B023
2026-05-08 15:06:16 - WARNING - [sheet_lot_processor] -     - 缺陷描述: 'S向亮线'
2026-05-08 15:06:16 - ERROR - [sheet_lot_processor] -     -> [拦截] 实体 'L3MR5A0B023' 在当前数据底座中物理不存在！拒绝凭空捏造。
2026-05-08 15:06:16 - WARNING - [sheet_lot_processor] - !!! [追踪] 发现 Excel 指令 ID: L3MR5A0B026
2026-05-08 15:06:16 - WARNING - [sheet_lot_processor] -     - 缺陷描述: 'S向亮线'
2026-05-08 15:06:16 - ERROR - [sheet_lot_processor] -     -> [拦截] 实体 'L3MR5A0B026' 在当前数据底座中物理不存在！拒绝凭空捏造。
2026-05-08 15:06:16 - INFO - [sheet_lot_processor] - 覆盖审计完成: Excel中共配置 17 个ID，成功应用 0 个，拦截防呆 17 个。
2026-05-08 15:06:16 - WARNING - [sheet_lot_processor] - ========== [物理防呆拦截名单] ==========
2026-05-08 15:06:16 - WARNING - [sheet_lot_processor] - 以下 ID 由于在当前数据底座中不存在，已被系统拒绝凭空捏造: ['L3MR5A08321', 'L3MR5A08324', 'L3MR5A0B023', 'L3MR5A0B026', 'L3MR5A0B029', 'L3MR5A0BR02', 'L3MR5A0BR05', 'L3MR5A0BR08', 'L3MR5A0BR11', 'L3MR5A0BR14', 'L3MR5A0BR17', 'L3MR5A0BR20', 'L3MR5A0BR23', 'L3MR5A0BR26', 'L3MR5A0BR29', 'L3MR5C03010', 'L3MR5C03013']
2026-05-08 15:06:16 - WARNING - [sheet_lot_processor] - =======================================
2026-05-08 15:06:16 - INFO - [sheet_lot_processor] - 模拟/覆盖完成，正在重新聚合 sheet_id 的 Group 级数据 (含基础信息完整性检查)...
2026-05-08 15:06:16 - INFO - [sheet_lot_processor] - Sheet级计算完成。
2026-05-08 15:06:17 - INFO - [mapping_processor] - 开始为Mapping图准备数据 (Rate-Based Mode, 阈值=0)...
2026-05-08 15:06:17 - INFO - [mapping_processor] - 处理批次顺序 (Old->New): ['26/01/15蒸镀批', '26/01/24蒸镀批', '26/02/16蒸镀批', '26/03/10蒸镀批', '26/03/30蒸镀批']
2026-05-08 15:31:30 - INFO - [yield_service] - --- [L1 Cache Miss] 加载原始 Panel 数据... ---
2026-05-08 15:31:30 - INFO - [yield_repository] - ⏱️ [YieldRepo] 缓存有效 (年龄 4.8h < 8h, 最新数据日期: 2026-05-08 >= 请求截止日期: 2026-05-08)。
2026-05-08 15:31:30 - INFO - [yield_repository] - 🚀 [YieldRepo] 命中有效缓存，跳过数据库查询。
2026-05-08 15:31:31 - INFO - [yield_repository] - 🛡️ [Repository] 命中缓存后清洗：已抹除 17617 条非目标 Group 记录 (Target: ['Array_Line', 'Array_Pixel', 'Array_Mura', 'OLED_Mura'])。
2026-05-08 15:31:32 - INFO - [yield_service] - [CACHE_DEBUG] get_modified_panel_details 被执行, defect_multipliers={'S向亮线': 0.4, 'S向单暗线': 0.6, 'G向单亮线': 0.5, '群暗点': 0.7, 'S向ELA Mura': 0, 'G向ELA Mura': 0, '常亮白斑': 0, '彩斑Mura': 0.3, 'S向边缘Mura': 0.5}
2026-05-08 15:31:32 - INFO - [yield_service] - 应用缺陷衰减...
2026-05-08 15:31:32 - INFO - [defect_modifier] - 开始应用不良倍率调整: {'S向亮线': 0.4, 'S向单暗线': 0.6, 'G向单亮线': 0.5, '群暗点': 0.7, 'S向ELA Mura': 0, 'G向ELA Mura': 0, '常亮白斑': 0, '彩斑Mura': 0.3, 'S向边缘Mura': 0.5}
2026-05-08 15:31:32 - INFO - [defect_modifier] - Code 'S向亮线': 不良数从 4772 下调至 1908 (倍率: 0.4)。
2026-05-08 15:31:32 - INFO - [defect_modifier] - Code 'S向单暗线': 不良数从 2653 下调至 1591 (倍率: 0.6)。
2026-05-08 15:31:32 - INFO - [defect_modifier] - Code 'G向单亮线': 不良数从 704 下调至 352 (倍率: 0.5)。
2026-05-08 15:31:32 - INFO - [defect_modifier] - Code '群暗点': 不良数从 3944 下调至 2760 (倍率: 0.7)。
2026-05-08 15:31:32 - INFO - [defect_modifier] - Code 'S向ELA Mura': 不良数从 14 下调至 0 (倍率: 0)。
2026-05-08 15:31:32 - INFO - [defect_modifier] - Code 'G向ELA Mura': 不良数从 44 下调至 0 (倍率: 0)。
2026-05-08 15:31:32 - INFO - [defect_modifier] - Code '常亮白斑': 不良数从 586 下调至 0 (倍率: 0)。
2026-05-08 15:31:32 - INFO - [defect_modifier] - Code '彩斑Mura': 不良数从 2489 下调至 746 (倍率: 0.3)。
2026-05-08 15:31:32 - INFO - [defect_modifier] - Code 'S向边缘Mura': 不良数从 124 下调至 62 (倍率: 0.5)。
2026-05-08 15:31:32 - INFO - [defect_modifier] - 不良倍率调整完成，数据从 856505 行变为 848594 行。
2026-05-08 15:31:34 - INFO - [mwd_trend_processor] - Code级趋势分析 (模式: 大一统混合流水线 Unified Hybrid Pipeline)...
2026-05-08 15:31:34 - INFO - [mwd_trend_processor] - [Code Raw Data] 目标截止日期: 2026-05-08, 数据实际最大日期: 2026-05-08
2026-05-08 15:31:35 - INFO - [mwd_trend_processor] - [Baseline Generator] Code 基准已增量补充至: resources\M626\M626_codebaseline.xlsx (共 58 个 Codes)
2026-05-08 15:31:35 - INFO - [trend_regulator] - 启动 Code 级智能趋势调节器 (单一职责：底层向量化区间截断)...
2026-05-08 15:31:35 - INFO - [trend_regulator] - [daily 维度] 向量化截断完成：压制超标 141 处，托底过低 293 处。
2026-05-08 15:31:36 - INFO - [mwd_trend_processor] - 检测到人工覆盖指令，仅对以下目标启动重塑: ['群亮点', '群暗点', '彩斑Mura', '暗点', 'S向亮线', 'S向棱形彩色带状Mura', 'S向单暗线', 'G向单暗线', 'B暗点', '白画面黑斑Mura']
2026-05-08 15:31:36 - INFO - [mwd_trend_processor] - Group级趋势分析 (模式: 大一统混合流水线 Unified Hybrid Pipeline)...
2026-05-08 15:31:36 - INFO - [mwd_trend_processor] - [Group Raw Data] 目标截止日期: 2026-05-08, 数据实际最大日期: 2026-05-08
2026-05-08 15:31:36 - INFO - [mwd_trend_processor] - ========== [DEBUG: 数据源时间边界排查] ==========
2026-05-08 15:31:36 - INFO - [mwd_trend_processor] - 提取的数据总行数: 848594
2026-05-08 15:31:36 - INFO - [mwd_trend_processor] - 数据源中【实际存在的最后日期】: 2026-05-08
2026-05-08 15:31:36 - INFO - [mwd_trend_processor] - 最终使用的【截止日期】: 2026-05-08
2026-05-08 15:31:36 - INFO - [mwd_trend_processor] - 数据源中最近的 5 个有效日期: ['2026-05-04', '2026-05-05', '2026-05-06', '2026-05-07', '2026-05-08']
2026-05-08 15:31:38 - INFO - [mwd_trend_processor] - [覆盖逻辑] ✓ 应用覆盖: Array_Line @ 2026-W06: rate: 0.0095
2026-05-08 15:31:38 - INFO - [mwd_trend_processor] - [覆盖逻辑] ✓ 应用覆盖: Array_Line @ 2026-W07: rate: 0.01
2026-05-08 15:31:38 - INFO - [mwd_trend_processor] - [覆盖逻辑] ✓ 应用覆盖: Array_Line @ 2026-W08: rate: 0.0105
2026-05-08 15:31:38 - INFO - [mwd_trend_processor] - [覆盖逻辑] ✓ 应用覆盖: Array_Line @ 2026-W09: rate: 0.011
2026-05-08 15:31:38 - INFO - [mwd_trend_processor] - [覆盖逻辑] ✓ 应用覆盖: Array_Line @ 2026-W10: rate: 0.0107
2026-05-08 15:31:38 - INFO - [mwd_trend_processor] - [覆盖逻辑] ✓ 应用覆盖: Array_Line @ 2026-W11: rate: 0.0102
2026-05-08 15:31:38 - INFO - [mwd_trend_processor] - [覆盖逻辑] ✓ 应用覆盖: Array_Line @ 2026-W12: rate: 0.0102
2026-05-08 15:31:38 - INFO - [mwd_trend_processor] - [覆盖逻辑] ✓ 应用覆盖: Array_Line @ 2026-W13: rate: 0.01
2026-05-08 15:31:38 - INFO - [mwd_trend_processor] - [覆盖逻辑] ✓ 应用覆盖: Array_Line @ 2026-W14: rate: 0.0102
2026-05-08 15:31:38 - INFO - [mwd_trend_processor] - [覆盖逻辑] ✓ 应用覆盖: Array_Line @ 2026-W15: rate: 0.0105
2026-05-08 15:31:38 - INFO - [mwd_trend_processor] - [覆盖逻辑] 缺陷组 'Array_Mura' 没有覆盖配置
2026-05-08 15:31:38 - INFO - [mwd_trend_processor] - [覆盖逻辑] ✓ 应用覆盖: Array_Pixel @ 2026-W06: rate: 0.0107
2026-05-08 15:31:38 - INFO - [mwd_trend_processor] - [覆盖逻辑] ✓ 应用覆盖: Array_Pixel @ 2026-W07: rate: 0.0091
2026-05-08 15:31:38 - INFO - [mwd_trend_processor] - [覆盖逻辑] ✓ 应用覆盖: Array_Pixel @ 2026-W08: rate: 0.0183
2026-05-08 15:31:38 - INFO - [mwd_trend_processor] - [覆盖逻辑] ✓ 应用覆盖: Array_Pixel @ 2026-W09: rate: 0.009
2026-05-08 15:31:38 - INFO - [mwd_trend_processor] - [覆盖逻辑] ✓ 应用覆盖: Array_Pixel @ 2026-W10: rate: 0.0089
2026-05-08 15:31:38 - INFO - [mwd_trend_processor] - [覆盖逻辑] ✓ 应用覆盖: Array_Pixel @ 2026-W11: rate: 0.0094
2026-05-08 15:31:38 - INFO - [mwd_trend_processor] - [覆盖逻辑] ✓ 应用覆盖: Array_Pixel @ 2026-W12: rate: 0.0089
2026-05-08 15:31:38 - INFO - [mwd_trend_processor] - [覆盖逻辑] ✓ 应用覆盖: Array_Pixel @ 2026-W13: rate: 0.0091
2026-05-08 15:31:38 - INFO - [mwd_trend_processor] - [覆盖逻辑] ✓ 应用覆盖: Array_Pixel @ 2026-W14: rate: 0.0092
2026-05-08 15:31:38 - INFO - [mwd_trend_processor] - [覆盖逻辑] ✓ 应用覆盖: Array_Pixel @ 2026-W15: rate: 0.0092
2026-05-08 15:31:38 - INFO - [mwd_trend_processor] - [覆盖逻辑] ✓ 应用覆盖: Array_Pixel @ 2026-W16: rate: 0.0093
2026-05-08 15:31:38 - INFO - [mwd_trend_processor] - [覆盖逻辑] ✓ 应用覆盖: OLED_Mura @ 2026-W06: rate: 0.0027
2026-05-08 15:31:38 - INFO - [mwd_trend_processor] - [覆盖逻辑] ✓ 应用覆盖: OLED_Mura @ 2026-W07: rate: 0.0023
2026-05-08 15:31:38 - INFO - [mwd_trend_processor] - [覆盖逻辑] ✓ 应用覆盖: OLED_Mura @ 2026-W08: rate: 0.0037
2026-05-08 15:31:38 - INFO - [mwd_trend_processor] - [覆盖逻辑] ✓ 应用覆盖: OLED_Mura @ 2026-W09: rate: 0.0019
2026-05-08 15:31:38 - INFO - [mwd_trend_processor] - [覆盖逻辑] ✓ 应用覆盖: OLED_Mura @ 2026-W10: rate: 0.0018
2026-05-08 15:31:38 - INFO - [mwd_trend_processor] - [覆盖逻辑] ✓ 应用覆盖: OLED_Mura @ 2026-W11: rate: 0.0021
2026-05-08 15:31:38 - INFO - [mwd_trend_processor] - [覆盖逻辑] ✓ 应用覆盖: OLED_Mura @ 2026-W12: rate: 0.002
2026-05-08 15:31:38 - INFO - [mwd_trend_processor] - [覆盖逻辑] ✓ 应用覆盖: OLED_Mura @ 2026-W13: rate: 0.0018
2026-05-08 15:31:38 - INFO - [mwd_trend_processor] - [覆盖逻辑] ✓ 应用覆盖: OLED_Mura @ 2026-W15: rate: 0.0018
2026-05-08 15:31:38 - INFO - [mwd_trend_processor] - 检测到人工覆盖指令，仅对以下目标启动重塑: ['Array_Line', 'Array_Pixel', 'OLED_Mura']
2026-05-08 15:31:38 - INFO - [mwd_trend_processor] - [覆盖逻辑] 缺陷组 'Array_Mura' 没有覆盖配置
2026-05-08 15:31:38 - INFO - [mwd_trend_processor] - Code级趋势分析 (模式: 大一统混合流水线 Unified Hybrid Pipeline)...
2026-05-08 15:31:38 - INFO - [mwd_trend_processor] - [Code Raw Data] 目标截止日期: 2026-05-08, 数据实际最大日期: 2026-05-08
2026-05-08 15:31:39 - INFO - [mwd_trend_processor] - [Baseline Generator] Code 基准已增量补充至: resources\M626\M626_codebaseline.xlsx (共 58 个 Codes)
2026-05-08 15:31:40 - INFO - [trend_regulator] - 启动 Code 级智能趋势调节器 (单一职责：底层向量化区间截断)...
2026-05-08 15:31:40 - INFO - [trend_regulator] - [daily 维度] 向量化截断完成：压制超标 141 处，托底过低 293 处。
2026-05-08 15:31:40 - INFO - [mwd_trend_processor] - 检测到人工覆盖指令，仅对以下目标启动重塑: ['群亮点', '群暗点', '彩斑Mura', '暗点', 'S向亮线', 'S向棱形彩色带状Mura', 'S向单暗线', 'G向单暗线', 'B暗点', '白画面黑斑Mura']
2026-05-08 15:31:40 - INFO - [yield_service] - --- [Cache Miss] 计算 Lot 级良率... ---
2026-05-08 15:31:41 - INFO - [sheet_lot_processor] - 开始Lot级计算 (独立模拟 -> 截断 -> 覆盖 模式)...
2026-05-08 15:31:42 - INFO - [sheet_lot_processor] - 成功聚合了 191 个 Lot 的基础信息 (含 array_input_time)。
2026-05-08 15:31:42 - INFO - [sheet_lot_processor] - 开始进行Lot过货率筛选 (阈值 >= 20.0%)...
2026-05-08 15:31:42 - INFO - [sheet_lot_processor] - 过货率筛选完成：从 191 个Lot中筛选出 153 个。
2026-05-08 15:31:42 - INFO - [sheet_lot_processor] - 开始计算lot_id级原始不良率 (回归原始逻辑)...
2026-05-08 15:31:42 - INFO - [sheet_lot_processor] - 开始执行 lot_id 级不良率模拟调度 (V4.3 - 微观扰动版)...
2026-05-08 15:31:42 - INFO - [sheet_lot_processor] - ✅ [DEBUG] Lot 模拟分配明细已导出至: D:\wzy\Python\vivo-project\logs\sheet_lot_processor-lot_rate.csv
2026-05-08 15:31:42 - INFO - [sheet_lot_processor] - 开始对 Code 级不良率进行精准 Spec 截断处理...
2026-05-08 15:31:42 - INFO - [sheet_lot_processor] - Code 级不良率精准截断/托底处理完成。
2026-05-08 15:31:42 - INFO - [sheet_lot_processor] - --- [COM Loader] 开始加载覆盖数据 (文件: 'M626_override_rates.xlsx') ---
2026-05-08 15:31:42 - INFO - [sheet_lot_processor] - [COM] 正在启动 Excel 应用程序实例...
2026-05-08 15:31:43 - INFO - [sheet_lot_processor] - [COM] 正在打开工作簿: D:\wzy\Python\vivo-project\resources\M626\M626_override_rates.xlsx
2026-05-08 15:31:44 - INFO - [sheet_lot_processor] - [COM] 成功通过 Excel 提取数据，共 19 行。
2026-05-08 15:31:47 - INFO - [sheet_lot_processor] - 开始使用启发式公式计算 Lot 级覆盖不良率...
2026-05-08 15:31:47 - INFO - [sheet_lot_processor] - Lot 级覆盖率计算完成，共计算 5 条记录。
2026-05-08 15:31:47 - INFO - [sheet_lot_processor] - 成功构建了 51 条 Desc -> Group 映射。
2026-05-08 15:31:47 - INFO - [sheet_lot_processor] - 开始使用外部数据覆盖 lot_id 级别的不良率 (严格审查模式)...
2026-05-08 15:31:47 - INFO - [sheet_lot_processor] - 覆盖审计完成: Excel中共配置 5 个ID，成功应用 0 个，拦截防呆 5 个。
2026-05-08 15:31:47 - WARNING - [sheet_lot_processor] - ========== [物理防呆拦截名单] ==========
2026-05-08 15:31:47 - WARNING - [sheet_lot_processor] - 以下 ID 由于在当前数据底座中不存在，已被系统拒绝凭空捏造: ['L3MR5A083', 'L3MR5A0B0', 'L3MR5A0BR', 'L3MR5C030', 'L3MR5C037']
2026-05-08 15:31:47 - WARNING - [sheet_lot_processor] - =======================================
2026-05-08 15:31:47 - INFO - [sheet_lot_processor] - 模拟/覆盖完成，正在重新聚合 lot_id 的 Group 级数据 (含基础信息完整性检查)...
2026-05-08 15:31:48 - INFO - [yield_service] - --- [Cache Miss] 计算 Sheet 级良率... ---
2026-05-08 15:31:48 - INFO - [sheet_lot_processor] - 开始Sheet级计算 (Lot局域分发 -> 覆盖 模式)...
2026-05-08 15:31:48 - INFO - [sheet_lot_processor] - 开始进行sheet过货率筛选 (阈值 >= 0.0%)...
2026-05-08 15:31:48 - INFO - [sheet_lot_processor] - 过货率筛选完成：从 5336 个sheet中筛选出 5336 个。
2026-05-08 15:31:48 - INFO - [sheet_lot_processor] - 开始计算sheet_id级原始不良率 (回归原始逻辑)...
2026-05-08 15:31:49 - INFO - [sheet_lot_processor] - 开始执行 Sheet 级不良发牌调度 (Lot -> Sheet 泊松自然散布 V5.3)...
2026-05-08 15:31:50 - INFO - [sheet_lot_processor] - --- [COM Loader] 开始加载覆盖数据 (文件: 'M626_override_rates.xlsx') ---
2026-05-08 15:31:50 - INFO - [sheet_lot_processor] - [COM] 正在启动 Excel 应用程序实例...
2026-05-08 15:31:50 - INFO - [sheet_lot_processor] - [COM] 正在打开工作簿: D:\wzy\Python\vivo-project\resources\M626\M626_override_rates.xlsx
2026-05-08 15:31:51 - INFO - [sheet_lot_processor] - [COM] 成功通过 Excel 提取数据，共 19 行。
2026-05-08 15:31:51 - INFO - [sheet_lot_processor] - 成功构建了 51 条 Desc -> Group 映射。
2026-05-08 15:31:51 - INFO - [sheet_lot_processor] - 开始使用外部数据覆盖 sheet_id 级别的不良率 (严格审查模式)...
2026-05-08 15:31:51 - WARNING - [sheet_lot_processor] - !!! [追踪] 发现 Excel 指令 ID: L3MR5A0B023
2026-05-08 15:31:51 - WARNING - [sheet_lot_processor] -     - 缺陷描述: 'S向亮线'
2026-05-08 15:31:51 - ERROR - [sheet_lot_processor] -     -> [拦截] 实体 'L3MR5A0B023' 在当前数据底座中物理不存在！拒绝凭空捏造。
2026-05-08 15:31:51 - WARNING - [sheet_lot_processor] - !!! [追踪] 发现 Excel 指令 ID: L3MR5A0B026
2026-05-08 15:31:51 - WARNING - [sheet_lot_processor] -     - 缺陷描述: 'S向亮线'
2026-05-08 15:31:51 - ERROR - [sheet_lot_processor] -     -> [拦截] 实体 'L3MR5A0B026' 在当前数据底座中物理不存在！拒绝凭空捏造。
2026-05-08 15:31:51 - INFO - [sheet_lot_processor] - 覆盖审计完成: Excel中共配置 18 个ID，成功应用 0 个，拦截防呆 18 个。
2026-05-08 15:31:51 - WARNING - [sheet_lot_processor] - ========== [物理防呆拦截名单] ==========
2026-05-08 15:31:51 - WARNING - [sheet_lot_processor] - 以下 ID 由于在当前数据底座中不存在，已被系统拒绝凭空捏造: ['L3MR5A08321', 'L3MR5A08324', 'L3MR5A0B023', 'L3MR5A0B026', 'L3MR5A0B029', 'L3MR5A0BR02', 'L3MR5A0BR05', 'L3MR5A0BR08', 'L3MR5A0BR11', 'L3MR5A0BR14', 'L3MR5A0BR17', 'L3MR5A0BR20', 'L3MR5A0BR23', 'L3MR5A0BR26', 'L3MR5A0BR29', 'L3MR5C03010', 'L3MR5C03013', 'L3MR5C03716']
2026-05-08 15:31:51 - WARNING - [sheet_lot_processor] - =======================================
2026-05-08 15:31:51 - INFO - [sheet_lot_processor] - 模拟/覆盖完成，正在重新聚合 sheet_id 的 Group 级数据 (含基础信息完整性检查)...
2026-05-08 15:31:51 - INFO - [sheet_lot_processor] - Sheet级计算完成。
2026-05-08 15:31:52 - INFO - [mapping_processor] - 开始为Mapping图准备数据 (Rate-Based Mode, 阈值=0)...
2026-05-08 15:31:52 - INFO - [mapping_processor] - 处理批次顺序 (Old->New): ['26/02/16蒸镀批', '26/03/10蒸镀批', '26/03/30蒸镀批', '26/04/07蒸镀批', '26/04/29蒸镀批']
2026-05-08 15:32:02 - INFO - [mapping_processor] - 为批次 26/02/16蒸镀批 (Code: 白画面黑斑Mura) 应用匹配的Mapping热点修饰脚本...
2026-05-08 15:32:02 - INFO - [mapping_processor] - 应用“倍率”模式: 高发区(x0.3), 其他区(x1)
2026-05-08 15:32:02 - INFO - [mapping_processor] - 为批次 26/03/10蒸镀批 (Code: 白画面黑斑Mura) 应用匹配的Mapping热点修饰脚本...
2026-05-08 15:32:02 - INFO - [mapping_processor] - 应用“倍率”模式: 高发区(x0.3), 其他区(x1)
2026-05-08 15:32:02 - INFO - [mapping_processor] - 为批次 26/03/30蒸镀批 (Code: 白画面黑斑Mura) 应用匹配的Mapping热点修饰脚本...
2026-05-08 15:32:02 - INFO - [mapping_processor] - 应用“倍率”模式: 高发区(x0.3), 其他区(x1)
2026-05-08 15:32:02 - INFO - [mapping_processor] - 为批次 26/04/07蒸镀批 (Code: 白画面黑斑Mura) 应用匹配的Mapping热点修饰脚本...
2026-05-08 15:32:02 - INFO - [mapping_processor] - 应用“倍率”模式: 高发区(x0.3), 其他区(x1)
2026-05-08 15:32:21 - INFO - [mapping_processor] - 为批次 26/02/16蒸镀批 (Code: 白画面黑斑Mura) 应用匹配的Mapping热点修饰脚本...
2026-05-08 15:32:21 - INFO - [mapping_processor] - 应用“倍率”模式: 高发区(x0.3), 其他区(x1)
2026-05-08 15:32:21 - INFO - [mapping_processor] - 为批次 26/03/10蒸镀批 (Code: 白画面黑斑Mura) 应用匹配的Mapping热点修饰脚本...
2026-05-08 15:32:21 - INFO - [mapping_processor] - 应用“倍率”模式: 高发区(x0.3), 其他区(x1)
2026-05-08 15:32:21 - INFO - [mapping_processor] - 为批次 26/03/30蒸镀批 (Code: 白画面黑斑Mura) 应用匹配的Mapping热点修饰脚本...
2026-05-08 15:32:21 - INFO - [mapping_processor] - 应用“倍率”模式: 高发区(x0.3), 其他区(x1)
2026-05-08 15:32:21 - INFO - [mapping_processor] - 为批次 26/04/07蒸镀批 (Code: 白画面黑斑Mura) 应用匹配的Mapping热点修饰脚本...
2026-05-08 15:32:21 - INFO - [mapping_processor] - 应用“倍率”模式: 高发区(x0.3), 其他区(x1)
2026-05-08 15:32:28 - INFO - [mapping_processor] - 为批次 26/02/16蒸镀批 (Code: 白画面黑斑Mura) 应用匹配的Mapping热点修饰脚本...
2026-05-08 15:32:28 - INFO - [mapping_processor] - 应用“倍率”模式: 高发区(x0.3), 其他区(x1)
2026-05-08 15:32:28 - INFO - [mapping_processor] - 为批次 26/03/10蒸镀批 (Code: 白画面黑斑Mura) 应用匹配的Mapping热点修饰脚本...
2026-05-08 15:32:28 - INFO - [mapping_processor] - 应用“倍率”模式: 高发区(x0.3), 其他区(x1)
2026-05-08 15:32:28 - INFO - [mapping_processor] - 为批次 26/03/30蒸镀批 (Code: 白画面黑斑Mura) 应用匹配的Mapping热点修饰脚本...
2026-05-08 15:32:28 - INFO - [mapping_processor] - 应用“倍率”模式: 高发区(x0.3), 其他区(x1)
2026-05-08 15:32:28 - INFO - [mapping_processor] - 为批次 26/04/07蒸镀批 (Code: 白画面黑斑Mura) 应用匹配的Mapping热点修饰脚本...
2026-05-08 15:32:28 - INFO - [mapping_processor] - 应用“倍率”模式: 高发区(x0.3), 其他区(x1)
2026-05-08 15:32:35 - INFO - [mapping_processor] - 为批次 26/02/16蒸镀批 (Code: 白画面黑斑Mura) 应用匹配的Mapping热点修饰脚本...
2026-05-08 15:32:35 - INFO - [mapping_processor] - 应用“倍率”模式: 高发区(x0.3), 其他区(x1)
2026-05-08 15:32:35 - INFO - [mapping_processor] - 为批次 26/03/10蒸镀批 (Code: 白画面黑斑Mura) 应用匹配的Mapping热点修饰脚本...
2026-05-08 15:32:35 - INFO - [mapping_processor] - 应用“倍率”模式: 高发区(x0.3), 其他区(x1)
2026-05-08 15:32:35 - INFO - [mapping_processor] - 为批次 26/03/30蒸镀批 (Code: 白画面黑斑Mura) 应用匹配的Mapping热点修饰脚本...
2026-05-08 15:32:35 - INFO - [mapping_processor] - 应用“倍率”模式: 高发区(x0.3), 其他区(x1)
2026-05-08 15:32:35 - INFO - [mapping_processor] - 为批次 26/04/07蒸镀批 (Code: 白画面黑斑Mura) 应用匹配的Mapping热点修饰脚本...
2026-05-08 15:32:35 - INFO - [mapping_processor] - 应用“倍率”模式: 高发区(x0.3), 其他区(x1)
2026-05-08 15:33:01 - INFO - [mapping_processor] - 为批次 26/02/16蒸镀批 (Code: 白画面黑斑Mura) 应用匹配的Mapping热点修饰脚本...
2026-05-08 15:33:01 - INFO - [mapping_processor] - 应用“倍率”模式: 高发区(x0.3), 其他区(x1)
2026-05-08 15:33:01 - INFO - [mapping_processor] - 为批次 26/03/10蒸镀批 (Code: 白画面黑斑Mura) 应用匹配的Mapping热点修饰脚本...
2026-05-08 15:33:01 - INFO - [mapping_processor] - 应用“倍率”模式: 高发区(x0.3), 其他区(x1)
2026-05-08 15:33:01 - INFO - [mapping_processor] - 为批次 26/03/30蒸镀批 (Code: 白画面黑斑Mura) 应用匹配的Mapping热点修饰脚本...
2026-05-08 15:33:01 - INFO - [mapping_processor] - 应用“倍率”模式: 高发区(x0.3), 其他区(x1)
2026-05-08 15:33:01 - INFO - [mapping_processor] - 为批次 26/04/07蒸镀批 (Code: 白画面黑斑Mura) 应用匹配的Mapping热点修饰脚本...
2026-05-08 15:33:01 - INFO - [mapping_processor] - 应用“倍率”模式: 高发区(x0.3), 其他区(x1)
2026-05-08 15:33:47 - INFO - [mapping_processor] - 为批次 26/02/16蒸镀批 (Code: 白画面黑斑Mura) 应用匹配的Mapping热点修饰脚本...
2026-05-08 15:33:47 - INFO - [mapping_processor] - 应用“倍率”模式: 高发区(x0.3), 其他区(x1)
2026-05-08 15:33:47 - INFO - [mapping_processor] - 为批次 26/03/10蒸镀批 (Code: 白画面黑斑Mura) 应用匹配的Mapping热点修饰脚本...
2026-05-08 15:33:47 - INFO - [mapping_processor] - 应用“倍率”模式: 高发区(x0.3), 其他区(x1)
2026-05-08 15:33:47 - INFO - [mapping_processor] - 为批次 26/03/30蒸镀批 (Code: 白画面黑斑Mura) 应用匹配的Mapping热点修饰脚本...
2026-05-08 15:33:47 - INFO - [mapping_processor] - 应用“倍率”模式: 高发区(x0.3), 其他区(x1)
2026-05-08 15:33:47 - INFO - [mapping_processor] - 为批次 26/04/07蒸镀批 (Code: 白画面黑斑Mura) 应用匹配的Mapping热点修饰脚本...
2026-05-08 15:33:47 - INFO - [mapping_processor] - 应用“倍率”模式: 高发区(x0.3), 其他区(x1)
