2026-05-29 06:52:11 - INFO - [excel_tools] - [xlsx_to_csv] 使用 COM (Excel.Application) 读取加密文件 spc_outlier_filters.xlsx 成功, shape=(19, 4)
2026-05-29 06:52:58 - INFO - [excel_tools] - [xlsx_to_csv] 使用 COM (Excel.Application) 读取加密文件 spc_outlier_filters.xlsx 成功, shape=(19, 4)
2026-05-29 06:53:46 - INFO - [excel_tools] - [xlsx_to_csv] 使用 COM (Excel.Application) 读取加密文件 spc_outlier_filters.xlsx 成功, shape=(19, 4)
2026-05-29 09:00:14 - INFO - [config] - 正在构建配置对象 (Product: M626)...
2026-05-29 09:00:14 - INFO - [config] - ✅ 配置加载完成: M626
2026-05-29 09:00:14 - INFO - [db_handler] - 首次创建DatabaseManager实例...
2026-05-29 09:00:14 - INFO - [db_handler] - 正在使用SQLAlchemy尝试连接到 PostgreSQL 数据库...
2026-05-29 09:00:14 - INFO - [db_handler] - 数据库连接成功！ (SQLAlchemy Engine)
2026-05-29 09:15:07 - INFO - [config] - 正在构建配置对象 (Product: Z571)...
2026-05-29 09:15:07 - INFO - [config] - ✅ 配置加载完成: Z571
2026-05-29 09:16:21 - INFO - [config] - 正在构建配置对象 (Product: M626)...
2026-05-29 09:16:21 - INFO - [config] - ✅ 配置加载完成: M626
2026-05-29 09:16:21 - INFO - [db_handler] - 首次创建DatabaseManager实例...
2026-05-29 09:16:21 - INFO - [db_handler] - 正在使用SQLAlchemy尝试连接到 PostgreSQL 数据库...
2026-05-29 09:16:21 - INFO - [db_handler] - 数据库连接成功！ (SQLAlchemy Engine)
2026-05-29 09:16:24 - INFO - [config] - 正在构建配置对象 (Product: Z571)...
2026-05-29 09:16:25 - INFO - [config] - ✅ 配置加载完成: Z571
2026-05-29 09:16:49 - INFO - [config] - 正在构建配置对象 (Product: M626)...
2026-05-29 09:16:49 - INFO - [config] - ✅ 配置加载完成: M626
2026-05-29 09:17:47 - INFO - [excel_tools] - [xlsx_to_csv] 使用 COM (Excel.Application) 读取加密文件 spc_outlier_filters.xlsx 成功, shape=(19, 4)
2026-05-29 09:18:46 - INFO - [excel_tools] - [xlsx_to_csv] 使用 COM (Excel.Application) 读取加密文件 spc_outlier_filters.xlsx 成功, shape=(19, 4)
2026-05-29 09:19:21 - INFO - [excel_tools] - [xlsx_to_csv] 使用 COM (Excel.Application) 读取加密文件 spc_outlier_filters.xlsx 成功, shape=(19, 4)
2026-05-29 09:19:27 - INFO - [config] - 正在构建配置对象 (Product: M626)...
2026-05-29 09:19:27 - INFO - [config] - ✅ 配置加载完成: M626
2026-05-29 09:54:37 - INFO - [db_handler] - 首次创建DatabaseManager实例...
2026-05-29 09:54:37 - INFO - [db_handler] - 正在使用SQLAlchemy尝试连接到 PostgreSQL 数据库...
2026-05-29 09:54:37 - INFO - [db_handler] - 数据库连接成功！ (SQLAlchemy Engine)
2026-05-29 09:54:41 - INFO - [excel_tools] - [xlsx_to_csv] 使用 COM (Excel.Application) 读取加密文件 spc_outlier_filters.xlsx 成功, shape=(19, 4)
2026-05-29 09:54:47 - INFO - [excel_tools] - [xlsx_to_csv] 使用 COM (Excel.Application) 读取加密文件 spc_outlier_filters.xlsx 成功, shape=(19, 4)
2026-05-29 09:54:52 - INFO - [excel_tools] - [xlsx_to_csv] 使用 COM (Excel.Application) 读取加密文件 spc_outlier_filters.xlsx 成功, shape=(19, 4)
2026-05-29 09:55:20 - INFO - [excel_tools] - [xlsx_to_csv] 使用 COM (Excel.Application) 读取加密文件 spc_outlier_filters.xlsx 成功, shape=(19, 4)
2026-05-29 09:55:33 - INFO - [excel_tools] - [xlsx_to_csv] 使用 COM (Excel.Application) 读取加密文件 spc_outlier_filters.xlsx 成功, shape=(19, 4)
2026-05-29 09:55:40 - INFO - [excel_tools] - [xlsx_to_csv] 使用 COM (Excel.Application) 读取加密文件 spc_outlier_filters.xlsx 成功, shape=(19, 4)
2026-05-29 09:55:55 - INFO - [excel_tools] - [xlsx_to_csv] 使用 COM (Excel.Application) 读取加密文件 spc_outlier_filters.xlsx 成功, shape=(19, 4)
2026-05-29 09:55:58 - INFO - [excel_tools] - [xlsx_to_csv] 使用 COM (Excel.Application) 读取加密文件 spc_outlier_filters.xlsx 成功, shape=(19, 4)
2026-05-29 09:56:00 - INFO - [excel_tools] - [xlsx_to_csv] 使用 COM (Excel.Application) 读取加密文件 spc_outlier_filters.xlsx 成功, shape=(19, 4)
2026-05-29 09:56:44 - INFO - [excel_tools] - [xlsx_to_csv] 使用 COM (Excel.Application) 读取加密文件 spc_outlier_filters.xlsx 成功, shape=(19, 4)
2026-05-29 09:56:58 - INFO - [excel_tools] - [xlsx_to_csv] 使用 COM (Excel.Application) 读取加密文件 spc_outlier_filters.xlsx 成功, shape=(19, 4)
2026-05-29 09:57:11 - INFO - [excel_tools] - [xlsx_to_csv] 使用 COM (Excel.Application) 读取加密文件 spc_outlier_filters.xlsx 成功, shape=(19, 4)
2026-05-29 09:57:20 - INFO - [config] - 正在构建配置对象 (Product: M626)...
2026-05-29 09:57:21 - INFO - [config] - ✅ 配置加载完成: M626
2026-05-29 09:57:51 - INFO - [excel_tools] - [xlsx_to_csv] 使用 COM (Excel.Application) 读取加密文件 spc_outlier_filters.xlsx 成功, shape=(19, 4)
2026-05-29 09:57:55 - INFO - [excel_tools] - [xlsx_to_csv] 使用 COM (Excel.Application) 读取加密文件 spc_outlier_filters.xlsx 成功, shape=(19, 4)
2026-05-29 09:57:58 - INFO - [excel_tools] - [xlsx_to_csv] 使用 COM (Excel.Application) 读取加密文件 spc_outlier_filters.xlsx 成功, shape=(19, 4)
2026-05-29 09:58:04 - INFO - [db_handler] - 首次创建DatabaseManager实例...
2026-05-29 09:58:04 - INFO - [db_handler] - 正在使用SQLAlchemy尝试连接到 PostgreSQL 数据库...
2026-05-29 09:58:04 - INFO - [db_handler] - 数据库连接成功！ (SQLAlchemy Engine)
2026-05-29 09:58:07 - INFO - [excel_tools] - [xlsx_to_csv] 使用 COM (Excel.Application) 读取加密文件 spc_outlier_filters.xlsx 成功, shape=(19, 4)
2026-05-29 09:58:10 - INFO - [excel_tools] - [xlsx_to_csv] 使用 COM (Excel.Application) 读取加密文件 spc_outlier_filters.xlsx 成功, shape=(19, 4)
2026-05-29 09:58:13 - INFO - [excel_tools] - [xlsx_to_csv] 使用 COM (Excel.Application) 读取加密文件 spc_outlier_filters.xlsx 成功, shape=(19, 4)
2026-05-29 09:59:35 - INFO - [excel_tools] - [xlsx_to_csv] 使用 COM (Excel.Application) 读取加密文件 spc_outlier_filters.xlsx 成功, shape=(19, 4)
2026-05-29 09:59:38 - INFO - [excel_tools] - [xlsx_to_csv] 使用 COM (Excel.Application) 读取加密文件 spc_outlier_filters.xlsx 成功, shape=(19, 4)
2026-05-29 09:59:40 - INFO - [excel_tools] - [xlsx_to_csv] 使用 COM (Excel.Application) 读取加密文件 spc_outlier_filters.xlsx 成功, shape=(19, 4)
2026-05-29 10:04:29 - INFO - [excel_tools] - [xlsx_to_csv] 使用 COM (Excel.Application) 读取加密文件 spc_outlier_filters.xlsx 成功, shape=(19, 4)
2026-05-29 10:04:39 - INFO - [excel_tools] - [xlsx_to_csv] 使用 COM (Excel.Application) 读取加密文件 spc_outlier_filters.xlsx 成功, shape=(19, 4)
2026-05-29 10:04:45 - INFO - [excel_tools] - [xlsx_to_csv] 使用 COM (Excel.Application) 读取加密文件 spc_outlier_filters.xlsx 成功, shape=(19, 4)
2026-05-29 10:42:17 - INFO - [db_handler] - 首次创建DatabaseManager实例...
2026-05-29 10:42:17 - INFO - [db_handler] - 正在使用SQLAlchemy尝试连接到 PostgreSQL 数据库...
2026-05-29 10:42:17 - INFO - [db_handler] - 数据库连接成功！ (SQLAlchemy Engine)
2026-05-29 10:47:09 - INFO - [db_handler] - 首次创建DatabaseManager实例...
2026-05-29 10:47:09 - INFO - [db_handler] - 正在使用SQLAlchemy尝试连接到 PostgreSQL 数据库...
2026-05-29 10:47:09 - INFO - [db_handler] - 数据库连接成功！ (SQLAlchemy Engine)
2026-05-29 10:47:41 - INFO - [db_handler] - 首次创建DatabaseManager实例...
2026-05-29 10:47:41 - INFO - [db_handler] - 正在使用SQLAlchemy尝试连接到 PostgreSQL 数据库...
2026-05-29 10:47:41 - INFO - [db_handler] - 数据库连接成功！ (SQLAlchemy Engine)
2026-05-29 11:09:16 - INFO - [db_handler] - 首次创建DatabaseManager实例...
2026-05-29 11:09:16 - INFO - [db_handler] - 正在使用SQLAlchemy尝试连接到 PostgreSQL 数据库...
2026-05-29 11:09:16 - INFO - [db_handler] - 数据库连接成功！ (SQLAlchemy Engine)
2026-05-29 11:13:01 - INFO - [db_handler] - 首次创建DatabaseManager实例...
2026-05-29 11:13:01 - INFO - [db_handler] - 正在使用SQLAlchemy尝试连接到 PostgreSQL 数据库...
2026-05-29 11:13:01 - INFO - [db_handler] - 数据库连接成功！ (SQLAlchemy Engine)
2026-05-29 11:13:29 - INFO - [db_handler] - 首次创建DatabaseManager实例...
2026-05-29 11:13:29 - INFO - [db_handler] - 正在使用SQLAlchemy尝试连接到 PostgreSQL 数据库...
2026-05-29 11:13:29 - INFO - [db_handler] - 数据库连接成功！ (SQLAlchemy Engine)
2026-05-29 11:28:13 - INFO - [db_handler] - 首次创建DatabaseManager实例...
2026-05-29 11:28:13 - INFO - [db_handler] - 正在使用SQLAlchemy尝试连接到 PostgreSQL 数据库...
2026-05-29 11:28:14 - INFO - [db_handler] - 数据库连接成功！ (SQLAlchemy Engine)
2026-05-29 11:39:06 - INFO - [excel_tools] - [xlsx_to_csv] 使用 COM (Excel.Application) 读取加密文件 spc_outlier_filters.xlsx 成功, shape=(19, 4)
2026-05-29 11:39:16 - INFO - [excel_tools] - [xlsx_to_csv] 使用 COM (Excel.Application) 读取加密文件 spc_outlier_filters.xlsx 成功, shape=(19, 4)
2026-05-29 11:39:25 - INFO - [excel_tools] - [xlsx_to_csv] 使用 COM (Excel.Application) 读取加密文件 spc_outlier_filters.xlsx 成功, shape=(19, 4)
2026-05-29 11:39:28 - INFO - [config] - 正在构建配置对象 (Product: M626)...
2026-05-29 11:39:28 - INFO - [config] - ✅ 配置加载完成: M626
