warning: The `tool.uv.dev-dependencies` field (used in `pyproject.toml`) is deprecated and will be removed in a future release; use `dependency-groups.dev` instead
2026-08-13 17:37:36.967 Uvicorn server started on :::8503
2026-08-13 17:37:37.104 Did not auto detect external IP.
Please go to https://docs.streamlit.io/ for debugging hints.
Exception in callback _ProactorBasePipeTransport._call_connection_lost(None)
handle: <Handle _ProactorBasePipeTransport._call_connection_lost(None)>
Traceback (most recent call last):
  File "D:\Program\Python\Lib\asyncio\events.py", line 84, in _run
    self._context.run(self._callback, *self._args)
  File "D:\Program\Python\Lib\asyncio\proactor_events.py", line 165, in _call_connection_lost
    self._sock.shutdown(socket.SHUT_RDWR)
ConnectionResetError: [WinError 10054] 远程主机强迫关闭了一个现有的连接。
Exception in callback _ProactorBasePipeTransport._call_connection_lost(None)
handle: <Handle _ProactorBasePipeTransport._call_connection_lost(None)>
Traceback (most recent call last):
  File "D:\Program\Python\Lib\asyncio\events.py", line 84, in _run
    self._context.run(self._callback, *self._args)
  File "D:\Program\Python\Lib\asyncio\proactor_events.py", line 165, in _call_connection_lost
    self._sock.shutdown(socket.SHUT_RDWR)
ConnectionResetError: [WinError 10054] 远程主机强迫关闭了一个现有的连接。
